<html>
<body>
<pre>
<h1>µVision Build Log</h1>
<h2>Tool Versions:</h2>
IDE-Version: µVision V5.27.0.0
Copyright (C) 2018 ARM Ltd and ARM Germany GmbH. All rights reserved.
License Information: Andrzej Skoczeñ AGH Flex license: MDK-ARM Professional (mdk_pro) Operation stops: 8 Aug 2026
 
Tool Versions:
Toolchain:       MDK-ARM Professional  Version: 5.27.0.0
Toolchain Path:  C:\Keil_v5\ARM\ARMCC\Bin
C Compiler:      Armcc.exe V5.06 update 6 (build 750)
Assembler:       Armasm.exe V5.06 update 6 (build 750)
Linker/Locator:  ArmLink.exe V5.06 update 6 (build 750)
Library Manager: ArmAr.exe V5.06 update 6 (build 750)
Hex Converter:   FromElf.exe V5.06 update 6 (build 750)
CPU DLL:         SARMCM3.DLL V5.27.0.0
Dialog DLL:      DCM.DLL V1.17.2.0
Target DLL:      UL2CM3.DLL V1.162.7.0
Dialog DLL:      TCM.DLL V1.36.1.0
 
<h2>Project:</h2>
D:\systemy wbudowane\projekt-z-symulacja\uvision\proj.uvprojx
Project File Date:  01/08/2025

<h2>Output:</h2>
*** Using Compiler 'V5.06 update 6 (build 750)', folder: 'C:\Keil_v5\ARM\ARMCC\Bin'
Build target 'Target 1'
compiling main.c...
..\lcd/../global/global.h(11): warning:  #1295-D: Deprecated declaration global_setup - give arg types
  void global_setup();
..\lcd/../global/global.h(20): warning:  #1295-D: Deprecated declaration DEBUG_halt - give arg types
  void DEBUG_halt();
..\lcd/lcd.h(21): warning:  #1295-D: Deprecated declaration LCD_setup - give arg types
  void LCD_setup();
..\lcd/lcd.h(31): warning:  #1295-D: Deprecated declaration OnMockDestroyWindow - give arg types
  void OnMockDestroyWindow();
..\ds18b20/onewire_DS18B20.h(6): warning:  #1295-D: Deprecated declaration onewire_reset - give arg types
  bool onewire_reset();  // true = good
..\ds18b20/onewire_DS18B20.h(10): warning:  #1295-D: Deprecated declaration onewire_read - give arg types
  uint8_t onewire_read();
..\ds18b20/onewire_DS18B20.h(12): warning:  #1295-D: Deprecated declaration onewire_skip - give arg types
  void onewire_skip();
..\ds18b20/onewire_DS18B20.h(14): warning:  #1295-D: Deprecated declaration onewire_setup - give arg types
  void onewire_setup();
..\ds18b20/onewire_DS18B20.h(16): warning:  #1295-D: Deprecated declaration onewire_reset_search - give arg types
  void onewire_reset_search();
..\ds18b20/onewire_DS18B20.h(23): warning:  #1295-D: Deprecated declaration onewire_DS18B20_setup - give arg types
  void onewire_DS18B20_setup();
..\ds18b20/onewire_DS18B20.h(24): warning:  #1295-D: Deprecated declaration onewire_DS18B20_cleanup - give arg types
  void onewire_DS18B20_cleanup();
..\ds18b20/onewire_DS18B20.h(29): warning:  #1295-D: Deprecated declaration onewire_DS18B20_get_bits_resolution - give arg types
  uint8_t onewire_DS18B20_get_bits_resolution();
..\ds18b20/onewire_DS18B20.h(30): warning:  #1295-D: Deprecated declaration onewire_DS18B20_get_precision - give arg types
  uint8_t *onewire_DS18B20_get_precision();
..\ds18b20/onewire_DS18B20.h(31): warning:  #1295-D: Deprecated declaration onewire_DS18B20_get_celsius - give arg types
  float onewire_DS18B20_get_celsius();
..\ds18b20/onewire_DS18B20.h(32): warning:  #1295-D: Deprecated declaration onewire_DS18B20_get_fahrenheit - give arg types
  float onewire_DS18B20_get_fahrenheit();
..\mem/mem.h(8): warning:  #1295-D: Deprecated declaration MEM_setup - give arg types
  void MEM_setup();
..\mem/mem.h(10): warning:  #1295-D: Deprecated declaration MEM_top - give arg types
  const uint8_t *MEM_top();
..\mem/mem.h(12): warning:  #1295-D: Deprecated declaration MEM_pop - give arg types
  void MEM_pop();
..\mem/mem.h(18): warning:  #1295-D: Deprecated declaration MEM_reset - give arg types
  void MEM_reset();
..\mem/mem.h(20): warning:  #1295-D: Deprecated declaration MEM_drop - give arg types
  void MEM_drop();
..\mem/mem.h(22): warning:  #1295-D: Deprecated declaration MEM_print - give arg types
  void MEM_print();
..\mem/mem.h(24): warning:  #1295-D: Deprecated declaration MEM_size - give arg types
  size_t MEM_size();
..\mem/mem.h(26): warning:  #1295-D: Deprecated declaration MEM_idx - give arg types
  size_t MEM_idx();
..\main.c(104): warning:  #167-D: argument of type "uint8_t *" is incompatible with parameter of type "char *__restrict__"
              sprintf(buf, "%6.2f", onewire_DS18B20_get_celsius());
..\main.c(105): warning:  #167-D: argument of type "uint8_t *" is incompatible with parameter of type "const char *"
              LCD_Text(20 * 8, ui_line * 12, buf, LCDWhite);
..\main.c(128): warning:  #177-D: variable "j"  was declared but never referenced
      int j = 0;
..\main.c: 26 warnings, 0 errors
linking...
Program Size: Code=11942 RO-data=2054 RW-data=88 ZI-data=3856  
".\Objects\proj.axf" - 0 Error(s), 26 Warning(s).

<h2>Software Packages used:</h2>

Package Vendor: ARM
                http://www.keil.com/pack/ARM.CMSIS.5.5.1.pack
                ARM.CMSIS.5.5.1
                CMSIS (Cortex Microcontroller Software Interface Standard)
   * Component: CORE Version: 5.2.0

Package Vendor: Keil
                http://www.keil.com/pack/Keil.LPC1700_DFP.2.6.1.pack
                Keil.LPC1700_DFP.2.6.1
                NXP LPC1700 Series Device Support, Drivers and Examples for MCB1700, Open1768 and LPC1788-32
   * Component: LED Version: 1.0.0
   * Component: GPDMA Version: 1.2.0
   * Component: GPIO Version: 1.1.0
   * Component: PIN Version: 1.0.0
   * Component: Startup Version: 1.0.0

Package Vendor: Keil
                http://www.keil.com/pack/Keil.MDK-Middleware.7.8.0.pack
                Keil.MDK-Middleware.7.8.0
                Middleware for Keil MDK-Professional and MDK-Plus
   * Component: LED Version: 1.0.0

<h2>Collection of Component include folders:</h2>
  .\RTE\Device\LPC1768
  .\RTE\_Target_1
  C:\Keil_v5\ARM\PACK\ARM\CMSIS\5.5.1\CMSIS\Core\Include
  C:\Keil_v5\ARM\PACK\Keil\LPC1700_DFP\2.6.1\Device\Include
  C:\Keil_v5\ARM\PACK\Keil\LPC1700_DFP\2.6.1\RTE_Driver
  C:\Keil_v5\ARM\PACK\Keil\MDK-Middleware\7.8.0\Board

<h2>Collection of Component Files used:</h2>

   * Component: ::Board Support:LED:1.0.0 (API)
      Include file:  Board\Board_LED.h

   * Component: ARM::CMSIS:CORE:5.2.0

   * Component: Keil.MCB1700::Board Support:LED:1.0.0
      Source file:   Boards\Keil\MCB1700\Common\LED_MCB1700.c

   * Component: Keil::Device:GPDMA:1.2.0
      Source file:   RTE_Driver\GPDMA_LPC17xx.c
      Include file:  RTE_Driver\GPDMA_LPC17xx.h

   * Component: Keil::Device:GPIO:1.1.0
      Source file:   RTE_Driver\GPIO_LPC17xx.c
      Include file:  RTE_Driver\GPIO_LPC17xx.h

   * Component: Keil::Device:PIN:1.0.0
      Source file:   RTE_Driver\PIN_LPC17xx.c
      Include file:  RTE_Driver\PIN_LPC17xx.h

   * Component: Keil::Device:Startup:1.0.0
      Include file:  Device\Include\LPC17xx.h
      Source file:   Device\Source\system_LPC17xx.c
      Include file:  RTE_Driver\Config\RTE_Device.h
      Source file:   Device\Source\ARM\startup_LPC17xx.s
Build Time Elapsed:  00:00:01
</pre>
</body>
</html>
