<html>
<body>
<pre>
<h1>µVision Build Log</h1>
<h2>Tool Versions:</h2>
IDE-Version: µVision V5.27.0.0
Copyright (C) 2018 ARM Ltd and ARM Germany GmbH. All rights reserved.
License Information: Andrzej Skoczeñ AGH Flex license: MDK-ARM Professional (mdk_pro) Operation stops: 8 Aug 2026
 
Tool Versions:
Toolchain:       MDK-ARM Professional  Version: 5.27.0.0
Toolchain Path:  C:\Keil_v5\ARM\ARMCLANG\Bin
C Compiler:      ArmClang.exe V6.11
Assembler:       Armasm.exe V6.11
Linker/Locator:  ArmLink.exe V6.11
Library Manager: ArmAr.exe V6.11
Hex Converter:   FromElf.exe V6.11
CPU DLL:         SARMCM3.DLL V5.27.0.0
Dialog DLL:      DARMP1.DLL V1.27.0.0
Target DLL:      UL2CM3.DLL V1.162.7.0
Dialog DLL:      TARMP1.DLL V1.26.0.0
 
<h2>Project:</h2>
D:\systemy wbudowane\fram_test_v2\Project2\proj.uvprojx
Project File Date:  01/15/2025

<h2>Output:</h2>
*** Using Compiler 'V6.11', folder: 'C:\Keil_v5\ARM\ARMCLANG\Bin'
Build target 'Target_1'
main.c(8): warning: In file included from...
C:/Keil_v5/ARM/PACK/Keil/LPC1700_DFP/2.6.1/RTE_Driver\GPIO_LPC17xx.h(30): warning: In file included from...
C:/Keil_v5/ARM/PACK/Keil/LPC1700_DFP/2.6.1/Device/Include\LPC17xx.h(200): warning: anonymous structs are a C11 extension [-Wc11-extensions]
    struct {
    ^
C:/Keil_v5/ARM/PACK/Keil/LPC1700_DFP/2.6.1/Device/Include\LPC17xx.h(204): warning: anonymous structs are a C11 extension [-Wc11-extensions]
    struct {
    ^
C:/Keil_v5/ARM/PACK/Keil/LPC1700_DFP/2.6.1/Device/Include\LPC17xx.h(198): warning: anonymous unions are a C11 extension [-Wc11-extensions]
  union {
  ^
C:/Keil_v5/ARM/PACK/Keil/LPC1700_DFP/2.6.1/Device/Include\LPC17xx.h(214): warning: anonymous structs are a C11 extension [-Wc11-extensions]
    struct {
    ^
C:/Keil_v5/ARM/PACK/Keil/LPC1700_DFP/2.6.1/Device/Include\LPC17xx.h(218): warning: anonymous structs are a C11 extension [-Wc11-extensions]
    struct {
    ^
C:/Keil_v5/ARM/PACK/Keil/LPC1700_DFP/2.6.1/Device/Include\LPC17xx.h(212): warning: anonymous unions are a C11 extension [-Wc11-extensions]
  union {
  ^
C:/Keil_v5/ARM/PACK/Keil/LPC1700_DFP/2.6.1/Device/Include\LPC17xx.h(227): warning: anonymous structs are a C11 extension [-Wc11-extensions]
    struct {
    ^
C:/Keil_v5/ARM/PACK/Keil/LPC1700_DFP/2.6.1/Device/Include\LPC17xx.h(231): warning: anonymous structs are a C11 extension [-Wc11-extensions]
    struct {
    ^
C:/Keil_v5/ARM/PACK/Keil/LPC1700_DFP/2.6.1/Device/Include\LPC17xx.h(225): warning: anonymous unions are a C11 extension [-Wc11-extensions]
  union {
  ^
C:/Keil_v5/ARM/PACK/Keil/LPC1700_DFP/2.6.1/Device/Include\LPC17xx.h(240): warning: anonymous structs are a C11 extension [-Wc11-extensions]
    struct {
    ^
C:/Keil_v5/ARM/PACK/Keil/LPC1700_DFP/2.6.1/Device/Include\LPC17xx.h(244): warning: anonymous structs are a C11 extension [-Wc11-extensions]
    struct {
    ^
C:/Keil_v5/ARM/PACK/Keil/LPC1700_DFP/2.6.1/Device/Include\LPC17xx.h(238): warning: anonymous unions are a C11 extension [-Wc11-extensions]
  union {
  ^
C:/Keil_v5/ARM/PACK/Keil/LPC1700_DFP/2.6.1/Device/Include\LPC17xx.h(253): warning: anonymous structs are a C11 extension [-Wc11-extensions]
    struct {
    ^
C:/Keil_v5/ARM/PACK/Keil/LPC1700_DFP/2.6.1/Device/Include\LPC17xx.h(257): warning: anonymous structs are a C11 extension [-Wc11-extensions]
    struct {
    ^
C:/Keil_v5/ARM/PACK/Keil/LPC1700_DFP/2.6.1/Device/Include\LPC17xx.h(251): warning: anonymous unions are a C11 extension [-Wc11-extensions]
  union {
  ^
C:/Keil_v5/ARM/PACK/Keil/LPC1700_DFP/2.6.1/Device/Include\LPC17xx.h(339): warning: anonymous unions are a C11 extension [-Wc11-extensions]
  union {
  ^
C:/Keil_v5/ARM/PACK/Keil/LPC1700_DFP/2.6.1/Device/Include\LPC17xx.h(345): warning: anonymous unions are a C11 extension [-Wc11-extensions]
  union {
  ^
C:/Keil_v5/ARM/PACK/Keil/LPC1700_DFP/2.6.1/Device/Include\LPC17xx.h(349): warning: anonymous unions are a C11 extension [-Wc11-extensions]
  union {
  ^
C:/Keil_v5/ARM/PACK/Keil/LPC1700_DFP/2.6.1/Device/Include\LPC17xx.h(370): warning: anonymous unions are a C11 extension [-Wc11-extensions]
  union {
  ^
C:/Keil_v5/ARM/PACK/Keil/LPC1700_DFP/2.6.1/Device/Include\LPC17xx.h(376): warning: anonymous unions are a C11 extension [-Wc11-extensions]
  union {
  ^
C:/Keil_v5/ARM/PACK/Keil/LPC1700_DFP/2.6.1/Device/Include\LPC17xx.h(380): warning: anonymous unions are a C11 extension [-Wc11-extensions]
  union {
  ^
C:/Keil_v5/ARM/PACK/Keil/LPC1700_DFP/2.6.1/Device/Include\LPC17xx.h(829): warning: anonymous unions are a C11 extension [-Wc11-extensions]
  union {
  ^
C:/Keil_v5/ARM/PACK/Keil/LPC1700_DFP/2.6.1/Device/Include\LPC17xx.h(839): warning: anonymous unions are a C11 extension [-Wc11-extensions]
  union {
  ^
C:/Keil_v5/ARM/PACK/Keil/LPC1700_DFP/2.6.1/Device/Include\LPC17xx.h(843): warning: anonymous unions are a C11 extension [-Wc11-extensions]
  union {
  ^
main.c(14): warning: binary integer literals are a GNU extension [-Wgnu-binary-literal]
    UART->LCR = (UART->LCR & 0xFFFFFF00) | 0b10000111;
                                           ^
main.c(8): warning: In file included from...
C:/Keil_v5/ARM/PACK/Keil/LPC1700_DFP/2.6.1/RTE_Driver\GPIO_LPC17xx.h(30): warning: In file included from...
C:/Keil_v5/ARM/PACK/Keil/LPC1700_DFP/2.6.1/Device/Include\LPC17xx.h(337): warning: padding size of 'LPC_UART_TypeDef' with 3 bytes to alignment boundary [-Wpadded]
typedef struct
        ^
main.c(16): warning: binary integer literals are a GNU extension [-Wgnu-binary-literal]
    UART->LCR = (UART->LCR & 0xFFFFFF00) | 0b00000111;
                                           ^
main.c(11): warning: no previous prototype for function 'UART0_Init' [-Wmissing-prototypes]
void UART0_Init() {
     ^
main.c(18): warning: no previous prototype for function 'UART_Char_Send' [-Wmissing-prototypes]
void UART_Char_Send(uint8_t c) {
     ^
main.c(22): warning: no previous prototype for function 'UART_Send' [-Wmissing-prototypes]
void UART_Send(const uint8_t *str) {
     ^
main.c(26): warning: no previous prototype for function 'global_setup' [-Wmissing-prototypes]
void global_setup() {
     ^
main.c(31): warning: no previous extern declaration for non-static variable 'usTicks' [-Wmissing-variable-declarations]
volatile int usTicks = 0;
             ^
main.c(32): warning: no previous prototype for function 'SysTick_Handler' [-Wmissing-prototypes]
void SysTick_Handler(void) {
     ^
main.c(36): warning: no previous prototype for function 'delay_us' [-Wmissing-prototypes]
void delay_us(int us) {
     ^
main.c(41): warning: no previous prototype for function 'delay_ms' [-Wmissing-prototypes]
void delay_ms(int ms) {
     ^
main.c(45): warning: no previous prototype for function 'DEBUGa' [-Wmissing-prototypes]
void DEBUGa(uint8_t *str) {
     ^
main.c(50): warning: passing 'char [5]' to parameter of type 'uint8_t *' (aka 'unsigned char *') converts between pointers to integer types with different sign [-Wpointer-sign]
        DEBUGa("NULL");
               ^~~~~~
main.c(45): note: passing argument to parameter 'str' here
void DEBUGa(uint8_t *str) {
                     ^
main.c(54): warning: implicitly declaring library function 'snprintf' with type 'int (char *, unsigned int, const char *, ...)' [-Wimplicit-function-declaration]
    snprintf(buf, 24, "%02X:%02X:%02X:%02X:%02X:%02X:%02X:%02X", addr[0], addr[1], addr[2], addr[3], addr[4], addr[5], addr[6],
    ^
main.c(54): note: include the header <stdio.h> or explicitly provide a declaration for 'snprintf'
main.c(54): warning: passing 'uint8_t [24]' to parameter of type 'char *' converts between pointers to integer types with different sign [-Wpointer-sign]
    snprintf(buf, 24, "%02X:%02X:%02X:%02X:%02X:%02X:%02X:%02X", addr[0], addr[1], addr[2], addr[3], addr[4], addr[5], addr[6],
             ^~~
main.c(48): warning: no previous prototype for function 'DEBUGa_addr' [-Wmissing-prototypes]
void DEBUGa_addr(const uint8_t addr[8]) {
     ^
main.c(60): warning: passing 'uint8_t [12]' to parameter of type 'char *' converts between pointers to integer types with different sign [-Wpointer-sign]
    snprintf(buf, 12, "%d", x);
             ^~~
main.c(58): warning: no previous prototype for function 'DEBUGa_int' [-Wmissing-prototypes]
void DEBUGa_int(int x) {
     ^
main.c(65): warning: passing 'uint8_t [24]' to parameter of type 'char *' converts between pointers to integer types with different sign [-Wpointer-sign]
    snprintf(buf, 24, "%f", x);
             ^~~
main.c(63): warning: no previous prototype for function 'DEBUGa_float' [-Wmissing-prototypes]
void DEBUGa_float(double x) {
     ^
main.c(110): warning: '/*' within block comment [-Wcomment]
        /* Enable I2C1 operation 
        ^
main.c(113): warning: '/*' within block comment [-Wcomment]
        /* Transmit data ---------------------------------------------------------- 
        ^
main.c(123): warning: '/*' within block comment [-Wcomment]
        /* Receive data ----------------------------------------------------------
        ^
main.c(68): warning: no previous prototype for function 'DEBUGa_halt' [-Wmissing-prototypes]
void DEBUGa_halt() {
     ^
main.c(68): warning: function 'DEBUGa_halt' could be declared with attribute 'noreturn' [-Wmissing-noreturn]
void DEBUGa_halt() {
                   ^
main.c(153): warning: passing 'char [5]' to parameter of type 'uint8_t *' (aka 'unsigned char *') converts between pointers to integer types with different sign [-Wpointer-sign]
        DEBUGa("Test");
               ^~~~~~
main.c(45): note: passing argument to parameter 'str' here
void DEBUGa(uint8_t *str) {
                     ^
main.c(158): warning: passing 'char [5]' to parameter of type 'uint8_t *' (aka 'unsigned char *') converts between pointers to integer types with different sign [-Wpointer-sign]
        DEBUGa("Test");
               ^~~~~~
main.c(45): note: passing argument to parameter 'str' here
void DEBUGa(uint8_t *str) {
                     ^
main.c(160): warning: no newline at end of file [-Wnewline-eof]
}
 ^
52 warnings generated.
compiling main.c...
linking...
Program Size: Code=4378 RO-data=290 RW-data=8 ZI-data=816  
".\Objects\proj.axf" - 0 Error(s), 52 Warning(s).

<h2>Software Packages used:</h2>

Package Vendor: ARM
                http://www.keil.com/pack/ARM.CMSIS.5.5.1.pack
                ARM.CMSIS.5.5.1
                CMSIS (Cortex Microcontroller Software Interface Standard)
   * Component: I2C Version: 2.3.0
   * Component: Custom Version: 2.3.0
   * Component: CORE Version: 5.2.0

Package Vendor: Keil
                http://www.keil.com/pack/Keil.LPC1700_DFP.2.6.1.pack
                Keil.LPC1700_DFP.2.6.1
                NXP LPC1700 Series Device Support, Drivers and Examples for MCB1700, Open1768 and LPC1788-32
   * Component: LED Version: 1.0.0
   * Component: I2C Version: 2.6.0
   * Component: GPDMA Version: 1.2.0
   * Component: GPIO Version: 1.1.0
   * Component: PIN Version: 1.0.0
   * Component: Startup Version: 1.0.0

Package Vendor: Keil
                http://www.keil.com/pack/Keil.MDK-Middleware.7.8.0.pack
                Keil.MDK-Middleware.7.8.0
                Middleware for Keil MDK-Professional and MDK-Plus
   * Component: LED Version: 1.0.0

<h2>Collection of Component include folders:</h2>
  .\RTE\Device\LPC1768
  .\RTE\_Target_1
  C:\Keil_v5\ARM\PACK\ARM\CMSIS\5.5.1\CMSIS\Core\Include
  C:\Keil_v5\ARM\PACK\ARM\CMSIS\5.5.1\CMSIS\Driver\Include
  C:\Keil_v5\ARM\PACK\Keil\LPC1700_DFP\2.6.1\Device\Include
  C:\Keil_v5\ARM\PACK\Keil\LPC1700_DFP\2.6.1\RTE_Driver
  C:\Keil_v5\ARM\PACK\Keil\MDK-Middleware\7.8.0\Board

<h2>Collection of Component Files used:</h2>

   * Component: ::Board Support:LED:1.0.0 (API)
      Include file:  Board\Board_LED.h

   * Component: ::CMSIS Driver:I2C:2.3.0 (API)
      Include file:  CMSIS\Driver\Include\Driver_I2C.h

   * Component: ARM::CMSIS Driver:I2C:Custom:2.3.0
      Source file:   CMSIS\Driver\DriverTemplates\Driver_I2C.c
      Include file:  CMSIS\Driver\Include\Driver_I2C.h

   * Component: ARM::CMSIS:CORE:5.2.0

   * Component: Keil.MCB1700::Board Support:LED:1.0.0
      Source file:   Boards\Keil\MCB1700\Common\LED_MCB1700.c

   * Component: Keil::CMSIS Driver:I2C:2.6.0
      Source file:   RTE_Driver\I2C_LPC17xx.c

   * Component: Keil::Device:GPDMA:1.2.0
      Include file:  RTE_Driver\GPDMA_LPC17xx.h
      Source file:   RTE_Driver\GPDMA_LPC17xx.c

   * Component: Keil::Device:GPIO:1.1.0
      Source file:   RTE_Driver\GPIO_LPC17xx.c
      Include file:  RTE_Driver\GPIO_LPC17xx.h

   * Component: Keil::Device:PIN:1.0.0
      Include file:  RTE_Driver\PIN_LPC17xx.h
      Source file:   RTE_Driver\PIN_LPC17xx.c

   * Component: Keil::Device:Startup:1.0.0
      Include file:  RTE_Driver\Config\RTE_Device.h
      Source file:   Device\Source\system_LPC17xx.c
      Source file:   Device\Source\ARM\startup_LPC17xx.s
      Include file:  Device\Include\LPC17xx.h
Build Time Elapsed:  00:00:01
</pre>
</body>
</html>
