Component: ARM Compiler 5.06 update 6 (build 750) Tool: armlink [4d35ed]

==============================================================================

Section Cross References

    main.o(i.LCD_Calibrate) refers to open1768_lcd.o(i.lcdWriteIndex) for lcdWriteIndex
    main.o(i.LCD_Calibrate) refers to open1768_lcd.o(i.lcdWriteData) for lcdWriteData
    main.o(i.LCD_Calibrate) refers to main.o(i.LCD_Line_Bresenham) for LCD_Line_Bresenham
    main.o(i.LCD_Calibrate) refers to main.o(i.LCD_Uncal_Touch) for LCD_Uncal_Touch
    main.o(i.LCD_Calibrate) refers to main.o(i.UART_Send) for UART_Send
    main.o(i.LCD_Calibrate) refers to main.o(i.UART_int_Send) for UART_int_Send
    main.o(i.LCD_Char) refers to main.o(i.LCD_Get_Window) for LCD_Get_Window
    main.o(i.LCD_Char) refers to main.o(i._LCD_Char) for _LCD_Char
    main.o(i.LCD_Char) refers to main.o(i.LCD_Set_Window) for LCD_Set_Window
    main.o(i.LCD_Circle_Bresenham) refers to main.o(i.__circleBres___drawCircle) for __circleBres___drawCircle
    main.o(i.LCD_Display_Init) refers to open1768_lcd.o(i.lcdConfiguration) for lcdConfiguration
    main.o(i.LCD_Display_Init) refers to lcd_ili9325_1.o(i.init_ILI9325) for init_ILI9325
    main.o(i.LCD_Display_Init) refers to open1768_lcd.o(i.lcdReadReg) for lcdReadReg
    main.o(i.LCD_Display_Init) refers to open1768_lcd.o(i.lcdWriteReg) for lcdWriteReg
    main.o(i.LCD_Get_Window) refers to open1768_lcd.o(i.lcdReadReg) for lcdReadReg
    main.o(i.LCD_Line_Bresenham) refers to main.o(i.LCD_Pixel) for LCD_Pixel
    main.o(i.LCD_Line_Bresenham_yx) refers to main.o(i.LCD_Line_Bresenham) for LCD_Line_Bresenham
    main.o(i.LCD_Pixel) refers to open1768_lcd.o(i.lcdWriteReg) for lcdWriteReg
    main.o(i.LCD_Set_Window) refers to open1768_lcd.o(i.lcdWriteReg) for lcdWriteReg
    main.o(i.LCD_String) refers to main.o(i.LCD_Get_Window) for LCD_Get_Window
    main.o(i.LCD_String) refers to main.o(i.LCD_Set_Window) for LCD_Set_Window
    main.o(i.LCD_Touch_Init) refers to pin_lpc17xx.o(i.PIN_Configure) for PIN_Configure
    main.o(i.LCD_Touch_Panel_init) refers to tp_open1768.o(i.touchpanelInit) for touchpanelInit
    main.o(i.LCD_Uncal_Touch) refers to tp_open1768.o(i.touchpanelGetXY) for touchpanelGetXY
    main.o(i.SysTick_Handler) refers to led_open1768.o(i.LED_On) for LED_On
    main.o(i.SysTick_Handler) refers to led_open1768.o(i.LED_Off) for LED_Off
    main.o(i.SysTick_Handler) refers to main.o(.data) for msTicks
    main.o(i.UART_Init) refers to pin_lpc17xx.o(i.PIN_Configure) for PIN_Configure
    main.o(i.UART_Send) refers to main.o(i.UART_Char_Send) for UART_Char_Send
    main.o(i.UART_int_Send) refers to _printf_percent.o(.ARM.Collect$$_printf_percent$$00000000) for _printf_percent
    main.o(i.UART_int_Send) refers to _printf_d.o(.ARM.Collect$$_printf_percent$$00000009) for _printf_d
    main.o(i.UART_int_Send) refers to _printf_dec.o(.text) for _printf_int_dec
    main.o(i.UART_int_Send) refers to noretval__2sprintf.o(.text) for __2sprintf
    main.o(i.UART_int_Send) refers to main.o(i.UART_Send) for UART_Send
    main.o(i._LCD_Char) refers to main.o(i.LCD_Set_Window) for LCD_Set_Window
    main.o(i._LCD_Char) refers to open1768_lcd.o(i.lcdSetCursor) for lcdSetCursor
    main.o(i._LCD_Char) refers to asciilib.o(i.GetASCIICode) for GetASCIICode
    main.o(i._LCD_Char) refers to open1768_lcd.o(i.lcdWriteIndex) for lcdWriteIndex
    main.o(i._LCD_Char) refers to open1768_lcd.o(i.lcdWriteData) for lcdWriteData
    main.o(i._LCD_Char2) refers to asciilib.o(i.GetASCIICode) for GetASCIICode
    main.o(i._LCD_Char2) refers to main.o(i.LCD_Pixel) for LCD_Pixel
    main.o(i.__circleBres___drawCircle) refers to main.o(i.LCD_Pixel) for LCD_Pixel
    main.o(i.main) refers to main.o(i.LCD_Touch_Init) for LCD_Touch_Init
    main.o(i.main) refers to main.o(i.LCD_Touch_Panel_init) for LCD_Touch_Panel_init
    main.o(i.main) refers to led_open1768.o(i.LED_Initialize) for LED_Initialize
    main.o(i.main) refers to led_open1768.o(i.LED_Off) for LED_Off
    main.o(i.main) refers to led_open1768.o(i.LED_GetCount) for LED_GetCount
    main.o(i.main) refers to main.o(i.UART_Init) for UART_Init
    main.o(i.main) refers to main.o(i.LCD_Display_Init) for LCD_Display_Init
    main.o(i.main) refers to open1768_lcd.o(i.lcdWriteIndex) for lcdWriteIndex
    main.o(i.main) refers to open1768_lcd.o(i.lcdWriteData) for lcdWriteData
    main.o(i.main) refers to main.o(i.LCD_Line_Bresenham_yx) for LCD_Line_Bresenham_yx
    main.o(i.main) refers to main.o(i.LCD_Circle_Bresenham) for LCD_Circle_Bresenham
    main.o(i.main) refers to main.o(i.LCD_Char) for LCD_Char
    main.o(i.main) refers to main.o(i.LCD_Calibrate) for LCD_Calibrate
    main.o(i.main) refers to tp_open1768.o(i.touchpanelGetXY) for touchpanelGetXY
    main.o(i.main) refers to system_lpc17xx.o(.data) for SystemCoreClock
    open1768_lcd.o(i.lcdRead) refers to open1768_lcd.o(i.wait_delay) for wait_delay
    open1768_lcd.o(i.lcdReadData) refers to open1768_lcd.o(i.wait_delay) for wait_delay
    open1768_lcd.o(i.lcdReadData) refers to open1768_lcd.o(i.lcdRead) for lcdRead
    open1768_lcd.o(i.lcdReadReg) refers to open1768_lcd.o(i.lcdWriteIndex) for lcdWriteIndex
    open1768_lcd.o(i.lcdReadReg) refers to open1768_lcd.o(i.lcdReadData) for lcdReadData
    open1768_lcd.o(i.lcdSetCursor) refers to open1768_lcd.o(i.lcdWriteReg) for lcdWriteReg
    open1768_lcd.o(i.lcdWriteData) refers to open1768_lcd.o(i.lcdSend) for lcdSend
    open1768_lcd.o(i.lcdWriteData) refers to open1768_lcd.o(i.wait_delay) for wait_delay
    open1768_lcd.o(i.lcdWriteIndex) refers to open1768_lcd.o(i.lcdSend) for lcdSend
    open1768_lcd.o(i.lcdWriteIndex) refers to open1768_lcd.o(i.wait_delay) for wait_delay
    open1768_lcd.o(i.lcdWriteReg) refers to open1768_lcd.o(i.lcdWriteIndex) for lcdWriteIndex
    open1768_lcd.o(i.lcdWriteReg) refers to open1768_lcd.o(i.lcdWriteData) for lcdWriteData
    asciilib.o(i.GetASCIICode) refers to rt_memcpy_v6.o(.text) for __aeabi_memcpy
    asciilib.o(i.GetASCIICode) refers to asciilib.o(.constdata) for AsciiLib
    lcd_ili9325_1.o(i.init_ILI9325) refers to open1768_lcd.o(i.lcdWriteReg) for lcdWriteReg
    lcd_ili9325_1.o(i.init_ILI9325) refers to lcd_ili9325_1.o(i.delay_ms) for delay_ms
    tp_open1768.o(i.touchpanelGetXY) refers to tp_open1768.o(i.touchpanelReadX) for touchpanelReadX
    tp_open1768.o(i.touchpanelGetXY) refers to tp_open1768.o(i.touchpanelDelayUS) for touchpanelDelayUS
    tp_open1768.o(i.touchpanelGetXY) refers to tp_open1768.o(i.touchpanelReadY) for touchpanelReadY
    tp_open1768.o(i.touchpanelInit) refers to tp_open1768.o(i.touchpanelDriverDataBusInit) for touchpanelDriverDataBusInit
    tp_open1768.o(i.touchpanelReadAddress) refers to tp_open1768.o(i.touchpanelWriteCmd) for touchpanelWriteCmd
    tp_open1768.o(i.touchpanelReadAddress) refers to tp_open1768.o(i.touchpanelDelayUS) for touchpanelDelayUS
    tp_open1768.o(i.touchpanelReadX) refers to tp_open1768.o(i.touchpanelDelayUS) for touchpanelDelayUS
    tp_open1768.o(i.touchpanelReadX) refers to tp_open1768.o(i.touchpanelWriteCmd) for touchpanelWriteCmd
    tp_open1768.o(i.touchpanelReadX) refers to tp_open1768.o(i.touchpanelReadAddress) for touchpanelReadAddress
    tp_open1768.o(i.touchpanelReadY) refers to tp_open1768.o(i.touchpanelDelayUS) for touchpanelDelayUS
    tp_open1768.o(i.touchpanelReadY) refers to tp_open1768.o(i.touchpanelWriteCmd) for touchpanelWriteCmd
    tp_open1768.o(i.touchpanelReadY) refers to tp_open1768.o(i.touchpanelReadAddress) for touchpanelReadAddress
    led_open1768.o(i.LED_Initialize) refers to gpio_lpc17xx.o(i.GPIO_PortClock) for GPIO_PortClock
    led_open1768.o(i.LED_Initialize) refers to pin_lpc17xx.o(i.PIN_Configure) for PIN_Configure
    led_open1768.o(i.LED_Initialize) refers to gpio_lpc17xx.o(i.GPIO_SetDir) for GPIO_SetDir
    led_open1768.o(i.LED_Initialize) refers to gpio_lpc17xx.o(i.GPIO_PinWrite) for GPIO_PinWrite
    led_open1768.o(i.LED_Initialize) refers to led_open1768.o(.constdata) for LED_PIN
    led_open1768.o(i.LED_Off) refers to gpio_lpc17xx.o(i.GPIO_PinWrite) for GPIO_PinWrite
    led_open1768.o(i.LED_Off) refers to led_open1768.o(.constdata) for LED_PIN
    led_open1768.o(i.LED_On) refers to gpio_lpc17xx.o(i.GPIO_PinWrite) for GPIO_PinWrite
    led_open1768.o(i.LED_On) refers to led_open1768.o(.constdata) for LED_PIN
    led_open1768.o(i.LED_SetOut) refers to led_open1768.o(i.LED_On) for LED_On
    led_open1768.o(i.LED_SetOut) refers to led_open1768.o(i.LED_Off) for LED_Off
    led_open1768.o(i.LED_Uninitialize) refers to pin_lpc17xx.o(i.PIN_Configure) for PIN_Configure
    led_open1768.o(i.LED_Uninitialize) refers to led_open1768.o(.constdata) for LED_PIN
    gpdma_lpc17xx.o(i.Clear_Channel_active_flag) refers to gpdma_lpc17xx.o(.data) for Channel_active
    gpdma_lpc17xx.o(i.DMA_IRQHandler) refers to gpdma_lpc17xx.o(i.Clear_Channel_active_flag) for Clear_Channel_active_flag
    gpdma_lpc17xx.o(i.DMA_IRQHandler) refers to gpdma_lpc17xx.o(.bss) for Channel_info
    gpdma_lpc17xx.o(i.GPDMA_ChannelConfigure) refers to gpdma_lpc17xx.o(i.Set_Channel_active_flag) for Set_Channel_active_flag
    gpdma_lpc17xx.o(i.GPDMA_ChannelConfigure) refers to gpdma_lpc17xx.o(i.Clear_Channel_active_flag) for Clear_Channel_active_flag
    gpdma_lpc17xx.o(i.GPDMA_ChannelConfigure) refers to gpdma_lpc17xx.o(.bss) for Channel_info
    gpdma_lpc17xx.o(i.GPDMA_ChannelDisable) refers to gpdma_lpc17xx.o(i.Clear_Channel_active_flag) for Clear_Channel_active_flag
    gpdma_lpc17xx.o(i.GPDMA_ChannelEnable) refers to gpdma_lpc17xx.o(i.Set_Channel_active_flag) for Set_Channel_active_flag
    gpdma_lpc17xx.o(i.GPDMA_ChannelGetCount) refers to gpdma_lpc17xx.o(.bss) for Channel_info
    gpdma_lpc17xx.o(i.GPDMA_ChannelGetStatus) refers to gpdma_lpc17xx.o(.data) for Channel_active
    gpdma_lpc17xx.o(i.GPDMA_Initialize) refers to gpdma_lpc17xx.o(i.__NVIC_ClearPendingIRQ) for __NVIC_ClearPendingIRQ
    gpdma_lpc17xx.o(i.GPDMA_Initialize) refers to gpdma_lpc17xx.o(.data) for Init_cnt
    gpdma_lpc17xx.o(i.GPDMA_Initialize) refers to gpdma_lpc17xx.o(.bss) for Channel_info
    gpdma_lpc17xx.o(i.GPDMA_Uninitialize) refers to gpdma_lpc17xx.o(i.__NVIC_ClearPendingIRQ) for __NVIC_ClearPendingIRQ
    gpdma_lpc17xx.o(i.GPDMA_Uninitialize) refers to gpdma_lpc17xx.o(.data) for Init_cnt
    gpdma_lpc17xx.o(i.Set_Channel_active_flag) refers to gpdma_lpc17xx.o(.data) for Channel_active
    startup_lpc17xx.o(STACK) refers (Special) to heapauxi.o(.text) for __use_two_region_memory
    startup_lpc17xx.o(HEAP) refers (Special) to heapauxi.o(.text) for __use_two_region_memory
    startup_lpc17xx.o(RESET) refers (Special) to heapauxi.o(.text) for __use_two_region_memory
    startup_lpc17xx.o(RESET) refers to startup_lpc17xx.o(STACK) for __initial_sp
    startup_lpc17xx.o(RESET) refers to startup_lpc17xx.o(.text) for Reset_Handler
    startup_lpc17xx.o(RESET) refers to main.o(i.SysTick_Handler) for SysTick_Handler
    startup_lpc17xx.o(RESET) refers to main.o(i.EINT3_IRQHandler) for EINT3_IRQHandler
    startup_lpc17xx.o(RESET) refers to gpdma_lpc17xx.o(i.DMA_IRQHandler) for DMA_IRQHandler
    startup_lpc17xx.o(.ARM.__at_0x02FC) refers (Special) to heapauxi.o(.text) for __use_two_region_memory
    startup_lpc17xx.o(.text) refers (Special) to heapauxi.o(.text) for __use_two_region_memory
    startup_lpc17xx.o(.text) refers to system_lpc17xx.o(i.SystemInit) for SystemInit
    startup_lpc17xx.o(.text) refers to __main.o(!!!main) for __main
    startup_lpc17xx.o(.text) refers to startup_lpc17xx.o(HEAP) for Heap_Mem
    startup_lpc17xx.o(.text) refers to startup_lpc17xx.o(STACK) for Stack_Mem
    system_lpc17xx.o(i.SystemCoreClockUpdate) refers to lludivv7m.o(.text) for __aeabi_uldivmod
    system_lpc17xx.o(i.SystemCoreClockUpdate) refers to system_lpc17xx.o(.data) for SystemCoreClock
    __2sprintf.o(.text) refers to _printf_char_common.o(.text) for _printf_char_common
    __2sprintf.o(.text) refers to _sputc.o(.text) for _sputc
    noretval__2sprintf.o(.text) refers to _printf_char_common.o(.text) for _printf_char_common
    noretval__2sprintf.o(.text) refers to _sputc.o(.text) for _sputc
    __printf.o(.text) refers to _printf_percent.o(.ARM.Collect$$_printf_percent$$00000000) for _printf_percent
    _printf_dec.o(.text) refers to _printf_intcommon.o(.text) for _printf_int_common
    __printf_flags.o(.text) refers to _printf_percent.o(.ARM.Collect$$_printf_percent$$00000000) for _printf_percent
    __printf_flags.o(.text) refers to __printf_flags.o(.constdata) for .constdata
    __printf_ss.o(.text) refers to _printf_percent.o(.ARM.Collect$$_printf_percent$$00000000) for _printf_percent
    __printf_flags_ss.o(.text) refers to _printf_percent.o(.ARM.Collect$$_printf_percent$$00000000) for _printf_percent
    __printf_flags_ss.o(.text) refers to __printf_flags_ss.o(.constdata) for .constdata
    __printf_wp.o(.text) refers to __printf_wp.o(i._is_digit) for _is_digit
    __printf_wp.o(.text) refers to _printf_percent.o(.ARM.Collect$$_printf_percent$$00000000) for _printf_percent
    __printf_flags_wp.o(.text) refers to __printf_wp.o(i._is_digit) for _is_digit
    __printf_flags_wp.o(.text) refers to _printf_percent.o(.ARM.Collect$$_printf_percent$$00000000) for _printf_percent
    __printf_flags_wp.o(.text) refers to __printf_flags_wp.o(.constdata) for .constdata
    __printf_ss_wp.o(.text) refers to __printf_wp.o(i._is_digit) for _is_digit
    __printf_ss_wp.o(.text) refers to _printf_percent.o(.ARM.Collect$$_printf_percent$$00000000) for _printf_percent
    __printf_flags_ss_wp.o(.text) refers to __printf_wp.o(i._is_digit) for _is_digit
    __printf_flags_ss_wp.o(.text) refers to _printf_percent.o(.ARM.Collect$$_printf_percent$$00000000) for _printf_percent
    __printf_flags_ss_wp.o(.text) refers to __printf_flags_ss_wp.o(.constdata) for .constdata
    _printf_d.o(.ARM.Collect$$_printf_percent$$00000009) refers (Weak) to _printf_dec.o(.text) for _printf_int_dec
    _printf_percent.o(.ARM.Collect$$_printf_percent$$00000000) refers (Special) to _printf_percent_end.o(.ARM.Collect$$_printf_percent$$00000017) for _printf_percent_end
    rt_memcpy_v6.o(.text) refers to rt_memcpy_w.o(.text) for __aeabi_memcpy4
    __main.o(!!!main) refers to __rtentry.o(.ARM.Collect$$rtentry$$00000000) for __rt_entry
    __rtentry.o(.ARM.Collect$$rtentry$$00000000) refers (Special) to __rtentry2.o(.ARM.Collect$$rtentry$$0000000A) for __rt_entry_li
    __rtentry.o(.ARM.Collect$$rtentry$$00000000) refers (Special) to __rtentry2.o(.ARM.Collect$$rtentry$$0000000D) for __rt_entry_main
    __rtentry.o(.ARM.Collect$$rtentry$$00000000) refers (Special) to __rtentry2.o(.ARM.Collect$$rtentry$$0000000C) for __rt_entry_postli_1
    __rtentry.o(.ARM.Collect$$rtentry$$00000000) refers (Special) to __rtentry2.o(.ARM.Collect$$rtentry$$00000009) for __rt_entry_postsh_1
    __rtentry.o(.ARM.Collect$$rtentry$$00000000) refers (Special) to __rtentry2.o(.ARM.Collect$$rtentry$$00000002) for __rt_entry_presh_1
    __rtentry.o(.ARM.Collect$$rtentry$$00000000) refers (Special) to __rtentry4.o(.ARM.Collect$$rtentry$$00000004) for __rt_entry_sh
    aeabi_ldiv0_sigfpe.o(.text) refers to rt_div0.o(.text) for __rt_div0
    _printf_char_common.o(.text) refers to __printf.o(.text) for __printf
    __rtentry2.o(.ARM.Collect$$rtentry$$00000008) refers to boardinit2.o(.text) for _platform_post_stackheap_init
    __rtentry2.o(.ARM.Collect$$rtentry$$0000000A) refers to libinit.o(.ARM.Collect$$libinit$$00000000) for __rt_lib_init
    __rtentry2.o(.ARM.Collect$$rtentry$$0000000B) refers to boardinit3.o(.text) for _platform_post_lib_init
    __rtentry2.o(.ARM.Collect$$rtentry$$0000000D) refers to main.o(i.main) for main
    __rtentry2.o(.ARM.Collect$$rtentry$$0000000D) refers to exit.o(.text) for exit
    __rtentry2.o(.ARM.exidx) refers to __rtentry2.o(.ARM.Collect$$rtentry$$00000001) for .ARM.Collect$$rtentry$$00000001
    __rtentry2.o(.ARM.exidx) refers to __rtentry2.o(.ARM.Collect$$rtentry$$00000008) for .ARM.Collect$$rtentry$$00000008
    __rtentry2.o(.ARM.exidx) refers to __rtentry2.o(.ARM.Collect$$rtentry$$0000000A) for .ARM.Collect$$rtentry$$0000000A
    __rtentry2.o(.ARM.exidx) refers to __rtentry2.o(.ARM.Collect$$rtentry$$0000000B) for .ARM.Collect$$rtentry$$0000000B
    __rtentry2.o(.ARM.exidx) refers to __rtentry2.o(.ARM.Collect$$rtentry$$0000000D) for .ARM.Collect$$rtentry$$0000000D
    __rtentry4.o(.ARM.Collect$$rtentry$$00000004) refers to sys_stackheap_outer.o(.text) for __user_setup_stackheap
    __rtentry4.o(.ARM.exidx) refers to __rtentry4.o(.ARM.Collect$$rtentry$$00000004) for .ARM.Collect$$rtentry$$00000004
    rt_div0.o(.text) refers to defsig_fpe_outer.o(.text) for __rt_SIGFPE
    sys_stackheap_outer.o(.text) refers to libspace.o(.text) for __user_perproc_libspace
    sys_stackheap_outer.o(.text) refers to startup_lpc17xx.o(.text) for __user_initial_stackheap
    exit.o(.text) refers to rtexit.o(.ARM.Collect$$rtexit$$00000000) for __rt_exit
    defsig_fpe_outer.o(.text) refers to defsig_fpe_inner.o(.text) for __rt_SIGFPE_inner
    defsig_fpe_outer.o(.text) refers to defsig_exit.o(.text) for __sig_exit
    defsig_fpe_formal.o(.text) refers to rt_raise.o(.text) for __rt_raise
    libinit.o(.ARM.Collect$$libinit$$00000000) refers (Special) to libinit2.o(.ARM.Collect$$libinit$$0000002E) for __rt_lib_init_alloca_1
    libinit.o(.ARM.Collect$$libinit$$00000000) refers (Special) to libinit2.o(.ARM.Collect$$libinit$$0000002C) for __rt_lib_init_argv_1
    libinit.o(.ARM.Collect$$libinit$$00000000) refers (Special) to libinit2.o(.ARM.Collect$$libinit$$0000001B) for __rt_lib_init_atexit_1
    libinit.o(.ARM.Collect$$libinit$$00000000) refers (Special) to libinit2.o(.ARM.Collect$$libinit$$00000021) for __rt_lib_init_clock_1
    libinit.o(.ARM.Collect$$libinit$$00000000) refers (Special) to libinit2.o(.ARM.Collect$$libinit$$00000032) for __rt_lib_init_cpp_1
    libinit.o(.ARM.Collect$$libinit$$00000000) refers (Special) to libinit2.o(.ARM.Collect$$libinit$$00000030) for __rt_lib_init_exceptions_1
    libinit.o(.ARM.Collect$$libinit$$00000000) refers (Special) to libinit2.o(.ARM.Collect$$libinit$$00000002) for __rt_lib_init_fp_1
    libinit.o(.ARM.Collect$$libinit$$00000000) refers (Special) to libinit2.o(.ARM.Collect$$libinit$$0000001F) for __rt_lib_init_fp_trap_1
    libinit.o(.ARM.Collect$$libinit$$00000000) refers (Special) to libinit2.o(.ARM.Collect$$libinit$$00000023) for __rt_lib_init_getenv_1
    libinit.o(.ARM.Collect$$libinit$$00000000) refers (Special) to libinit2.o(.ARM.Collect$$libinit$$0000000A) for __rt_lib_init_heap_1
    libinit.o(.ARM.Collect$$libinit$$00000000) refers (Special) to libinit2.o(.ARM.Collect$$libinit$$00000011) for __rt_lib_init_lc_collate_1
    libinit.o(.ARM.Collect$$libinit$$00000000) refers (Special) to libinit2.o(.ARM.Collect$$libinit$$00000013) for __rt_lib_init_lc_ctype_1
    libinit.o(.ARM.Collect$$libinit$$00000000) refers (Special) to libinit2.o(.ARM.Collect$$libinit$$00000015) for __rt_lib_init_lc_monetary_1
    libinit.o(.ARM.Collect$$libinit$$00000000) refers (Special) to libinit2.o(.ARM.Collect$$libinit$$00000017) for __rt_lib_init_lc_numeric_1
    libinit.o(.ARM.Collect$$libinit$$00000000) refers (Special) to libinit2.o(.ARM.Collect$$libinit$$00000019) for __rt_lib_init_lc_time_1
    libinit.o(.ARM.Collect$$libinit$$00000000) refers (Special) to libinit2.o(.ARM.Collect$$libinit$$00000004) for __rt_lib_init_preinit_1
    libinit.o(.ARM.Collect$$libinit$$00000000) refers (Special) to libinit2.o(.ARM.Collect$$libinit$$0000000E) for __rt_lib_init_rand_1
    libinit.o(.ARM.Collect$$libinit$$00000000) refers (Special) to libinit2.o(.ARM.Collect$$libinit$$00000033) for __rt_lib_init_return
    libinit.o(.ARM.Collect$$libinit$$00000000) refers (Special) to libinit2.o(.ARM.Collect$$libinit$$0000001D) for __rt_lib_init_signal_1
    libinit.o(.ARM.Collect$$libinit$$00000000) refers (Special) to libinit2.o(.ARM.Collect$$libinit$$00000025) for __rt_lib_init_stdio_1
    libinit.o(.ARM.Collect$$libinit$$00000000) refers (Special) to libinit2.o(.ARM.Collect$$libinit$$0000000C) for __rt_lib_init_user_alloc_1
    libspace.o(.text) refers to libspace.o(.bss) for __libspace_start
    rtexit.o(.ARM.Collect$$rtexit$$00000000) refers (Special) to rtexit2.o(.ARM.Collect$$rtexit$$00000004) for __rt_exit_exit
    rtexit.o(.ARM.Collect$$rtexit$$00000000) refers (Special) to rtexit2.o(.ARM.Collect$$rtexit$$00000003) for __rt_exit_ls
    rtexit.o(.ARM.Collect$$rtexit$$00000000) refers (Special) to rtexit2.o(.ARM.Collect$$rtexit$$00000002) for __rt_exit_prels_1
    rtexit.o(.ARM.exidx) refers (Special) to rtexit2.o(.ARM.Collect$$rtexit$$00000004) for __rt_exit_exit
    rtexit.o(.ARM.exidx) refers (Special) to rtexit2.o(.ARM.Collect$$rtexit$$00000003) for __rt_exit_ls
    rtexit.o(.ARM.exidx) refers (Special) to rtexit2.o(.ARM.Collect$$rtexit$$00000002) for __rt_exit_prels_1
    rtexit.o(.ARM.exidx) refers to rtexit.o(.ARM.Collect$$rtexit$$00000000) for .ARM.Collect$$rtexit$$00000000
    rt_raise.o(.text) refers to __raise.o(.text) for __raise
    rt_raise.o(.text) refers to sys_exit.o(.text) for _sys_exit
    defsig_exit.o(.text) refers to sys_exit.o(.text) for _sys_exit
    defsig_fpe_inner.o(.text) refers to defsig_general.o(.text) for __default_signal_display
    libinit2.o(.ARM.Collect$$libinit$$00000010) refers to libinit2.o(.ARM.Collect$$libinit$$0000000F) for .ARM.Collect$$libinit$$0000000F
    libinit2.o(.ARM.Collect$$libinit$$00000012) refers to libinit2.o(.ARM.Collect$$libinit$$0000000F) for .ARM.Collect$$libinit$$0000000F
    libinit2.o(.ARM.Collect$$libinit$$00000014) refers to libinit2.o(.ARM.Collect$$libinit$$0000000F) for .ARM.Collect$$libinit$$0000000F
    libinit2.o(.ARM.Collect$$libinit$$00000016) refers to libinit2.o(.ARM.Collect$$libinit$$0000000F) for .ARM.Collect$$libinit$$0000000F
    libinit2.o(.ARM.Collect$$libinit$$00000018) refers to libinit2.o(.ARM.Collect$$libinit$$0000000F) for .ARM.Collect$$libinit$$0000000F
    libinit2.o(.ARM.Collect$$libinit$$00000026) refers to argv_veneer.o(.emb_text) for __ARM_argv_veneer
    libinit2.o(.ARM.Collect$$libinit$$00000027) refers to argv_veneer.o(.emb_text) for __ARM_argv_veneer
    sys_exit.o(.text) refers (Special) to use_no_semi.o(.text) for __I$use$semihosting
    sys_exit.o(.text) refers (Special) to indicate_semi.o(.text) for __semihosting_library_function
    rtexit2.o(.ARM.Collect$$rtexit$$00000003) refers to libshutdown.o(.ARM.Collect$$libshutdown$$00000000) for __rt_lib_shutdown
    rtexit2.o(.ARM.Collect$$rtexit$$00000004) refers to sys_exit.o(.text) for _sys_exit
    rtexit2.o(.ARM.exidx) refers to rtexit2.o(.ARM.Collect$$rtexit$$00000001) for .ARM.Collect$$rtexit$$00000001
    rtexit2.o(.ARM.exidx) refers to rtexit2.o(.ARM.Collect$$rtexit$$00000003) for .ARM.Collect$$rtexit$$00000003
    rtexit2.o(.ARM.exidx) refers to rtexit2.o(.ARM.Collect$$rtexit$$00000004) for .ARM.Collect$$rtexit$$00000004
    __raise.o(.text) refers to defsig.o(CL$$defsig) for __default_signal_handler
    defsig_general.o(.text) refers to sys_wrch.o(.text) for _ttywrch
    argv_veneer.o(.emb_text) refers to no_argv.o(.text) for __ARM_get_argv
    sys_wrch.o(.text) refers (Special) to use_no_semi.o(.text) for __I$use$semihosting
    sys_wrch.o(.text) refers (Special) to indicate_semi.o(.text) for __semihosting_library_function
    defsig.o(CL$$defsig) refers to defsig_fpe_inner.o(.text) for __rt_SIGFPE_inner
    defsig.o(CL$$defsig) refers to defsig_rtmem_inner.o(.text) for __rt_SIGRTMEM_inner
    _get_argv_nomalloc.o(.text) refers (Special) to hrguard.o(.text) for __heap_region$guard
    _get_argv_nomalloc.o(.text) refers to defsig_rtmem_outer.o(.text) for __rt_SIGRTMEM
    _get_argv_nomalloc.o(.text) refers to sys_command.o(.text) for _sys_command_string
    libshutdown.o(.ARM.Collect$$libshutdown$$00000000) refers (Special) to libshutdown2.o(.ARM.Collect$$libshutdown$$00000002) for __rt_lib_shutdown_cpp_1
    libshutdown.o(.ARM.Collect$$libshutdown$$00000000) refers (Special) to libshutdown2.o(.ARM.Collect$$libshutdown$$00000007) for __rt_lib_shutdown_fp_trap_1
    libshutdown.o(.ARM.Collect$$libshutdown$$00000000) refers (Special) to libshutdown2.o(.ARM.Collect$$libshutdown$$0000000F) for __rt_lib_shutdown_heap_1
    libshutdown.o(.ARM.Collect$$libshutdown$$00000000) refers (Special) to libshutdown2.o(.ARM.Collect$$libshutdown$$00000010) for __rt_lib_shutdown_return
    libshutdown.o(.ARM.Collect$$libshutdown$$00000000) refers (Special) to libshutdown2.o(.ARM.Collect$$libshutdown$$0000000A) for __rt_lib_shutdown_signal_1
    libshutdown.o(.ARM.Collect$$libshutdown$$00000000) refers (Special) to libshutdown2.o(.ARM.Collect$$libshutdown$$00000004) for __rt_lib_shutdown_stdio_1
    libshutdown.o(.ARM.Collect$$libshutdown$$00000000) refers (Special) to libshutdown2.o(.ARM.Collect$$libshutdown$$0000000C) for __rt_lib_shutdown_user_alloc_1
    sys_command.o(.text) refers (Special) to use_no_semi.o(.text) for __I$use$semihosting
    sys_command.o(.text) refers (Special) to indicate_semi.o(.text) for __semihosting_library_function
    defsig_abrt_inner.o(.text) refers to defsig_general.o(.text) for __default_signal_display
    defsig_rtred_inner.o(.text) refers to defsig_general.o(.text) for __default_signal_display
    defsig_rtmem_inner.o(.text) refers to defsig_general.o(.text) for __default_signal_display
    defsig_rtmem_outer.o(.text) refers to defsig_rtmem_inner.o(.text) for __rt_SIGRTMEM_inner
    defsig_rtmem_outer.o(.text) refers to defsig_exit.o(.text) for __sig_exit
    defsig_rtmem_formal.o(.text) refers to rt_raise.o(.text) for __rt_raise
    defsig_stak_inner.o(.text) refers to defsig_general.o(.text) for __default_signal_display
    defsig_pvfn_inner.o(.text) refers to defsig_general.o(.text) for __default_signal_display
    defsig_cppl_inner.o(.text) refers to defsig_general.o(.text) for __default_signal_display
    defsig_segv_inner.o(.text) refers to defsig_general.o(.text) for __default_signal_display
    defsig_other.o(.text) refers to defsig_general.o(.text) for __default_signal_display


==============================================================================

Removing Unused input sections from the image.

    Removing main.o(.rev16_text), (4 bytes).
    Removing main.o(.revsh_text), (4 bytes).
    Removing main.o(.rrx_text), (6 bytes).
    Removing main.o(i.LCD_String), (48 bytes).
    Removing main.o(i._LCD_Char2), (72 bytes).
    Removing open1768_lcd.o(.rev16_text), (4 bytes).
    Removing open1768_lcd.o(.revsh_text), (4 bytes).
    Removing open1768_lcd.o(.rrx_text), (6 bytes).
    Removing lcd_ili9325_1.o(.rev16_text), (4 bytes).
    Removing lcd_ili9325_1.o(.revsh_text), (4 bytes).
    Removing lcd_ili9325_1.o(.rrx_text), (6 bytes).
    Removing tp_open1768.o(.rev16_text), (4 bytes).
    Removing tp_open1768.o(.revsh_text), (4 bytes).
    Removing tp_open1768.o(.rrx_text), (6 bytes).
    Removing led_open1768.o(.rev16_text), (4 bytes).
    Removing led_open1768.o(.revsh_text), (4 bytes).
    Removing led_open1768.o(.rrx_text), (6 bytes).
    Removing led_open1768.o(i.LED_SetOut), (40 bytes).
    Removing led_open1768.o(i.LED_Uninitialize), (48 bytes).
    Removing gpdma_lpc17xx.o(.rev16_text), (4 bytes).
    Removing gpdma_lpc17xx.o(.revsh_text), (4 bytes).
    Removing gpdma_lpc17xx.o(.rrx_text), (6 bytes).
    Removing gpdma_lpc17xx.o(i.GPDMA_ChannelConfigure), (244 bytes).
    Removing gpdma_lpc17xx.o(i.GPDMA_ChannelDisable), (48 bytes).
    Removing gpdma_lpc17xx.o(i.GPDMA_ChannelEnable), (60 bytes).
    Removing gpdma_lpc17xx.o(i.GPDMA_ChannelGetCount), (48 bytes).
    Removing gpdma_lpc17xx.o(i.GPDMA_ChannelGetStatus), (36 bytes).
    Removing gpdma_lpc17xx.o(i.GPDMA_Initialize), (168 bytes).
    Removing gpdma_lpc17xx.o(i.GPDMA_PeripheralSelect), (68 bytes).
    Removing gpdma_lpc17xx.o(i.GPDMA_Uninitialize), (128 bytes).
    Removing gpdma_lpc17xx.o(i.Set_Channel_active_flag), (56 bytes).
    Removing gpdma_lpc17xx.o(i.__NVIC_ClearPendingIRQ), (28 bytes).
    Removing gpio_lpc17xx.o(.rev16_text), (4 bytes).
    Removing gpio_lpc17xx.o(.revsh_text), (4 bytes).
    Removing gpio_lpc17xx.o(.rrx_text), (6 bytes).
    Removing gpio_lpc17xx.o(i.GPIO_PinRead), (32 bytes).
    Removing gpio_lpc17xx.o(i.GPIO_PortRead), (20 bytes).
    Removing gpio_lpc17xx.o(i.GPIO_PortWrite), (32 bytes).
    Removing pin_lpc17xx.o(.rev16_text), (4 bytes).
    Removing pin_lpc17xx.o(.revsh_text), (4 bytes).
    Removing pin_lpc17xx.o(.rrx_text), (6 bytes).
    Removing pin_lpc17xx.o(i.PIN_ConfigureI2C0Pins), (32 bytes).
    Removing pin_lpc17xx.o(i.PIN_ConfigureTPIU), (40 bytes).
    Removing system_lpc17xx.o(.rev16_text), (4 bytes).
    Removing system_lpc17xx.o(.revsh_text), (4 bytes).
    Removing system_lpc17xx.o(.rrx_text), (6 bytes).
    Removing system_lpc17xx.o(i.SystemCoreClockUpdate), (424 bytes).

47 unused section(s) (total 1798 bytes) removed from the image.

==============================================================================

Image Symbol Table

    Local Symbols

    Symbol Name                              Value     Ov Type        Size  Object(Section)

    RESET                                    0x00000000   Section      204  startup_lpc17xx.o(RESET)
    ../clib/angel/boardlib.s                 0x00000000   Number         0  boardinit1.o ABSOLUTE
    ../clib/angel/boardlib.s                 0x00000000   Number         0  boardinit2.o ABSOLUTE
    ../clib/angel/boardlib.s                 0x00000000   Number         0  boardinit3.o ABSOLUTE
    ../clib/angel/boardlib.s                 0x00000000   Number         0  boardshut.o ABSOLUTE
    ../clib/angel/handlers.s                 0x00000000   Number         0  __scatter_copy.o ABSOLUTE
    ../clib/angel/handlers.s                 0x00000000   Number         0  __scatter_zi.o ABSOLUTE
    ../clib/angel/kernel.s                   0x00000000   Number         0  __rtentry.o ABSOLUTE
    ../clib/angel/kernel.s                   0x00000000   Number         0  rtexit.o ABSOLUTE
    ../clib/angel/kernel.s                   0x00000000   Number         0  rtexit2.o ABSOLUTE
    ../clib/angel/kernel.s                   0x00000000   Number         0  __rtentry2.o ABSOLUTE
    ../clib/angel/kernel.s                   0x00000000   Number         0  __rtentry4.o ABSOLUTE
    ../clib/angel/rt.s                       0x00000000   Number         0  aeabi_ldiv0.o ABSOLUTE
    ../clib/angel/rt.s                       0x00000000   Number         0  rt_raise.o ABSOLUTE
    ../clib/angel/rt.s                       0x00000000   Number         0  aeabi_ldiv0_sigfpe.o ABSOLUTE
    ../clib/angel/rt.s                       0x00000000   Number         0  rt_div0.o ABSOLUTE
    ../clib/angel/scatter.s                  0x00000000   Number         0  __scatter.o ABSOLUTE
    ../clib/angel/startup.s                  0x00000000   Number         0  __main.o ABSOLUTE
    ../clib/angel/sys.s                      0x00000000   Number         0  libspace.o ABSOLUTE
    ../clib/angel/sys.s                      0x00000000   Number         0  indicate_semi.o ABSOLUTE
    ../clib/angel/sys.s                      0x00000000   Number         0  use_no_semi.o ABSOLUTE
    ../clib/angel/sys.s                      0x00000000   Number         0  sys_stackheap_outer.o ABSOLUTE
    ../clib/angel/sysapp.c                   0x00000000   Number         0  sys_exit.o ABSOLUTE
    ../clib/angel/sysapp.c                   0x00000000   Number         0  sys_wrch.o ABSOLUTE
    ../clib/angel/sysapp.c                   0x00000000   Number         0  sys_command.o ABSOLUTE
    ../clib/armsys.c                         0x00000000   Number         0  no_argv.o ABSOLUTE
    ../clib/armsys.c                         0x00000000   Number         0  _get_argv_nomalloc.o ABSOLUTE
    ../clib/armsys.c                         0x00000000   Number         0  argv_veneer.o ABSOLUTE
    ../clib/armsys.c                         0x00000000   Number         0  argv_veneer.o ABSOLUTE
    ../clib/heapalloc.c                      0x00000000   Number         0  hrguard.o ABSOLUTE
    ../clib/heapaux.c                        0x00000000   Number         0  heapauxi.o ABSOLUTE
    ../clib/libinit.s                        0x00000000   Number         0  libshutdown.o ABSOLUTE
    ../clib/libinit.s                        0x00000000   Number         0  libshutdown2.o ABSOLUTE
    ../clib/libinit.s                        0x00000000   Number         0  libinit.o ABSOLUTE
    ../clib/libinit.s                        0x00000000   Number         0  libinit2.o ABSOLUTE
    ../clib/longlong.s                       0x00000000   Number         0  lludivv7m.o ABSOLUTE
    ../clib/memcpset.s                       0x00000000   Number         0  rt_memcpy_v6.o ABSOLUTE
    ../clib/memcpset.s                       0x00000000   Number         0  rt_memcpy_w.o ABSOLUTE
    ../clib/printf.c                         0x00000000   Number         0  __printf_wp.o ABSOLUTE
    ../clib/printf.c                         0x00000000   Number         0  __printf_nopercent.o ABSOLUTE
    ../clib/printf.c                         0x00000000   Number         0  __2sprintf.o ABSOLUTE
    ../clib/printf.c                         0x00000000   Number         0  noretval__2sprintf.o ABSOLUTE
    ../clib/printf.c                         0x00000000   Number         0  __printf.o ABSOLUTE
    ../clib/printf.c                         0x00000000   Number         0  _printf_dec.o ABSOLUTE
    ../clib/printf.c                         0x00000000   Number         0  _sputc.o ABSOLUTE
    ../clib/printf.c                         0x00000000   Number         0  __printf_flags.o ABSOLUTE
    ../clib/printf.c                         0x00000000   Number         0  __printf_ss.o ABSOLUTE
    ../clib/printf.c                         0x00000000   Number         0  __printf_flags_wp.o ABSOLUTE
    ../clib/printf.c                         0x00000000   Number         0  __printf_ss_wp.o ABSOLUTE
    ../clib/printf.c                         0x00000000   Number         0  __printf_flags_ss_wp.o ABSOLUTE
    ../clib/printf.c                         0x00000000   Number         0  _printf_char_common.o ABSOLUTE
    ../clib/printf.c                         0x00000000   Number         0  _printf_intcommon.o ABSOLUTE
    ../clib/printf.c                         0x00000000   Number         0  __printf_flags_ss.o ABSOLUTE
    ../clib/printf_percent.s                 0x00000000   Number         0  _printf_percent.o ABSOLUTE
    ../clib/printf_percent.s                 0x00000000   Number         0  _printf_percent_end.o ABSOLUTE
    ../clib/printf_percent.s                 0x00000000   Number         0  _printf_d.o ABSOLUTE
    ../clib/signal.c                         0x00000000   Number         0  defsig_segv_inner.o ABSOLUTE
    ../clib/signal.c                         0x00000000   Number         0  defsig_fpe_formal.o ABSOLUTE
    ../clib/signal.c                         0x00000000   Number         0  defsig_rtmem_formal.o ABSOLUTE
    ../clib/signal.c                         0x00000000   Number         0  defsig_rtmem_inner.o ABSOLUTE
    ../clib/signal.c                         0x00000000   Number         0  __raise.o ABSOLUTE
    ../clib/signal.c                         0x00000000   Number         0  defsig_rtmem_outer.o ABSOLUTE
    ../clib/signal.c                         0x00000000   Number         0  defsig_fpe_outer.o ABSOLUTE
    ../clib/signal.c                         0x00000000   Number         0  defsig_other.o ABSOLUTE
    ../clib/signal.c                         0x00000000   Number         0  defsig_stak_inner.o ABSOLUTE
    ../clib/signal.c                         0x00000000   Number         0  defsig_cppl_inner.o ABSOLUTE
    ../clib/signal.c                         0x00000000   Number         0  defsig_fpe_inner.o ABSOLUTE
    ../clib/signal.c                         0x00000000   Number         0  defsig_general.o ABSOLUTE
    ../clib/signal.c                         0x00000000   Number         0  defsig_exit.o ABSOLUTE
    ../clib/signal.c                         0x00000000   Number         0  defsig_pvfn_inner.o ABSOLUTE
    ../clib/signal.c                         0x00000000   Number         0  defsig_abrt_inner.o ABSOLUTE
    ../clib/signal.c                         0x00000000   Number         0  defsig_rtred_inner.o ABSOLUTE
    ../clib/signal.s                         0x00000000   Number         0  defsig.o ABSOLUTE
    ../clib/stdlib.c                         0x00000000   Number         0  exit.o ABSOLUTE
    ../fplib/fpinit.s                        0x00000000   Number         0  fpinit.o ABSOLUTE
    ..\\biblioteki\\lcd_lib\\LCD_ILI9325.c   0x00000000   Number         0  lcd_ili9325_1.o ABSOLUTE
    ..\\biblioteki\\lcd_lib\\Open1768_LCD.c  0x00000000   Number         0  open1768_lcd.o ABSOLUTE
    ..\\biblioteki\\tp_lib\\TP_Open1768.c    0x00000000   Number         0  tp_open1768.o ABSOLUTE
    ..\biblioteki\lcd_lib\LCD_ILI9325.c      0x00000000   Number         0  lcd_ili9325_1.o ABSOLUTE
    ..\biblioteki\lcd_lib\Open1768_LCD.c     0x00000000   Number         0  open1768_lcd.o ABSOLUTE
    ..\biblioteki\lcd_lib\asciiLib.c         0x00000000   Number         0  asciilib.o ABSOLUTE
    ..\biblioteki\tp_lib\TP_Open1768.c       0x00000000   Number         0  tp_open1768.o ABSOLUTE
    C:\Keil_v5\ARM\PACK\Keil\LPC1700_DFP\2.6.1\Boards\Waveshare\Open1768\Common\LED_Open1768.c 0x00000000   Number         0  led_open1768.o ABSOLUTE
    C:\Keil_v5\ARM\PACK\Keil\LPC1700_DFP\2.6.1\RTE_Driver\GPDMA_LPC17xx.c 0x00000000   Number         0  gpdma_lpc17xx.o ABSOLUTE
    C:\Keil_v5\ARM\PACK\Keil\LPC1700_DFP\2.6.1\RTE_Driver\GPIO_LPC17xx.c 0x00000000   Number         0  gpio_lpc17xx.o ABSOLUTE
    C:\Keil_v5\ARM\PACK\Keil\LPC1700_DFP\2.6.1\RTE_Driver\PIN_LPC17xx.c 0x00000000   Number         0  pin_lpc17xx.o ABSOLUTE
    C:\\Keil_v5\\ARM\\PACK\\Keil\\LPC1700_DFP\\2.6.1\\Boards\\Waveshare\\Open1768\\Common\\LED_Open1768.c 0x00000000   Number         0  led_open1768.o ABSOLUTE
    C:\\Keil_v5\\ARM\\PACK\\Keil\\LPC1700_DFP\\2.6.1\\RTE_Driver\\GPDMA_LPC17xx.c 0x00000000   Number         0  gpdma_lpc17xx.o ABSOLUTE
    C:\\Keil_v5\\ARM\\PACK\\Keil\\LPC1700_DFP\\2.6.1\\RTE_Driver\\GPIO_LPC17xx.c 0x00000000   Number         0  gpio_lpc17xx.o ABSOLUTE
    C:\\Keil_v5\\ARM\\PACK\\Keil\\LPC1700_DFP\\2.6.1\\RTE_Driver\\PIN_LPC17xx.c 0x00000000   Number         0  pin_lpc17xx.o ABSOLUTE
    RTE\Device\LPC1768\startup_LPC17xx.s     0x00000000   Number         0  startup_lpc17xx.o ABSOLUTE
    RTE\Device\LPC1768\system_LPC17xx.c      0x00000000   Number         0  system_lpc17xx.o ABSOLUTE
    RTE\\Device\\LPC1768\\system_LPC17xx.c   0x00000000   Number         0  system_lpc17xx.o ABSOLUTE
    dc.s                                     0x00000000   Number         0  dc.o ABSOLUTE
    main.c                                   0x00000000   Number         0  main.o ABSOLUTE
    main.c                                   0x00000000   Number         0  main.o ABSOLUTE
    !!!main                                  0x000000cc   Section        8  __main.o(!!!main)
    !!!scatter                               0x000000d4   Section       52  __scatter.o(!!!scatter)
    !!handler_copy                           0x00000108   Section       26  __scatter_copy.o(!!handler_copy)
    !!handler_zi                             0x00000124   Section       28  __scatter_zi.o(!!handler_zi)
    .ARM.Collect$$_printf_percent$$00000000  0x00000140   Section        0  _printf_percent.o(.ARM.Collect$$_printf_percent$$00000000)
    .ARM.Collect$$_printf_percent$$00000009  0x00000140   Section        6  _printf_d.o(.ARM.Collect$$_printf_percent$$00000009)
    .ARM.Collect$$_printf_percent$$00000017  0x00000146   Section        4  _printf_percent_end.o(.ARM.Collect$$_printf_percent$$00000017)
    .ARM.Collect$$libinit$$00000000          0x0000014a   Section        2  libinit.o(.ARM.Collect$$libinit$$00000000)
    .ARM.Collect$$libinit$$00000002          0x0000014c   Section        0  libinit2.o(.ARM.Collect$$libinit$$00000002)
    .ARM.Collect$$libinit$$00000004          0x0000014c   Section        0  libinit2.o(.ARM.Collect$$libinit$$00000004)
    .ARM.Collect$$libinit$$0000000A          0x0000014c   Section        0  libinit2.o(.ARM.Collect$$libinit$$0000000A)
    .ARM.Collect$$libinit$$0000000C          0x0000014c   Section        0  libinit2.o(.ARM.Collect$$libinit$$0000000C)
    .ARM.Collect$$libinit$$0000000E          0x0000014c   Section        0  libinit2.o(.ARM.Collect$$libinit$$0000000E)
    .ARM.Collect$$libinit$$00000011          0x0000014c   Section        0  libinit2.o(.ARM.Collect$$libinit$$00000011)
    .ARM.Collect$$libinit$$00000013          0x0000014c   Section        0  libinit2.o(.ARM.Collect$$libinit$$00000013)
    .ARM.Collect$$libinit$$00000015          0x0000014c   Section        0  libinit2.o(.ARM.Collect$$libinit$$00000015)
    .ARM.Collect$$libinit$$00000017          0x0000014c   Section        0  libinit2.o(.ARM.Collect$$libinit$$00000017)
    .ARM.Collect$$libinit$$00000019          0x0000014c   Section        0  libinit2.o(.ARM.Collect$$libinit$$00000019)
    .ARM.Collect$$libinit$$0000001B          0x0000014c   Section        0  libinit2.o(.ARM.Collect$$libinit$$0000001B)
    .ARM.Collect$$libinit$$0000001D          0x0000014c   Section        0  libinit2.o(.ARM.Collect$$libinit$$0000001D)
    .ARM.Collect$$libinit$$0000001F          0x0000014c   Section        0  libinit2.o(.ARM.Collect$$libinit$$0000001F)
    .ARM.Collect$$libinit$$00000021          0x0000014c   Section        0  libinit2.o(.ARM.Collect$$libinit$$00000021)
    .ARM.Collect$$libinit$$00000023          0x0000014c   Section        0  libinit2.o(.ARM.Collect$$libinit$$00000023)
    .ARM.Collect$$libinit$$00000025          0x0000014c   Section        0  libinit2.o(.ARM.Collect$$libinit$$00000025)
    .ARM.Collect$$libinit$$0000002C          0x0000014c   Section        0  libinit2.o(.ARM.Collect$$libinit$$0000002C)
    .ARM.Collect$$libinit$$0000002E          0x0000014c   Section        0  libinit2.o(.ARM.Collect$$libinit$$0000002E)
    .ARM.Collect$$libinit$$00000030          0x0000014c   Section        0  libinit2.o(.ARM.Collect$$libinit$$00000030)
    .ARM.Collect$$libinit$$00000032          0x0000014c   Section        0  libinit2.o(.ARM.Collect$$libinit$$00000032)
    .ARM.Collect$$libinit$$00000033          0x0000014c   Section        2  libinit2.o(.ARM.Collect$$libinit$$00000033)
    .ARM.Collect$$libshutdown$$00000000      0x0000014e   Section        2  libshutdown.o(.ARM.Collect$$libshutdown$$00000000)
    .ARM.Collect$$libshutdown$$00000002      0x00000150   Section        0  libshutdown2.o(.ARM.Collect$$libshutdown$$00000002)
    .ARM.Collect$$libshutdown$$00000004      0x00000150   Section        0  libshutdown2.o(.ARM.Collect$$libshutdown$$00000004)
    .ARM.Collect$$libshutdown$$00000007      0x00000150   Section        0  libshutdown2.o(.ARM.Collect$$libshutdown$$00000007)
    .ARM.Collect$$libshutdown$$0000000A      0x00000150   Section        0  libshutdown2.o(.ARM.Collect$$libshutdown$$0000000A)
    .ARM.Collect$$libshutdown$$0000000C      0x00000150   Section        0  libshutdown2.o(.ARM.Collect$$libshutdown$$0000000C)
    .ARM.Collect$$libshutdown$$0000000F      0x00000150   Section        0  libshutdown2.o(.ARM.Collect$$libshutdown$$0000000F)
    .ARM.Collect$$libshutdown$$00000010      0x00000150   Section        2  libshutdown2.o(.ARM.Collect$$libshutdown$$00000010)
    .ARM.Collect$$rtentry$$00000000          0x00000152   Section        0  __rtentry.o(.ARM.Collect$$rtentry$$00000000)
    .ARM.Collect$$rtentry$$00000002          0x00000152   Section        0  __rtentry2.o(.ARM.Collect$$rtentry$$00000002)
    .ARM.Collect$$rtentry$$00000004          0x00000152   Section        6  __rtentry4.o(.ARM.Collect$$rtentry$$00000004)
    .ARM.Collect$$rtentry$$00000009          0x00000158   Section        0  __rtentry2.o(.ARM.Collect$$rtentry$$00000009)
    .ARM.Collect$$rtentry$$0000000A          0x00000158   Section        4  __rtentry2.o(.ARM.Collect$$rtentry$$0000000A)
    .ARM.Collect$$rtentry$$0000000C          0x0000015c   Section        0  __rtentry2.o(.ARM.Collect$$rtentry$$0000000C)
    .ARM.Collect$$rtentry$$0000000D          0x0000015c   Section        8  __rtentry2.o(.ARM.Collect$$rtentry$$0000000D)
    .ARM.Collect$$rtexit$$00000000           0x00000164   Section        2  rtexit.o(.ARM.Collect$$rtexit$$00000000)
    .ARM.Collect$$rtexit$$00000002           0x00000166   Section        0  rtexit2.o(.ARM.Collect$$rtexit$$00000002)
    .ARM.Collect$$rtexit$$00000003           0x00000166   Section        4  rtexit2.o(.ARM.Collect$$rtexit$$00000003)
    .ARM.Collect$$rtexit$$00000004           0x0000016a   Section        6  rtexit2.o(.ARM.Collect$$rtexit$$00000004)
    .text                                    0x00000170   Section       60  startup_lpc17xx.o(.text)
    .text                                    0x000001ac   Section        0  noretval__2sprintf.o(.text)
    .text                                    0x000001d4   Section        0  __printf.o(.text)
    .text                                    0x0000023c   Section        0  _printf_dec.o(.text)
    .text                                    0x000002b4   Section        0  heapauxi.o(.text)
    .text                                    0x000002bc   Section        0  _printf_char_common.o(.text)
    _printf_input_char                       0x000002bd   Thumb Code    10  _printf_char_common.o(.text)
    .text                                    0x000002ec   Section        0  _sputc.o(.text)
    .text                                    0x000002f6   Section        2  use_no_semi.o(.text)
    .text                                    0x000002f8   Section        0  indicate_semi.o(.text)
    i.LED_GetCount                           0x000002f8   Section        0  led_open1768.o(i.LED_GetCount)
    .ARM.__at_0x02FC                         0x000002fc   Section        4  startup_lpc17xx.o(.ARM.__at_0x02FC)
    .text                                    0x00000300   Section      138  rt_memcpy_v6.o(.text)
    .text                                    0x0000038a   Section        0  _printf_intcommon.o(.text)
    .text                                    0x0000043c   Section      100  rt_memcpy_w.o(.text)
    .text                                    0x000004a0   Section       74  sys_stackheap_outer.o(.text)
    .text                                    0x000004ea   Section        0  exit.o(.text)
    .text                                    0x000004fc   Section        8  libspace.o(.text)
    .text                                    0x00000504   Section        0  sys_exit.o(.text)
    i.Clear_Channel_active_flag              0x00000510   Section        0  gpdma_lpc17xx.o(i.Clear_Channel_active_flag)
    Clear_Channel_active_flag                0x00000511   Thumb Code    28  gpdma_lpc17xx.o(i.Clear_Channel_active_flag)
    i.DMA_IRQHandler                         0x00000530   Section        0  gpdma_lpc17xx.o(i.DMA_IRQHandler)
    i.EINT3_IRQHandler                       0x000006b0   Section        0  main.o(i.EINT3_IRQHandler)
    i.GPIO_PinWrite                          0x000006c0   Section        0  gpio_lpc17xx.o(i.GPIO_PinWrite)
    i.GPIO_PortClock                         0x000006e8   Section        0  gpio_lpc17xx.o(i.GPIO_PortClock)
    i.GPIO_SetDir                            0x00000714   Section        0  gpio_lpc17xx.o(i.GPIO_SetDir)
    i.GetASCIICode                           0x0000074c   Section        0  asciilib.o(i.GetASCIICode)
    i.LCD_Calibrate                          0x00000778   Section        0  main.o(i.LCD_Calibrate)
    i.LCD_Char                               0x00000848   Section        0  main.o(i.LCD_Char)
    i.LCD_Circle_Bresenham                   0x00000884   Section        0  main.o(i.LCD_Circle_Bresenham)
    i.LCD_Display_Init                       0x000008e2   Section        0  main.o(i.LCD_Display_Init)
    i.LCD_Get_Window                         0x0000091c   Section        0  main.o(i.LCD_Get_Window)
    i.LCD_Line_Bresenham                     0x0000094c   Section        0  main.o(i.LCD_Line_Bresenham)
    i.LCD_Line_Bresenham_yx                  0x00000a1e   Section        0  main.o(i.LCD_Line_Bresenham_yx)
    i.LCD_Pixel                              0x00000a42   Section        0  main.o(i.LCD_Pixel)
    i.LCD_Set_Window                         0x00000a64   Section        0  main.o(i.LCD_Set_Window)
    i.LCD_Touch_Init                         0x00000a94   Section        0  main.o(i.LCD_Touch_Init)
    i.LCD_Touch_Panel_init                   0x00000ad8   Section        0  main.o(i.LCD_Touch_Panel_init)
    i.LCD_Uncal_Touch                        0x00000ae0   Section        0  main.o(i.LCD_Uncal_Touch)
    i.LED_Initialize                         0x00000afc   Section        0  led_open1768.o(i.LED_Initialize)
    i.LED_Off                                0x00000b58   Section        0  led_open1768.o(i.LED_Off)
    i.LED_On                                 0x00000b84   Section        0  led_open1768.o(i.LED_On)
    i.PIN_Configure                          0x00000bb0   Section        0  pin_lpc17xx.o(i.PIN_Configure)
    i.SysTick_Handler                        0x00000cac   Section        0  main.o(i.SysTick_Handler)
    i.SystemInit                             0x00000ce4   Section        0  system_lpc17xx.o(i.SystemInit)
    i.UART_Char_Send                         0x00000e24   Section        0  main.o(i.UART_Char_Send)
    i.UART_Init                              0x00000e3c   Section        0  main.o(i.UART_Init)
    i.UART_Send                              0x00000e78   Section        0  main.o(i.UART_Send)
    i.UART_int_Send                          0x00000e90   Section        0  main.o(i.UART_int_Send)
    i._LCD_Char                              0x00000eb0   Section        0  main.o(i._LCD_Char)
    i.__circleBres___drawCircle              0x00000f1e   Section        0  main.o(i.__circleBres___drawCircle)
    i.delay_ms                               0x00000f92   Section        0  lcd_ili9325_1.o(i.delay_ms)
    i.init_ILI9325                           0x00000fb0   Section        0  lcd_ili9325_1.o(i.init_ILI9325)
    i.lcdConfiguration                       0x00001184   Section        0  open1768_lcd.o(i.lcdConfiguration)
    i.lcdRead                                0x000011ac   Section        0  open1768_lcd.o(i.lcdRead)
    i.lcdReadData                            0x000011f8   Section        0  open1768_lcd.o(i.lcdReadData)
    i.lcdReadReg                             0x00001230   Section        0  open1768_lcd.o(i.lcdReadReg)
    i.lcdSend                                0x00001244   Section        0  open1768_lcd.o(i.lcdSend)
    i.lcdSetCursor                           0x00001270   Section        0  open1768_lcd.o(i.lcdSetCursor)
    i.lcdWriteData                           0x00001288   Section        0  open1768_lcd.o(i.lcdWriteData)
    i.lcdWriteIndex                          0x000012c0   Section        0  open1768_lcd.o(i.lcdWriteIndex)
    i.lcdWriteReg                            0x00001300   Section        0  open1768_lcd.o(i.lcdWriteReg)
    i.main                                   0x00001314   Section        0  main.o(i.main)
    i.touchpanelDelayUS                      0x00001490   Section        0  tp_open1768.o(i.touchpanelDelayUS)
    touchpanelDelayUS                        0x00001491   Thumb Code    42  tp_open1768.o(i.touchpanelDelayUS)
    i.touchpanelDriverDataBusInit            0x000014bc   Section        0  tp_open1768.o(i.touchpanelDriverDataBusInit)
    touchpanelDriverDataBusInit              0x000014bd   Thumb Code   140  tp_open1768.o(i.touchpanelDriverDataBusInit)
    i.touchpanelGetXY                        0x00001554   Section        0  tp_open1768.o(i.touchpanelGetXY)
    i.touchpanelInit                         0x00001578   Section        0  tp_open1768.o(i.touchpanelInit)
    i.touchpanelReadAddress                  0x000015a0   Section        0  tp_open1768.o(i.touchpanelReadAddress)
    touchpanelReadAddress                    0x000015a1   Thumb Code    44  tp_open1768.o(i.touchpanelReadAddress)
    i.touchpanelReadX                        0x000015cc   Section        0  tp_open1768.o(i.touchpanelReadX)
    i.touchpanelReadY                        0x000015fc   Section        0  tp_open1768.o(i.touchpanelReadY)
    i.touchpanelWriteCmd                     0x0000162c   Section        0  tp_open1768.o(i.touchpanelWriteCmd)
    touchpanelWriteCmd                       0x0000162d   Thumb Code    56  tp_open1768.o(i.touchpanelWriteCmd)
    i.wait_delay                             0x00001668   Section        0  open1768_lcd.o(i.wait_delay)
    .constdata                               0x0000167a   Section     3040  asciilib.o(.constdata)
    AsciiLib                                 0x0000167a   Data        3040  asciilib.o(.constdata)
    .constdata                               0x0000225a   Section        8  led_open1768.o(.constdata)
    LED_PIN                                  0x0000225a   Data           8  led_open1768.o(.constdata)
    STACK                                    0x10000000   Section      512  startup_lpc17xx.o(STACK)
    Stack_Mem                                0x10000000   Data         512  startup_lpc17xx.o(STACK)
    __initial_sp                             0x10000200   Data           0  startup_lpc17xx.o(STACK)
    .data                                    0x2007c000   Section        4  main.o(.data)
    .data                                    0x2007c004   Section        8  gpdma_lpc17xx.o(.data)
    Channel_active                           0x2007c004   Data           4  gpdma_lpc17xx.o(.data)
    Init_cnt                                 0x2007c008   Data           4  gpdma_lpc17xx.o(.data)
    .data                                    0x2007c00c   Section        4  system_lpc17xx.o(.data)
    .bss                                     0x2007c010   Section      160  gpdma_lpc17xx.o(.bss)
    Channel_info                             0x2007c010   Data         160  gpdma_lpc17xx.o(.bss)
    .bss                                     0x2007c0b0   Section       96  libspace.o(.bss)
    HEAP                                     0x2007c110   Section        0  startup_lpc17xx.o(HEAP)
    Heap_Mem                                 0x2007c110   Data           0  startup_lpc17xx.o(HEAP)

    Global Symbols

    Symbol Name                              Value     Ov Type        Size  Object(Section)

    BuildAttributes$$THM_ISAv4$P$D$K$B$S$PE$A:L22UL41UL21$X:L11$S22US41US21$IEEE1$IW$USESV6$~STKCKD$USESV7$~SHL$OSPACE$ROPI$EBA8$UX$STANDARDLIB$REQ8$PRES8$EABIv2 0x00000000   Number         0  anon$$obj.o ABSOLUTE
    __ARM_use_no_argv                        0x00000000   Number         0  main.o ABSOLUTE
    __Vectors                                0x00000000   Data           4  startup_lpc17xx.o(RESET)
    __ARM_exceptions_init                     - Undefined Weak Reference
    __alloca_initialize                       - Undefined Weak Reference
    __arm_preinit_                            - Undefined Weak Reference
    __cpp_initialize__aeabi_                  - Undefined Weak Reference
    __cxa_finalize                            - Undefined Weak Reference
    __rt_locale                               - Undefined Weak Reference
    __sigvec_lookup                           - Undefined Weak Reference
    _atexit_init                              - Undefined Weak Reference
    _call_atexit_fns                          - Undefined Weak Reference
    _clock_init                               - Undefined Weak Reference
    _fp_trap_init                             - Undefined Weak Reference
    _fp_trap_shutdown                         - Undefined Weak Reference
    _get_lc_collate                           - Undefined Weak Reference
    _get_lc_ctype                             - Undefined Weak Reference
    _get_lc_monetary                          - Undefined Weak Reference
    _get_lc_numeric                           - Undefined Weak Reference
    _get_lc_time                              - Undefined Weak Reference
    _getenv_init                              - Undefined Weak Reference
    _handle_redirection                       - Undefined Weak Reference
    _init_alloc                               - Undefined Weak Reference
    _init_user_alloc                          - Undefined Weak Reference
    _initio                                   - Undefined Weak Reference
    _printf_post_padding                      - Undefined Weak Reference
    _printf_pre_padding                       - Undefined Weak Reference
    _printf_truncate_signed                   - Undefined Weak Reference
    _printf_truncate_unsigned                 - Undefined Weak Reference
    _rand_init                                - Undefined Weak Reference
    _signal_finish                            - Undefined Weak Reference
    _signal_init                              - Undefined Weak Reference
    _terminate_alloc                          - Undefined Weak Reference
    _terminate_user_alloc                     - Undefined Weak Reference
    _terminateio                              - Undefined Weak Reference
    __main                                   0x000000cd   Thumb Code     8  __main.o(!!!main)
    __scatterload                            0x000000d5   Thumb Code     0  __scatter.o(!!!scatter)
    __scatterload_rt2                        0x000000d5   Thumb Code    44  __scatter.o(!!!scatter)
    __scatterload_rt2_thumb_only             0x000000d5   Thumb Code     0  __scatter.o(!!!scatter)
    __scatterload_null                       0x000000e3   Thumb Code     0  __scatter.o(!!!scatter)
    __scatterload_copy                       0x00000109   Thumb Code    26  __scatter_copy.o(!!handler_copy)
    __scatterload_zeroinit                   0x00000125   Thumb Code    28  __scatter_zi.o(!!handler_zi)
    _printf_d                                0x00000141   Thumb Code     0  _printf_d.o(.ARM.Collect$$_printf_percent$$00000009)
    _printf_percent                          0x00000141   Thumb Code     0  _printf_percent.o(.ARM.Collect$$_printf_percent$$00000000)
    _printf_percent_end                      0x00000147   Thumb Code     0  _printf_percent_end.o(.ARM.Collect$$_printf_percent$$00000017)
    __rt_lib_init                            0x0000014b   Thumb Code     0  libinit.o(.ARM.Collect$$libinit$$00000000)
    __rt_lib_init_alloca_1                   0x0000014d   Thumb Code     0  libinit2.o(.ARM.Collect$$libinit$$0000002E)
    __rt_lib_init_argv_1                     0x0000014d   Thumb Code     0  libinit2.o(.ARM.Collect$$libinit$$0000002C)
    __rt_lib_init_atexit_1                   0x0000014d   Thumb Code     0  libinit2.o(.ARM.Collect$$libinit$$0000001B)
    __rt_lib_init_clock_1                    0x0000014d   Thumb Code     0  libinit2.o(.ARM.Collect$$libinit$$00000021)
    __rt_lib_init_cpp_1                      0x0000014d   Thumb Code     0  libinit2.o(.ARM.Collect$$libinit$$00000032)
    __rt_lib_init_exceptions_1               0x0000014d   Thumb Code     0  libinit2.o(.ARM.Collect$$libinit$$00000030)
    __rt_lib_init_fp_1                       0x0000014d   Thumb Code     0  libinit2.o(.ARM.Collect$$libinit$$00000002)
    __rt_lib_init_fp_trap_1                  0x0000014d   Thumb Code     0  libinit2.o(.ARM.Collect$$libinit$$0000001F)
    __rt_lib_init_getenv_1                   0x0000014d   Thumb Code     0  libinit2.o(.ARM.Collect$$libinit$$00000023)
    __rt_lib_init_heap_1                     0x0000014d   Thumb Code     0  libinit2.o(.ARM.Collect$$libinit$$0000000A)
    __rt_lib_init_lc_collate_1               0x0000014d   Thumb Code     0  libinit2.o(.ARM.Collect$$libinit$$00000011)
    __rt_lib_init_lc_ctype_1                 0x0000014d   Thumb Code     0  libinit2.o(.ARM.Collect$$libinit$$00000013)
    __rt_lib_init_lc_monetary_1              0x0000014d   Thumb Code     0  libinit2.o(.ARM.Collect$$libinit$$00000015)
    __rt_lib_init_lc_numeric_1               0x0000014d   Thumb Code     0  libinit2.o(.ARM.Collect$$libinit$$00000017)
    __rt_lib_init_lc_time_1                  0x0000014d   Thumb Code     0  libinit2.o(.ARM.Collect$$libinit$$00000019)
    __rt_lib_init_preinit_1                  0x0000014d   Thumb Code     0  libinit2.o(.ARM.Collect$$libinit$$00000004)
    __rt_lib_init_rand_1                     0x0000014d   Thumb Code     0  libinit2.o(.ARM.Collect$$libinit$$0000000E)
    __rt_lib_init_return                     0x0000014d   Thumb Code     0  libinit2.o(.ARM.Collect$$libinit$$00000033)
    __rt_lib_init_signal_1                   0x0000014d   Thumb Code     0  libinit2.o(.ARM.Collect$$libinit$$0000001D)
    __rt_lib_init_stdio_1                    0x0000014d   Thumb Code     0  libinit2.o(.ARM.Collect$$libinit$$00000025)
    __rt_lib_init_user_alloc_1               0x0000014d   Thumb Code     0  libinit2.o(.ARM.Collect$$libinit$$0000000C)
    __rt_lib_shutdown                        0x0000014f   Thumb Code     0  libshutdown.o(.ARM.Collect$$libshutdown$$00000000)
    __rt_lib_shutdown_cpp_1                  0x00000151   Thumb Code     0  libshutdown2.o(.ARM.Collect$$libshutdown$$00000002)
    __rt_lib_shutdown_fp_trap_1              0x00000151   Thumb Code     0  libshutdown2.o(.ARM.Collect$$libshutdown$$00000007)
    __rt_lib_shutdown_heap_1                 0x00000151   Thumb Code     0  libshutdown2.o(.ARM.Collect$$libshutdown$$0000000F)
    __rt_lib_shutdown_return                 0x00000151   Thumb Code     0  libshutdown2.o(.ARM.Collect$$libshutdown$$00000010)
    __rt_lib_shutdown_signal_1               0x00000151   Thumb Code     0  libshutdown2.o(.ARM.Collect$$libshutdown$$0000000A)
    __rt_lib_shutdown_stdio_1                0x00000151   Thumb Code     0  libshutdown2.o(.ARM.Collect$$libshutdown$$00000004)
    __rt_lib_shutdown_user_alloc_1           0x00000151   Thumb Code     0  libshutdown2.o(.ARM.Collect$$libshutdown$$0000000C)
    __rt_entry                               0x00000153   Thumb Code     0  __rtentry.o(.ARM.Collect$$rtentry$$00000000)
    __rt_entry_presh_1                       0x00000153   Thumb Code     0  __rtentry2.o(.ARM.Collect$$rtentry$$00000002)
    __rt_entry_sh                            0x00000153   Thumb Code     0  __rtentry4.o(.ARM.Collect$$rtentry$$00000004)
    __rt_entry_li                            0x00000159   Thumb Code     0  __rtentry2.o(.ARM.Collect$$rtentry$$0000000A)
    __rt_entry_postsh_1                      0x00000159   Thumb Code     0  __rtentry2.o(.ARM.Collect$$rtentry$$00000009)
    __rt_entry_main                          0x0000015d   Thumb Code     0  __rtentry2.o(.ARM.Collect$$rtentry$$0000000D)
    __rt_entry_postli_1                      0x0000015d   Thumb Code     0  __rtentry2.o(.ARM.Collect$$rtentry$$0000000C)
    __rt_exit                                0x00000165   Thumb Code     0  rtexit.o(.ARM.Collect$$rtexit$$00000000)
    __rt_exit_ls                             0x00000167   Thumb Code     0  rtexit2.o(.ARM.Collect$$rtexit$$00000003)
    __rt_exit_prels_1                        0x00000167   Thumb Code     0  rtexit2.o(.ARM.Collect$$rtexit$$00000002)
    __rt_exit_exit                           0x0000016b   Thumb Code     0  rtexit2.o(.ARM.Collect$$rtexit$$00000004)
    Reset_Handler                            0x00000171   Thumb Code     8  startup_lpc17xx.o(.text)
    NMI_Handler                              0x00000179   Thumb Code     2  startup_lpc17xx.o(.text)
    HardFault_Handler                        0x0000017b   Thumb Code     2  startup_lpc17xx.o(.text)
    MemManage_Handler                        0x0000017d   Thumb Code     2  startup_lpc17xx.o(.text)
    BusFault_Handler                         0x0000017f   Thumb Code     2  startup_lpc17xx.o(.text)
    UsageFault_Handler                       0x00000181   Thumb Code     2  startup_lpc17xx.o(.text)
    SVC_Handler                              0x00000183   Thumb Code     2  startup_lpc17xx.o(.text)
    DebugMon_Handler                         0x00000185   Thumb Code     2  startup_lpc17xx.o(.text)
    PendSV_Handler                           0x00000187   Thumb Code     2  startup_lpc17xx.o(.text)
    ADC_IRQHandler                           0x0000018b   Thumb Code     0  startup_lpc17xx.o(.text)
    BOD_IRQHandler                           0x0000018b   Thumb Code     0  startup_lpc17xx.o(.text)
    CANActivity_IRQHandler                   0x0000018b   Thumb Code     0  startup_lpc17xx.o(.text)
    CAN_IRQHandler                           0x0000018b   Thumb Code     0  startup_lpc17xx.o(.text)
    EINT0_IRQHandler                         0x0000018b   Thumb Code     0  startup_lpc17xx.o(.text)
    EINT1_IRQHandler                         0x0000018b   Thumb Code     0  startup_lpc17xx.o(.text)
    EINT2_IRQHandler                         0x0000018b   Thumb Code     0  startup_lpc17xx.o(.text)
    ENET_IRQHandler                          0x0000018b   Thumb Code     0  startup_lpc17xx.o(.text)
    I2C0_IRQHandler                          0x0000018b   Thumb Code     0  startup_lpc17xx.o(.text)
    I2C1_IRQHandler                          0x0000018b   Thumb Code     0  startup_lpc17xx.o(.text)
    I2C2_IRQHandler                          0x0000018b   Thumb Code     0  startup_lpc17xx.o(.text)
    I2S_IRQHandler                           0x0000018b   Thumb Code     0  startup_lpc17xx.o(.text)
    MCPWM_IRQHandler                         0x0000018b   Thumb Code     0  startup_lpc17xx.o(.text)
    PLL0_IRQHandler                          0x0000018b   Thumb Code     0  startup_lpc17xx.o(.text)
    PLL1_IRQHandler                          0x0000018b   Thumb Code     0  startup_lpc17xx.o(.text)
    PWM1_IRQHandler                          0x0000018b   Thumb Code     0  startup_lpc17xx.o(.text)
    QEI_IRQHandler                           0x0000018b   Thumb Code     0  startup_lpc17xx.o(.text)
    RIT_IRQHandler                           0x0000018b   Thumb Code     0  startup_lpc17xx.o(.text)
    RTC_IRQHandler                           0x0000018b   Thumb Code     0  startup_lpc17xx.o(.text)
    SPI_IRQHandler                           0x0000018b   Thumb Code     0  startup_lpc17xx.o(.text)
    SSP0_IRQHandler                          0x0000018b   Thumb Code     0  startup_lpc17xx.o(.text)
    SSP1_IRQHandler                          0x0000018b   Thumb Code     0  startup_lpc17xx.o(.text)
    TIMER0_IRQHandler                        0x0000018b   Thumb Code     0  startup_lpc17xx.o(.text)
    TIMER1_IRQHandler                        0x0000018b   Thumb Code     0  startup_lpc17xx.o(.text)
    TIMER2_IRQHandler                        0x0000018b   Thumb Code     0  startup_lpc17xx.o(.text)
    TIMER3_IRQHandler                        0x0000018b   Thumb Code     0  startup_lpc17xx.o(.text)
    UART0_IRQHandler                         0x0000018b   Thumb Code     0  startup_lpc17xx.o(.text)
    UART1_IRQHandler                         0x0000018b   Thumb Code     0  startup_lpc17xx.o(.text)
    UART2_IRQHandler                         0x0000018b   Thumb Code     0  startup_lpc17xx.o(.text)
    UART3_IRQHandler                         0x0000018b   Thumb Code     0  startup_lpc17xx.o(.text)
    USBActivity_IRQHandler                   0x0000018b   Thumb Code     0  startup_lpc17xx.o(.text)
    USB_IRQHandler                           0x0000018b   Thumb Code     0  startup_lpc17xx.o(.text)
    WDT_IRQHandler                           0x0000018b   Thumb Code     0  startup_lpc17xx.o(.text)
    __user_initial_stackheap                 0x0000018d   Thumb Code     0  startup_lpc17xx.o(.text)
    __2sprintf                               0x000001ad   Thumb Code    34  noretval__2sprintf.o(.text)
    __printf                                 0x000001d5   Thumb Code   104  __printf.o(.text)
    _printf_int_dec                          0x0000023d   Thumb Code   104  _printf_dec.o(.text)
    __use_two_region_memory                  0x000002b5   Thumb Code     2  heapauxi.o(.text)
    __rt_heap_escrow$2region                 0x000002b7   Thumb Code     2  heapauxi.o(.text)
    __rt_heap_expand$2region                 0x000002b9   Thumb Code     2  heapauxi.o(.text)
    _printf_char_common                      0x000002c7   Thumb Code    32  _printf_char_common.o(.text)
    _sputc                                   0x000002ed   Thumb Code    10  _sputc.o(.text)
    __I$use$semihosting                      0x000002f7   Thumb Code     0  use_no_semi.o(.text)
    __use_no_semihosting_swi                 0x000002f7   Thumb Code     2  use_no_semi.o(.text)
    LED_GetCount                             0x000002f9   Thumb Code     4  led_open1768.o(i.LED_GetCount)
    __semihosting_library_function           0x000002f9   Thumb Code     0  indicate_semi.o(.text)
    __aeabi_memcpy                           0x00000301   Thumb Code     0  rt_memcpy_v6.o(.text)
    __rt_memcpy                              0x00000301   Thumb Code   138  rt_memcpy_v6.o(.text)
    _memcpy_lastbytes                        0x00000367   Thumb Code     0  rt_memcpy_v6.o(.text)
    _printf_int_common                       0x0000038b   Thumb Code   178  _printf_intcommon.o(.text)
    __aeabi_memcpy4                          0x0000043d   Thumb Code     0  rt_memcpy_w.o(.text)
    __aeabi_memcpy8                          0x0000043d   Thumb Code     0  rt_memcpy_w.o(.text)
    __rt_memcpy_w                            0x0000043d   Thumb Code   100  rt_memcpy_w.o(.text)
    _memcpy_lastbytes_aligned                0x00000485   Thumb Code     0  rt_memcpy_w.o(.text)
    __user_setup_stackheap                   0x000004a1   Thumb Code    74  sys_stackheap_outer.o(.text)
    exit                                     0x000004eb   Thumb Code    18  exit.o(.text)
    __user_libspace                          0x000004fd   Thumb Code     8  libspace.o(.text)
    __user_perproc_libspace                  0x000004fd   Thumb Code     0  libspace.o(.text)
    __user_perthread_libspace                0x000004fd   Thumb Code     0  libspace.o(.text)
    _sys_exit                                0x00000505   Thumb Code     8  sys_exit.o(.text)
    DMA_IRQHandler                           0x00000531   Thumb Code   372  gpdma_lpc17xx.o(i.DMA_IRQHandler)
    EINT3_IRQHandler                         0x000006b1   Thumb Code    10  main.o(i.EINT3_IRQHandler)
    GPIO_PinWrite                            0x000006c1   Thumb Code    36  gpio_lpc17xx.o(i.GPIO_PinWrite)
    GPIO_PortClock                           0x000006e9   Thumb Code    38  gpio_lpc17xx.o(i.GPIO_PortClock)
    GPIO_SetDir                              0x00000715   Thumb Code    52  gpio_lpc17xx.o(i.GPIO_SetDir)
    GetASCIICode                             0x0000074d   Thumb Code    40  asciilib.o(i.GetASCIICode)
    LCD_Calibrate                            0x00000779   Thumb Code   192  main.o(i.LCD_Calibrate)
    LCD_Char                                 0x00000849   Thumb Code    60  main.o(i.LCD_Char)
    LCD_Circle_Bresenham                     0x00000885   Thumb Code    94  main.o(i.LCD_Circle_Bresenham)
    LCD_Display_Init                         0x000008e3   Thumb Code    58  main.o(i.LCD_Display_Init)
    LCD_Get_Window                           0x0000091d   Thumb Code    48  main.o(i.LCD_Get_Window)
    LCD_Line_Bresenham                       0x0000094d   Thumb Code   210  main.o(i.LCD_Line_Bresenham)
    LCD_Line_Bresenham_yx                    0x00000a1f   Thumb Code    36  main.o(i.LCD_Line_Bresenham_yx)
    LCD_Pixel                                0x00000a43   Thumb Code    34  main.o(i.LCD_Pixel)
    LCD_Set_Window                           0x00000a65   Thumb Code    48  main.o(i.LCD_Set_Window)
    LCD_Touch_Init                           0x00000a95   Thumb Code    62  main.o(i.LCD_Touch_Init)
    LCD_Touch_Panel_init                     0x00000ad9   Thumb Code     8  main.o(i.LCD_Touch_Panel_init)
    LCD_Uncal_Touch                          0x00000ae1   Thumb Code    26  main.o(i.LCD_Uncal_Touch)
    LED_Initialize                           0x00000afd   Thumb Code    88  led_open1768.o(i.LED_Initialize)
    LED_Off                                  0x00000b59   Thumb Code    40  led_open1768.o(i.LED_Off)
    LED_On                                   0x00000b85   Thumb Code    40  led_open1768.o(i.LED_On)
    PIN_Configure                            0x00000bb1   Thumb Code   246  pin_lpc17xx.o(i.PIN_Configure)
    SysTick_Handler                          0x00000cad   Thumb Code    50  main.o(i.SysTick_Handler)
    SystemInit                               0x00000ce5   Thumb Code   302  system_lpc17xx.o(i.SystemInit)
    UART_Char_Send                           0x00000e25   Thumb Code    20  main.o(i.UART_Char_Send)
    UART_Init                                0x00000e3d   Thumb Code    54  main.o(i.UART_Init)
    UART_Send                                0x00000e79   Thumb Code    24  main.o(i.UART_Send)
    UART_int_Send                            0x00000e91   Thumb Code    26  main.o(i.UART_int_Send)
    _LCD_Char                                0x00000eb1   Thumb Code   110  main.o(i._LCD_Char)
    __circleBres___drawCircle                0x00000f1f   Thumb Code   116  main.o(i.__circleBres___drawCircle)
    delay_ms                                 0x00000f93   Thumb Code    30  lcd_ili9325_1.o(i.delay_ms)
    init_ILI9325                             0x00000fb1   Thumb Code   468  lcd_ili9325_1.o(i.init_ILI9325)
    lcdConfiguration                         0x00001185   Thumb Code    36  open1768_lcd.o(i.lcdConfiguration)
    lcdRead                                  0x000011ad   Thumb Code    70  open1768_lcd.o(i.lcdRead)
    lcdReadData                              0x000011f9   Thumb Code    50  open1768_lcd.o(i.lcdReadData)
    lcdReadReg                               0x00001231   Thumb Code    20  open1768_lcd.o(i.lcdReadReg)
    lcdSend                                  0x00001245   Thumb Code    40  open1768_lcd.o(i.lcdSend)
    lcdSetCursor                             0x00001271   Thumb Code    24  open1768_lcd.o(i.lcdSetCursor)
    lcdWriteData                             0x00001289   Thumb Code    50  open1768_lcd.o(i.lcdWriteData)
    lcdWriteIndex                            0x000012c1   Thumb Code    60  open1768_lcd.o(i.lcdWriteIndex)
    lcdWriteReg                              0x00001301   Thumb Code    20  open1768_lcd.o(i.lcdWriteReg)
    main                                     0x00001315   Thumb Code   366  main.o(i.main)
    touchpanelGetXY                          0x00001555   Thumb Code    34  tp_open1768.o(i.touchpanelGetXY)
    touchpanelInit                           0x00001579   Thumb Code    34  tp_open1768.o(i.touchpanelInit)
    touchpanelReadX                          0x000015cd   Thumb Code    42  tp_open1768.o(i.touchpanelReadX)
    touchpanelReadY                          0x000015fd   Thumb Code    42  tp_open1768.o(i.touchpanelReadY)
    wait_delay                               0x00001669   Thumb Code    18  open1768_lcd.o(i.wait_delay)
    Region$$Table$$Base                      0x00002264   Number         0  anon$$obj.o(Region$$Table)
    Region$$Table$$Limit                     0x00002294   Number         0  anon$$obj.o(Region$$Table)
    msTicks                                  0x2007c000   Data           4  main.o(.data)
    SystemCoreClock                          0x2007c00c   Data           4  system_lpc17xx.o(.data)
    __libspace_start                         0x2007c0b0   Data          96  libspace.o(.bss)
    __temporary_stack_top$libspace           0x2007c110   Data           0  libspace.o(.bss)



==============================================================================

Memory Map of the image

  Image Entry point : 0x000000cd

  Load Region LR_IROM1 (Base: 0x00000000, Size: 0x000022a4, Max: 0x00080000, ABSOLUTE)

    Execution Region ER_IROM1 (Exec base: 0x00000000, Load base: 0x00000000, Size: 0x00002294, Max: 0x00080000, ABSOLUTE)

    Exec Addr    Load Addr    Size         Type   Attr      Idx    E Section Name        Object

    0x00000000   0x00000000   0x000000cc   Data   RO          675    RESET               startup_lpc17xx.o
    0x000000cc   0x000000cc   0x00000008   Code   RO          757  * !!!main             c_w.l(__main.o)
    0x000000d4   0x000000d4   0x00000034   Code   RO          935    !!!scatter          c_w.l(__scatter.o)
    0x00000108   0x00000108   0x0000001a   Code   RO          937    !!handler_copy      c_w.l(__scatter_copy.o)
    0x00000122   0x00000122   0x00000002   PAD
    0x00000124   0x00000124   0x0000001c   Code   RO          939    !!handler_zi        c_w.l(__scatter_zi.o)
    0x00000140   0x00000140   0x00000000   Code   RO          752    .ARM.Collect$$_printf_percent$$00000000  c_w.l(_printf_percent.o)
    0x00000140   0x00000140   0x00000006   Code   RO          751    .ARM.Collect$$_printf_percent$$00000009  c_w.l(_printf_d.o)
    0x00000146   0x00000146   0x00000004   Code   RO          770    .ARM.Collect$$_printf_percent$$00000017  c_w.l(_printf_percent_end.o)
    0x0000014a   0x0000014a   0x00000002   Code   RO          805    .ARM.Collect$$libinit$$00000000  c_w.l(libinit.o)
    0x0000014c   0x0000014c   0x00000000   Code   RO          818    .ARM.Collect$$libinit$$00000002  c_w.l(libinit2.o)
    0x0000014c   0x0000014c   0x00000000   Code   RO          820    .ARM.Collect$$libinit$$00000004  c_w.l(libinit2.o)
    0x0000014c   0x0000014c   0x00000000   Code   RO          823    .ARM.Collect$$libinit$$0000000A  c_w.l(libinit2.o)
    0x0000014c   0x0000014c   0x00000000   Code   RO          825    .ARM.Collect$$libinit$$0000000C  c_w.l(libinit2.o)
    0x0000014c   0x0000014c   0x00000000   Code   RO          827    .ARM.Collect$$libinit$$0000000E  c_w.l(libinit2.o)
    0x0000014c   0x0000014c   0x00000000   Code   RO          830    .ARM.Collect$$libinit$$00000011  c_w.l(libinit2.o)
    0x0000014c   0x0000014c   0x00000000   Code   RO          832    .ARM.Collect$$libinit$$00000013  c_w.l(libinit2.o)
    0x0000014c   0x0000014c   0x00000000   Code   RO          834    .ARM.Collect$$libinit$$00000015  c_w.l(libinit2.o)
    0x0000014c   0x0000014c   0x00000000   Code   RO          836    .ARM.Collect$$libinit$$00000017  c_w.l(libinit2.o)
    0x0000014c   0x0000014c   0x00000000   Code   RO          838    .ARM.Collect$$libinit$$00000019  c_w.l(libinit2.o)
    0x0000014c   0x0000014c   0x00000000   Code   RO          840    .ARM.Collect$$libinit$$0000001B  c_w.l(libinit2.o)
    0x0000014c   0x0000014c   0x00000000   Code   RO          842    .ARM.Collect$$libinit$$0000001D  c_w.l(libinit2.o)
    0x0000014c   0x0000014c   0x00000000   Code   RO          844    .ARM.Collect$$libinit$$0000001F  c_w.l(libinit2.o)
    0x0000014c   0x0000014c   0x00000000   Code   RO          846    .ARM.Collect$$libinit$$00000021  c_w.l(libinit2.o)
    0x0000014c   0x0000014c   0x00000000   Code   RO          848    .ARM.Collect$$libinit$$00000023  c_w.l(libinit2.o)
    0x0000014c   0x0000014c   0x00000000   Code   RO          850    .ARM.Collect$$libinit$$00000025  c_w.l(libinit2.o)
    0x0000014c   0x0000014c   0x00000000   Code   RO          854    .ARM.Collect$$libinit$$0000002C  c_w.l(libinit2.o)
    0x0000014c   0x0000014c   0x00000000   Code   RO          856    .ARM.Collect$$libinit$$0000002E  c_w.l(libinit2.o)
    0x0000014c   0x0000014c   0x00000000   Code   RO          858    .ARM.Collect$$libinit$$00000030  c_w.l(libinit2.o)
    0x0000014c   0x0000014c   0x00000000   Code   RO          860    .ARM.Collect$$libinit$$00000032  c_w.l(libinit2.o)
    0x0000014c   0x0000014c   0x00000002   Code   RO          861    .ARM.Collect$$libinit$$00000033  c_w.l(libinit2.o)
    0x0000014e   0x0000014e   0x00000002   Code   RO          892    .ARM.Collect$$libshutdown$$00000000  c_w.l(libshutdown.o)
    0x00000150   0x00000150   0x00000000   Code   RO          918    .ARM.Collect$$libshutdown$$00000002  c_w.l(libshutdown2.o)
    0x00000150   0x00000150   0x00000000   Code   RO          920    .ARM.Collect$$libshutdown$$00000004  c_w.l(libshutdown2.o)
    0x00000150   0x00000150   0x00000000   Code   RO          923    .ARM.Collect$$libshutdown$$00000007  c_w.l(libshutdown2.o)
    0x00000150   0x00000150   0x00000000   Code   RO          926    .ARM.Collect$$libshutdown$$0000000A  c_w.l(libshutdown2.o)
    0x00000150   0x00000150   0x00000000   Code   RO          928    .ARM.Collect$$libshutdown$$0000000C  c_w.l(libshutdown2.o)
    0x00000150   0x00000150   0x00000000   Code   RO          931    .ARM.Collect$$libshutdown$$0000000F  c_w.l(libshutdown2.o)
    0x00000150   0x00000150   0x00000002   Code   RO          932    .ARM.Collect$$libshutdown$$00000010  c_w.l(libshutdown2.o)
    0x00000152   0x00000152   0x00000000   Code   RO          759    .ARM.Collect$$rtentry$$00000000  c_w.l(__rtentry.o)
    0x00000152   0x00000152   0x00000000   Code   RO          774    .ARM.Collect$$rtentry$$00000002  c_w.l(__rtentry2.o)
    0x00000152   0x00000152   0x00000006   Code   RO          786    .ARM.Collect$$rtentry$$00000004  c_w.l(__rtentry4.o)
    0x00000158   0x00000158   0x00000000   Code   RO          776    .ARM.Collect$$rtentry$$00000009  c_w.l(__rtentry2.o)
    0x00000158   0x00000158   0x00000004   Code   RO          777    .ARM.Collect$$rtentry$$0000000A  c_w.l(__rtentry2.o)
    0x0000015c   0x0000015c   0x00000000   Code   RO          779    .ARM.Collect$$rtentry$$0000000C  c_w.l(__rtentry2.o)
    0x0000015c   0x0000015c   0x00000008   Code   RO          780    .ARM.Collect$$rtentry$$0000000D  c_w.l(__rtentry2.o)
    0x00000164   0x00000164   0x00000002   Code   RO          809    .ARM.Collect$$rtexit$$00000000  c_w.l(rtexit.o)
    0x00000166   0x00000166   0x00000000   Code   RO          865    .ARM.Collect$$rtexit$$00000002  c_w.l(rtexit2.o)
    0x00000166   0x00000166   0x00000004   Code   RO          866    .ARM.Collect$$rtexit$$00000003  c_w.l(rtexit2.o)
    0x0000016a   0x0000016a   0x00000006   Code   RO          867    .ARM.Collect$$rtexit$$00000004  c_w.l(rtexit2.o)
    0x00000170   0x00000170   0x0000003c   Code   RO          677    .text               startup_lpc17xx.o
    0x000001ac   0x000001ac   0x00000028   Code   RO          725    .text               c_w.l(noretval__2sprintf.o)
    0x000001d4   0x000001d4   0x00000068   Code   RO          727    .text               c_w.l(__printf.o)
    0x0000023c   0x0000023c   0x00000078   Code   RO          729    .text               c_w.l(_printf_dec.o)
    0x000002b4   0x000002b4   0x00000006   Code   RO          755    .text               c_w.l(heapauxi.o)
    0x000002ba   0x000002ba   0x00000002   PAD
    0x000002bc   0x000002bc   0x00000030   Code   RO          766    .text               c_w.l(_printf_char_common.o)
    0x000002ec   0x000002ec   0x0000000a   Code   RO          768    .text               c_w.l(_sputc.o)
    0x000002f6   0x000002f6   0x00000002   Code   RO          881    .text               c_w.l(use_no_semi.o)
    0x000002f8   0x000002f8   0x00000000   Code   RO          883    .text               c_w.l(indicate_semi.o)
    0x000002f8   0x000002f8   0x00000004   Code   RO          430    i.LED_GetCount      led_open1768.o
    0x000002fc   0x000002fc   0x00000004   Code   RO          676    .ARM.__at_0x02FC    startup_lpc17xx.o
    0x00000300   0x00000300   0x0000008a   Code   RO          753    .text               c_w.l(rt_memcpy_v6.o)
    0x0000038a   0x0000038a   0x000000b2   Code   RO          764    .text               c_w.l(_printf_intcommon.o)
    0x0000043c   0x0000043c   0x00000064   Code   RO          771    .text               c_w.l(rt_memcpy_w.o)
    0x000004a0   0x000004a0   0x0000004a   Code   RO          792    .text               c_w.l(sys_stackheap_outer.o)
    0x000004ea   0x000004ea   0x00000012   Code   RO          794    .text               c_w.l(exit.o)
    0x000004fc   0x000004fc   0x00000008   Code   RO          806    .text               c_w.l(libspace.o)
    0x00000504   0x00000504   0x0000000c   Code   RO          862    .text               c_w.l(sys_exit.o)
    0x00000510   0x00000510   0x00000020   Code   RO          489    i.Clear_Channel_active_flag  gpdma_lpc17xx.o
    0x00000530   0x00000530   0x00000180   Code   RO          490    i.DMA_IRQHandler    gpdma_lpc17xx.o
    0x000006b0   0x000006b0   0x00000010   Code   RO            4    i.EINT3_IRQHandler  main.o
    0x000006c0   0x000006c0   0x00000028   Code   RO          587    i.GPIO_PinWrite     gpio_lpc17xx.o
    0x000006e8   0x000006e8   0x0000002c   Code   RO          588    i.GPIO_PortClock    gpio_lpc17xx.o
    0x00000714   0x00000714   0x00000038   Code   RO          591    i.GPIO_SetDir       gpio_lpc17xx.o
    0x0000074c   0x0000074c   0x0000002c   Code   RO          304    i.GetASCIICode      asciilib.o
    0x00000778   0x00000778   0x000000d0   Code   RO            5    i.LCD_Calibrate     main.o
    0x00000848   0x00000848   0x0000003c   Code   RO            6    i.LCD_Char          main.o
    0x00000884   0x00000884   0x0000005e   Code   RO            7    i.LCD_Circle_Bresenham  main.o
    0x000008e2   0x000008e2   0x0000003a   Code   RO            8    i.LCD_Display_Init  main.o
    0x0000091c   0x0000091c   0x00000030   Code   RO            9    i.LCD_Get_Window    main.o
    0x0000094c   0x0000094c   0x000000d2   Code   RO           10    i.LCD_Line_Bresenham  main.o
    0x00000a1e   0x00000a1e   0x00000024   Code   RO           11    i.LCD_Line_Bresenham_yx  main.o
    0x00000a42   0x00000a42   0x00000022   Code   RO           12    i.LCD_Pixel         main.o
    0x00000a64   0x00000a64   0x00000030   Code   RO           13    i.LCD_Set_Window    main.o
    0x00000a94   0x00000a94   0x00000044   Code   RO           15    i.LCD_Touch_Init    main.o
    0x00000ad8   0x00000ad8   0x00000008   Code   RO           16    i.LCD_Touch_Panel_init  main.o
    0x00000ae0   0x00000ae0   0x0000001a   Code   RO           17    i.LCD_Uncal_Touch   main.o
    0x00000afa   0x00000afa   0x00000002   PAD
    0x00000afc   0x00000afc   0x0000005c   Code   RO          431    i.LED_Initialize    led_open1768.o
    0x00000b58   0x00000b58   0x0000002c   Code   RO          432    i.LED_Off           led_open1768.o
    0x00000b84   0x00000b84   0x0000002c   Code   RO          433    i.LED_On            led_open1768.o
    0x00000bb0   0x00000bb0   0x000000fc   Code   RO          640    i.PIN_Configure     pin_lpc17xx.o
    0x00000cac   0x00000cac   0x00000038   Code   RO           18    i.SysTick_Handler   main.o
    0x00000ce4   0x00000ce4   0x00000140   Code   RO          687    i.SystemInit        system_lpc17xx.o
    0x00000e24   0x00000e24   0x00000018   Code   RO           19    i.UART_Char_Send    main.o
    0x00000e3c   0x00000e3c   0x0000003c   Code   RO           20    i.UART_Init         main.o
    0x00000e78   0x00000e78   0x00000018   Code   RO           21    i.UART_Send         main.o
    0x00000e90   0x00000e90   0x00000020   Code   RO           22    i.UART_int_Send     main.o
    0x00000eb0   0x00000eb0   0x0000006e   Code   RO           23    i._LCD_Char         main.o
    0x00000f1e   0x00000f1e   0x00000074   Code   RO           25    i.__circleBres___drawCircle  main.o
    0x00000f92   0x00000f92   0x0000001e   Code   RO          324    i.delay_ms          lcd_ili9325_1.o
    0x00000fb0   0x00000fb0   0x000001d4   Code   RO          325    i.init_ILI9325      lcd_ili9325_1.o
    0x00001184   0x00001184   0x00000028   Code   RO          220    i.lcdConfiguration  open1768_lcd.o
    0x000011ac   0x000011ac   0x0000004c   Code   RO          221    i.lcdRead           open1768_lcd.o
    0x000011f8   0x000011f8   0x00000038   Code   RO          222    i.lcdReadData       open1768_lcd.o
    0x00001230   0x00001230   0x00000014   Code   RO          223    i.lcdReadReg        open1768_lcd.o
    0x00001244   0x00001244   0x0000002c   Code   RO          224    i.lcdSend           open1768_lcd.o
    0x00001270   0x00001270   0x00000018   Code   RO          225    i.lcdSetCursor      open1768_lcd.o
    0x00001288   0x00001288   0x00000038   Code   RO          226    i.lcdWriteData      open1768_lcd.o
    0x000012c0   0x000012c0   0x00000040   Code   RO          227    i.lcdWriteIndex     open1768_lcd.o
    0x00001300   0x00001300   0x00000014   Code   RO          228    i.lcdWriteReg       open1768_lcd.o
    0x00001314   0x00001314   0x0000017c   Code   RO           26    i.main              main.o
    0x00001490   0x00001490   0x0000002a   Code   RO          354    i.touchpanelDelayUS  tp_open1768.o
    0x000014ba   0x000014ba   0x00000002   PAD
    0x000014bc   0x000014bc   0x00000098   Code   RO          355    i.touchpanelDriverDataBusInit  tp_open1768.o
    0x00001554   0x00001554   0x00000022   Code   RO          356    i.touchpanelGetXY   tp_open1768.o
    0x00001576   0x00001576   0x00000002   PAD
    0x00001578   0x00001578   0x00000028   Code   RO          357    i.touchpanelInit    tp_open1768.o
    0x000015a0   0x000015a0   0x0000002c   Code   RO          358    i.touchpanelReadAddress  tp_open1768.o
    0x000015cc   0x000015cc   0x00000030   Code   RO          359    i.touchpanelReadX   tp_open1768.o
    0x000015fc   0x000015fc   0x00000030   Code   RO          360    i.touchpanelReadY   tp_open1768.o
    0x0000162c   0x0000162c   0x0000003c   Code   RO          361    i.touchpanelWriteCmd  tp_open1768.o
    0x00001668   0x00001668   0x00000012   Code   RO          286    i.wait_delay        open1768_lcd.o
    0x0000167a   0x0000167a   0x00000be0   Data   RO          305    .constdata          asciilib.o
    0x0000225a   0x0000225a   0x00000008   Data   RO          436    .constdata          led_open1768.o
    0x00002262   0x00002262   0x00000002   PAD
    0x00002264   0x00002264   0x00000030   Data   RO          933    Region$$Table       anon$$obj.o


    Execution Region RW_IRAM1 (Exec base: 0x10000000, Load base: 0x00002294, Size: 0x00000200, Max: 0x00008000, ABSOLUTE)

    Exec Addr    Load Addr    Size         Type   Attr      Idx    E Section Name        Object

    0x10000000        -       0x00000200   Zero   RW          673    STACK               startup_lpc17xx.o


    Execution Region RW_IRAM2 (Exec base: 0x2007c000, Load base: 0x00002294, Size: 0x00000110, Max: 0x00008000, ABSOLUTE)

    Exec Addr    Load Addr    Size         Type   Attr      Idx    E Section Name        Object

    0x2007c000   0x00002294   0x00000004   Data   RW           27    .data               main.o
    0x2007c004   0x00002298   0x00000008   Data   RW          502    .data               gpdma_lpc17xx.o
    0x2007c00c   0x000022a0   0x00000004   Data   RW          688    .data               system_lpc17xx.o
    0x2007c010        -       0x000000a0   Zero   RW          501    .bss                gpdma_lpc17xx.o
    0x2007c0b0        -       0x00000060   Zero   RW          807    .bss                c_w.l(libspace.o)
    0x2007c110        -       0x00000000   Zero   RW          674    HEAP                startup_lpc17xx.o


==============================================================================

Image component sizes


      Code (inc. data)   RO Data    RW Data    ZI Data      Debug   Object Name

        44          4       3040          0          0       1251   asciilib.o
       416         16          0          8        160       6689   gpdma_lpc17xx.o
       140         14          0          0          0       1703   gpio_lpc17xx.o
       498          0          0          0          0       1154   lcd_ili9325_1.o
       184         12          8          0          0       3243   led_open1768.o
      1716         64          0          4          0      62116   main.o
       418         30          0          0          0       5435   open1768_lcd.o
       252          6          0          0          0        804   pin_lpc17xx.o
        64         26        204          0        512        980   startup_lpc17xx.o
       320         18          0          4          0        787   system_lpc17xx.o
       468         34          0          0          0       4894   tp_open1768.o

    ----------------------------------------------------------------------
      4526        224       3302         16        672      89056   Object Totals
         0          0         48          0          0          0   (incl. Generated)
         6          0          2          0          0          0   (incl. Padding)

    ----------------------------------------------------------------------

      Code (inc. data)   RO Data    RW Data    ZI Data      Debug   Library Member Name

         8          0          0          0          0         68   __main.o
       104          0          0          0          0         84   __printf.o
         0          0          0          0          0          0   __rtentry.o
        12          0          0          0          0          0   __rtentry2.o
         6          0          0          0          0          0   __rtentry4.o
        52          8          0          0          0          0   __scatter.o
        26          0          0          0          0          0   __scatter_copy.o
        28          0          0          0          0          0   __scatter_zi.o
        48          6          0          0          0         96   _printf_char_common.o
         6          0          0          0          0          0   _printf_d.o
       120         16          0          0          0         92   _printf_dec.o
       178          0          0          0          0         88   _printf_intcommon.o
         0          0          0          0          0          0   _printf_percent.o
         4          0          0          0          0          0   _printf_percent_end.o
        10          0          0          0          0         68   _sputc.o
        18          0          0          0          0         80   exit.o
         6          0          0          0          0        152   heapauxi.o
         0          0          0          0          0          0   indicate_semi.o
         2          0          0          0          0          0   libinit.o
         2          0          0          0          0          0   libinit2.o
         2          0          0          0          0          0   libshutdown.o
         2          0          0          0          0          0   libshutdown2.o
         8          4          0          0         96         68   libspace.o
        40          6          0          0          0         84   noretval__2sprintf.o
       138          0          0          0          0         68   rt_memcpy_v6.o
       100          0          0          0          0         80   rt_memcpy_w.o
         2          0          0          0          0          0   rtexit.o
        10          0          0          0          0          0   rtexit2.o
        12          4          0          0          0         68   sys_exit.o
        74          0          0          0          0         80   sys_stackheap_outer.o
         2          0          0          0          0         68   use_no_semi.o

    ----------------------------------------------------------------------
      1024         44          0          0         96       1244   Library Totals
         4          0          0          0          0          0   (incl. Padding)

    ----------------------------------------------------------------------

      Code (inc. data)   RO Data    RW Data    ZI Data      Debug   Library Name

      1020         44          0          0         96       1244   c_w.l

    ----------------------------------------------------------------------
      1024         44          0          0         96       1244   Library Totals

    ----------------------------------------------------------------------

==============================================================================


      Code (inc. data)   RO Data    RW Data    ZI Data      Debug   

      5550        268       3302         16        768      87176   Grand Totals
      5550        268       3302         16        768      87176   ELF Image Totals
      5550        268       3302         16          0          0   ROM Totals

==============================================================================

    Total RO  Size (Code + RO Data)                 8852 (   8.64kB)
    Total RW  Size (RW Data + ZI Data)               784 (   0.77kB)
    Total ROM Size (Code + RO Data + RW Data)       8868 (   8.66kB)

==============================================================================

