<html>
<body>
<pre>
<h1>µVision Build Log</h1>
<h2>Tool Versions:</h2>
IDE-Version: µVision V5.41.0.0
Copyright (C) 2024 ARM Ltd and ARM Germany GmbH. All rights reserved.
License Information: Wojciech Lupa, AGH, LIC=----
 
Tool Versions:
Toolchain:       MDK-Lite  Version: 5.41.0.0
Toolchain Path:  C:\Users\Kurt\AppData\Local\Keil_v5\ARM\ARMCLANG\Bin
C Compiler:      ArmClang.exe V6.22
Assembler:       Armasm.exe V6.22
Linker/Locator:  ArmLink.exe V6.22
Library Manager: ArmAr.exe V6.22
Hex Converter:   FromElf.exe V6.22
CPU DLL:         SARMCM3.DLL V5.41.0.0
Dialog DLL:      DCM.DLL V1.17.5.0
Target DLL:      UL2CM3.DLL V1.164.14.0
Dialog DLL:      TCM.DLL V1.56.4.0
 
<h2>Project:</h2>
C:\Users\Kurt\Documents\GitHub\Systemy_Wbudowane_2024\projekt-z-symulacja\uvision\uv_mock_test.uvprojx
Project File Date:  12/23/2024

<h2>Output:</h2>
*** Using Compiler 'V6.22', folder: 'C:\Users\Kurt\AppData\Local\Keil_v5\ARM\ARMCLANG\Bin'
Build target 'Target_1'
compiling LCD_ILI9325.c...
linking...
Program Size: Code=14892 RO-data=2644 RW-data=40 ZI-data=3736  
".\Objects\uv_mock_test.axf" - 0 Error(s), 0 Warning(s).

<h2>Software Packages used:</h2>

Package Vendor: ARM
                https://www.keil.com/pack/ARM.CMSIS.6.1.0.pack
                ARM::CMSIS@6.1.0
                CMSIS (Common Microcontroller Software Interface Standard)
   * Component: OS Tick Version: 1.0.1
   * Component: CORE Version: 6.1.0
   * Component: SysTick Version: 1.0.5

Package Vendor: Keil
                http://www.keil.com/pack/Keil.LPC1700_DFP.2.6.1.pack
                Keil::LPC1700_DFP@2.6.1
                NXP LPC1700 Series Device Support, Drivers and Examples for MCB1700, Open1768 and LPC1788-32
   * Component: LED Version: 1.0.0
   * Component: GPIO Version: 1.1.0
   * Component: PIN Version: 1.0.0
   * Component: Startup Version: 1.0.0

Package Vendor: Keil
                https://www.keil.com/pack/Keil.MDK-Middleware.7.17.0.pack
                Keil::MDK-Middleware@7.17.0
                Middleware for Keil MDK-Professional and MDK-Plus
   * Component: LED Version: 1.0.0

<h2>Collection of Component include folders:</h2>
  ./RTE/Device/LPC1768
  ./RTE/_Target_1
  C:/Users/Kurt/AppData/Local/Arm/Packs/ARM/CMSIS/6.1.0/CMSIS/Core/Include
  C:/Users/Kurt/AppData/Local/Arm/Packs/ARM/CMSIS/6.1.0/CMSIS/RTOS2/Include
  C:/Users/Kurt/AppData/Local/Arm/Packs/Keil/LPC1700_DFP/2.6.1/Device/Include
  C:/Users/Kurt/AppData/Local/Arm/Packs/Keil/LPC1700_DFP/2.6.1/RTE_Driver
  C:/Users/Kurt/AppData/Local/Arm/Packs/Keil/MDK-Middleware/7.17.0/Board

<h2>Collection of Component Files used:</h2>

   * Component: ::Board Support:LED(API)@1.0.0
      Include file:  Board/Board_LED.h

   * Component: ::CMSIS:OS Tick(API)@1.0.1
      Include file:  CMSIS/RTOS2/Include/os_tick.h

   * Component: ARM::CMSIS:CORE@6.1.0

   * Component: ARM::CMSIS:OS Tick:SysTick@1.0.5
      Source file:   CMSIS/RTOS2/Source/os_systick.c

   * Component: Keil::Board Support&Open1768:LED@1.0.0
      Source file:   Boards/Waveshare/Open1768/Common/LED_Open1768.c

   * Component: Keil::Device:GPIO@1.1.0
      Source file:   RTE_Driver/GPIO_LPC17xx.c
      Include file:  RTE_Driver/GPIO_LPC17xx.h

   * Component: Keil::Device:PIN@1.0.0
      Include file:  RTE_Driver/PIN_LPC17xx.h
      Source file:   RTE_Driver/PIN_LPC17xx.c

   * Component: Keil::Device:Startup@1.0.0
      Source file:   Device/Source/system_LPC17xx.c
      Include file:  Device/Include/LPC17xx.h
      Include file:  RTE_Driver/Config/RTE_Device.h
      Source file:   Device/Source/ARM/startup_LPC17xx.s
Build Time Elapsed:  00:00:00
</pre>
</body>
</html>
