<html>
<body>
<pre>
<h1>µVision Build Log</h1>
<h2>Tool Versions:</h2>
IDE-Version: µVision V5.27.0.0
Copyright (C) 2018 ARM Ltd and ARM Germany GmbH. All rights reserved.
License Information: Andrzej Skoczeñ AGH Flex license: MDK-ARM Professional (mdk_pro) Operation stops: 8 Aug 2026
 
Tool Versions:
Toolchain:       MDK-ARM Professional  Version: 5.27.0.0
Toolchain Path:  C:\Keil_v5\ARM\ARMCLANG\Bin
C Compiler:      ArmClang.exe V6.11
Assembler:       Armasm.exe V6.11
Linker/Locator:  ArmLink.exe V6.11
Library Manager: ArmAr.exe V6.11
Hex Converter:   FromElf.exe V6.11
CPU DLL:         SARMCM3.DLL V5.27.0.0
Dialog DLL:      DCM.DLL V1.17.2.0
Target DLL:      UL2CM3.DLL V1.162.7.0
Dialog DLL:      TCM.DLL V1.36.1.0
 
<h2>Project:</h2>
D:\systemy wbudowane\projekt-z-symulacja\dziala nie ruszac !!!!\proj.uvprojx
Project File Date:  01/22/2025

<h2>Output:</h2>
*** Using Compiler 'V6.11', folder: 'C:\Keil_v5\ARM\ARMCLANG\Bin'
Build target 'Target 1'
../main.c(17): warning: passing 'char [9]' to parameter of type 'uint8_t *' (aka 'unsigned char *') converts between pointers to integer types with different sign [-Wpointer-sign]
    DEBUG("SEARCH: ");
          ^~~~~~~~~~
../mem/../global/global.h(16): note: passing argument to parameter 'str' here
void DEBUG(uint8_t *str);
                    ^
../main.c(19): warning: passing 'char [8]' to parameter of type 'uint8_t *' (aka 'unsigned char *') converts between pointers to integer types with different sign [-Wpointer-sign]
        DEBUG("RESET\r\n");
              ^~~~~~~~~~~
../mem/../global/global.h(16): note: passing argument to parameter 'str' here
void DEBUG(uint8_t *str);
                    ^
../main.c(24): warning: passing 'char [15]' to parameter of type 'uint8_t *' (aka 'unsigned char *') converts between pointers to integer types with different sign [-Wpointer-sign]
        DEBUG("ADDR CRC ERR\r\n");
              ^~~~~~~~~~~~~~~~~~
../mem/../global/global.h(16): note: passing argument to parameter 'str' here
void DEBUG(uint8_t *str);
                    ^
../main.c(30): warning: passing 'char [11]' to parameter of type 'uint8_t *' (aka 'unsigned char *') converts between pointers to integer types with different sign [-Wpointer-sign]
        DEBUG(" BUS ERR\r\n");
              ^~~~~~~~~~~~~~
../mem/../global/global.h(16): note: passing argument to parameter 'str' here
void DEBUG(uint8_t *str);
                    ^
../main.c(36): warning: passing 'char [11]' to parameter of type 'uint8_t *' (aka 'unsigned char *') converts between pointers to integer types with different sign [-Wpointer-sign]
            DEBUG(" BUS ERR\r\n");
                  ^~~~~~~~~~~~~~
../mem/../global/global.h(16): note: passing argument to parameter 'str' here
void DEBUG(uint8_t *str);
                    ^
../main.c(39): warning: passing 'char [16]' to parameter of type 'uint8_t *' (aka 'unsigned char *') converts between pointers to integer types with different sign [-Wpointer-sign]
        DEBUG(" DATA CRC ERR\r\n");
              ^~~~~~~~~~~~~~~~~~~
../mem/../global/global.h(16): note: passing argument to parameter 'str' here
void DEBUG(uint8_t *str);
                    ^
../main.c(42): warning: passing 'char [20]' to parameter of type 'uint8_t *' (aka 'unsigned char *') converts between pointers to integer types with different sign [-Wpointer-sign]
    DEBUG(" GOOD\r\nTEMPERATURE(");
          ^~~~~~~~~~~~~~~~~~~~~~~
../mem/../global/global.h(16): note: passing argument to parameter 'str' here
void DEBUG(uint8_t *str);
                    ^
../main.c(44): warning: passing 'char [2]' to parameter of type 'uint8_t *' (aka 'unsigned char *') converts between pointers to integer types with different sign [-Wpointer-sign]
    DEBUG("_");
          ^~~
../mem/../global/global.h(16): note: passing argument to parameter 'str' here
void DEBUG(uint8_t *str);
                    ^
../main.c(46): warning: passing 'char [2]' to parameter of type 'uint8_t *' (aka 'unsigned char *') converts between pointers to integer types with different sign [-Wpointer-sign]
    DEBUG("_");
          ^~~
../mem/../global/global.h(16): note: passing argument to parameter 'str' here
void DEBUG(uint8_t *str);
                    ^
../main.c(48): warning: passing 'char [4]' to parameter of type 'uint8_t *' (aka 'unsigned char *') converts between pointers to integer types with different sign [-Wpointer-sign]
    DEBUG(")\r\n");
          ^~~~~~~
../mem/../global/global.h(16): note: passing argument to parameter 'str' here
void DEBUG(uint8_t *str);
                    ^
../main.c(67): warning: passing 'char [11]' to parameter of type 'uint8_t *' (aka 'unsigned char *') converts between pointers to integer types with different sign [-Wpointer-sign]
    DEBUG("CMP: ADDR=");
          ^~~~~~~~~~~~
../mem/../global/global.h(16): note: passing argument to parameter 'str' here
void DEBUG(uint8_t *str);
                    ^
../main.c(69): warning: passing 'char [6]' to parameter of type 'uint8_t *' (aka 'unsigned char *') converts between pointers to integer types with different sign [-Wpointer-sign]
    DEBUG(" MEM=");
          ^~~~~~~
../mem/../global/global.h(16): note: passing argument to parameter 'str' here
void DEBUG(uint8_t *str);
                    ^
../main.c(71): warning: passing 'char [6]' to parameter of type 'uint8_t *' (aka 'unsigned char *') converts between pointers to integer types with different sign [-Wpointer-sign]
    DEBUG(" CMP=");
          ^~~~~~~
../mem/../global/global.h(16): note: passing argument to parameter 'str' here
void DEBUG(uint8_t *str);
                    ^
../main.c(73): warning: passing 'char [3]' to parameter of type 'uint8_t *' (aka 'unsigned char *') converts between pointers to integer types with different sign [-Wpointer-sign]
    DEBUG("\r\n");
          ^~~~~~
../mem/../global/global.h(16): note: passing argument to parameter 'str' here
void DEBUG(uint8_t *str);
                    ^
../main.c(126): warning: passing 'char [16]' to parameter of type 'uint8_t *' (aka 'unsigned char *') converts between pointers to integer types with different sign [-Wpointer-sign]
                DEBUG("---------------");
                      ^~~~~~~~~~~~~~~~~
../mem/../global/global.h(16): note: passing argument to parameter 'str' here
void DEBUG(uint8_t *str);
                    ^
../main.c(128): warning: passing 'char [16]' to parameter of type 'uint8_t *' (aka 'unsigned char *') converts between pointers to integer types with different sign [-Wpointer-sign]
                DEBUG("---------------");
                      ^~~~~~~~~~~~~~~~~
../mem/../global/global.h(16): note: passing argument to parameter 'str' here
void DEBUG(uint8_t *str);
                    ^
../main.c(150): warning: passing 'char [7]' to parameter of type 'uint8_t *' (aka 'unsigned char *') converts between pointers to integer types with different sign [-Wpointer-sign]
    DEBUG("FEED: ");
          ^~~~~~~~
../mem/../global/global.h(16): note: passing argument to parameter 'str' here
void DEBUG(uint8_t *str);
                    ^
../main.c(168): warning: passing 'char [16]' to parameter of type 'uint8_t *' (aka 'unsigned char *') converts between pointers to integer types with different sign [-Wpointer-sign]
            DEBUG(" ADDR CRC ERR\r\n");
                  ^~~~~~~~~~~~~~~~~~~
../mem/../global/global.h(16): note: passing argument to parameter 'str' here
void DEBUG(uint8_t *str);
                    ^
../main.c(172): warning: passing 'char [11]' to parameter of type 'uint8_t *' (aka 'unsigned char *') converts between pointers to integer types with different sign [-Wpointer-sign]
            DEBUG(" BUS ERR\r\n");
                  ^~~~~~~~~~~~~~
../mem/../global/global.h(16): note: passing argument to parameter 'str' here
void DEBUG(uint8_t *str);
                    ^
../main.c(176): warning: passing 'char [16]' to parameter of type 'uint8_t *' (aka 'unsigned char *') converts between pointers to integer types with different sign [-Wpointer-sign]
            DEBUG(" DATA CRC ERR\r\n");
                  ^~~~~~~~~~~~~~~~~~~
../mem/../global/global.h(16): note: passing argument to parameter 'str' here
void DEBUG(uint8_t *str);
                    ^
../main.c(180): warning: passing 'char [11]' to parameter of type 'uint8_t *' (aka 'unsigned char *') converts between pointers to integer types with different sign [-Wpointer-sign]
            DEBUG(" MISSING\r\n");
                  ^~~~~~~~~~~~~~
../mem/../global/global.h(16): note: passing argument to parameter 'str' here
void DEBUG(uint8_t *str);
                    ^
../main.c(184): warning: passing 'char [8]' to parameter of type 'uint8_t *' (aka 'unsigned char *') converts between pointers to integer types with different sign [-Wpointer-sign]
            DEBUG(" GOOD\r\n");
                  ^~~~~~~~~~~
../mem/../global/global.h(16): note: passing argument to parameter 'str' here
void DEBUG(uint8_t *str);
                    ^
../main.c(185): warning: passing 'uint8_t [10]' to parameter of type 'char *' converts between pointers to integer types with different sign [-Wpointer-sign]
            sprintf(buf_f, "%6.2f", onewire_DS18B20_get_celsius());
                    ^~~~~
C:\Keil_v5\ARM\ARMCLANG\Bin\..\include\stdio.h(417): note: passing argument to parameter here
extern _ARMABI int sprintf(char * __restrict /*s*/, const char * __restrict /*format*/, ...) __attribute__((__nonnull__(1,2)));
                                                  ^
../main.c(186): warning: passing 'uint8_t [10]' to parameter of type 'const char *' converts between pointers to integer types with different sign [-Wpointer-sign]
            LCD_Text(X + O, Y, buf_f, LCDWhite);
                               ^~~~~
../lcd/lcd.h(28): note: passing argument to parameter 's' here
void LCD_Text(int x, int y, const char *s, uint16_t color);
                                        ^
../main.c(191): warning: passing 'char [55]' to parameter of type 'uint8_t *' (aka 'unsigned char *') converts between pointers to integer types with different sign [-Wpointer-sign]
            DEBUG("unreachable!!!!!!!!!!!!!!!!!!!!!!!!!!!!!!!!!!!!!!!!!!!");
                  ^~~~~~~~~~~~~~~~~~~~~~~~~~~~~~~~~~~~~~~~~~~~~~~~~~~~~~~~
../mem/../global/global.h(16): note: passing argument to parameter 'str' here
void DEBUG(uint8_t *str);
                    ^
../main.c(193): warning: passing 'char [3]' to parameter of type 'uint8_t *' (aka 'unsigned char *') converts between pointers to integer types with different sign [-Wpointer-sign]
            DEBUG("\r\n");
                  ^~~~~~
../mem/../global/global.h(16): note: passing argument to parameter 'str' here
void DEBUG(uint8_t *str);
                    ^
../main.c(237): warning: passing 'char [6]' to parameter of type 'uint8_t *' (aka 'unsigned char *') converts between pointers to integer types with different sign [-Wpointer-sign]
                DEBUG("PUSH ");
                      ^~~~~~~
../mem/../global/global.h(16): note: passing argument to parameter 'str' here
void DEBUG(uint8_t *str);
                    ^
../main.c(239): warning: passing 'char [3]' to parameter of type 'uint8_t *' (aka 'unsigned char *') converts between pointers to integer types with different sign [-Wpointer-sign]
                DEBUG("\r\n");
                      ^~~~~~
../mem/../global/global.h(16): note: passing argument to parameter 'str' here
void DEBUG(uint8_t *str);
                    ^
../main.c(247): warning: passing 'char [7]' to parameter of type 'uint8_t *' (aka 'unsigned char *') converts between pointers to integer types with different sign [-Wpointer-sign]
            DEBUG("RESET ");
                  ^~~~~~~~
../mem/../global/global.h(16): note: passing argument to parameter 'str' here
void DEBUG(uint8_t *str);
                    ^
../main.c(258): warning: passing 'char [2]' to parameter of type 'uint8_t *' (aka 'unsigned char *') converts between pointers to integer types with different sign [-Wpointer-sign]
            DEBUG(" ");
                  ^~~
../mem/../global/global.h(16): note: passing argument to parameter 'str' here
void DEBUG(uint8_t *str);
                    ^
../main.c(260): warning: passing 'char [3]' to parameter of type 'uint8_t *' (aka 'unsigned char *') converts between pointers to integer types with different sign [-Wpointer-sign]
            DEBUG("\r\n");
                  ^~~~~~
../mem/../global/global.h(16): note: passing argument to parameter 'str' here
void DEBUG(uint8_t *str);
                    ^
31 warnings generated.
compiling main.c...
linking...
Program Size: Code=12336 RO-data=2404 RW-data=40 ZI-data=3984  
".\Objects\proj.axf" - 0 Error(s), 31 Warning(s).

<h2>Software Packages used:</h2>

Package Vendor: ARM
                http://www.keil.com/pack/ARM.CMSIS.5.5.1.pack
                ARM.CMSIS.5.5.1
                CMSIS (Cortex Microcontroller Software Interface Standard)
   * Component: CORE Version: 5.2.0

Package Vendor: Keil
                http://www.keil.com/pack/Keil.LPC1700_DFP.2.6.1.pack
                Keil.LPC1700_DFP.2.6.1
                NXP LPC1700 Series Device Support, Drivers and Examples for MCB1700, Open1768 and LPC1788-32
   * Component: GPDMA Version: 1.2.0
   * Component: GPIO Version: 1.1.0
   * Component: PIN Version: 1.0.0
   * Component: Startup Version: 1.0.0

<h2>Collection of Component include folders:</h2>
  .\RTE\Device\LPC1768
  .\RTE\_Target_1
  C:\Keil_v5\ARM\PACK\ARM\CMSIS\5.5.1\CMSIS\Core\Include
  C:\Keil_v5\ARM\PACK\Keil\LPC1700_DFP\2.6.1\Device\Include
  C:\Keil_v5\ARM\PACK\Keil\LPC1700_DFP\2.6.1\RTE_Driver

<h2>Collection of Component Files used:</h2>

   * Component: ARM::CMSIS:CORE:5.2.0

   * Component: Keil::Device:GPDMA:1.2.0
      Source file:   RTE_Driver\GPDMA_LPC17xx.c
      Include file:  RTE_Driver\GPDMA_LPC17xx.h

   * Component: Keil::Device:GPIO:1.1.0
      Include file:  RTE_Driver\GPIO_LPC17xx.h
      Source file:   RTE_Driver\GPIO_LPC17xx.c

   * Component: Keil::Device:PIN:1.0.0
      Include file:  RTE_Driver\PIN_LPC17xx.h
      Source file:   RTE_Driver\PIN_LPC17xx.c

   * Component: Keil::Device:Startup:1.0.0
      Source file:   Device\Source\ARM\startup_LPC17xx.s
      Include file:  Device\Include\LPC17xx.h
      Include file:  RTE_Driver\Config\RTE_Device.h
      Source file:   Device\Source\system_LPC17xx.c
Build Time Elapsed:  00:00:00
</pre>
</body>
</html>
