Component: ARM Compiler 6.11 Tool: armlink [5d3b3900]

==============================================================================

Section Cross References

    main.o(.text) refers (Special) to _printf_c.o(.ARM.Collect$$_printf_percent$$00000013) for _printf_c
    main.o(.text) refers (Special) to _printf_d.o(.ARM.Collect$$_printf_percent$$00000009) for _printf_d
    main.o(.text) refers (Special) to _printf_f.o(.ARM.Collect$$_printf_percent$$00000003) for _printf_f
    main.o(.text) refers (Special) to printf1.o(x$fpl$printf1) for _printf_fp_dec
    main.o(.text) refers (Special) to _printf_i.o(.ARM.Collect$$_printf_percent$$00000008) for _printf_i
    main.o(.text) refers (Special) to _printf_dec.o(.text) for _printf_int_dec
    main.o(.text) refers (Special) to _printf_lc.o(.ARM.Collect$$_printf_percent$$00000015) for _printf_lc
    main.o(.text) refers (Special) to _printf_hex_int.o(.text) for _printf_longlong_hex
    main.o(.text) refers (Special) to _printf_oct_int.o(.text) for _printf_longlong_oct
    main.o(.text) refers (Special) to _printf_o.o(.ARM.Collect$$_printf_percent$$0000000B) for _printf_o
    main.o(.text) refers (Special) to _printf_percent.o(.ARM.Collect$$_printf_percent$$00000000) for _printf_percent
    main.o(.text) refers (Special) to _printf_pad.o(.text) for _printf_pre_padding
    main.o(.text) refers (Special) to _printf_str.o(.text) for _printf_str
    main.o(.text) refers (Special) to _printf_truncate.o(.text) for _printf_truncate_signed
    main.o(.text) refers (Special) to _printf_u.o(.ARM.Collect$$_printf_percent$$0000000A) for _printf_u
    main.o(.text) refers (Special) to _printf_wctomb.o(.text) for _printf_wctomb
    main.o(.text) refers (Special) to _printf_x.o(.ARM.Collect$$_printf_percent$$0000000C) for _printf_x
    main.o(.text.OnMockDestroyWindow) refers (Special) to _printf_c.o(.ARM.Collect$$_printf_percent$$00000013) for _printf_c
    main.o(.text.OnMockDestroyWindow) refers (Special) to _printf_d.o(.ARM.Collect$$_printf_percent$$00000009) for _printf_d
    main.o(.text.OnMockDestroyWindow) refers (Special) to _printf_f.o(.ARM.Collect$$_printf_percent$$00000003) for _printf_f
    main.o(.text.OnMockDestroyWindow) refers (Special) to printf1.o(x$fpl$printf1) for _printf_fp_dec
    main.o(.text.OnMockDestroyWindow) refers (Special) to _printf_i.o(.ARM.Collect$$_printf_percent$$00000008) for _printf_i
    main.o(.text.OnMockDestroyWindow) refers (Special) to _printf_dec.o(.text) for _printf_int_dec
    main.o(.text.OnMockDestroyWindow) refers (Special) to _printf_lc.o(.ARM.Collect$$_printf_percent$$00000015) for _printf_lc
    main.o(.text.OnMockDestroyWindow) refers (Special) to _printf_hex_int.o(.text) for _printf_longlong_hex
    main.o(.text.OnMockDestroyWindow) refers (Special) to _printf_oct_int.o(.text) for _printf_longlong_oct
    main.o(.text.OnMockDestroyWindow) refers (Special) to _printf_o.o(.ARM.Collect$$_printf_percent$$0000000B) for _printf_o
    main.o(.text.OnMockDestroyWindow) refers (Special) to _printf_percent.o(.ARM.Collect$$_printf_percent$$00000000) for _printf_percent
    main.o(.text.OnMockDestroyWindow) refers (Special) to _printf_pad.o(.text) for _printf_pre_padding
    main.o(.text.OnMockDestroyWindow) refers (Special) to _printf_str.o(.text) for _printf_str
    main.o(.text.OnMockDestroyWindow) refers (Special) to _printf_truncate.o(.text) for _printf_truncate_signed
    main.o(.text.OnMockDestroyWindow) refers (Special) to _printf_u.o(.ARM.Collect$$_printf_percent$$0000000A) for _printf_u
    main.o(.text.OnMockDestroyWindow) refers (Special) to _printf_wctomb.o(.text) for _printf_wctomb
    main.o(.text.OnMockDestroyWindow) refers (Special) to _printf_x.o(.ARM.Collect$$_printf_percent$$0000000C) for _printf_x
    main.o(.text.OnMockDestroyWindow) refers to onewire_ds18b20.o(.text.onewire_DS18B20_cleanup) for onewire_DS18B20_cleanup
    main.o(.ARM.exidx.text.OnMockDestroyWindow) refers (Special) to _printf_c.o(.ARM.Collect$$_printf_percent$$00000013) for _printf_c
    main.o(.ARM.exidx.text.OnMockDestroyWindow) refers (Special) to _printf_d.o(.ARM.Collect$$_printf_percent$$00000009) for _printf_d
    main.o(.ARM.exidx.text.OnMockDestroyWindow) refers (Special) to _printf_f.o(.ARM.Collect$$_printf_percent$$00000003) for _printf_f
    main.o(.ARM.exidx.text.OnMockDestroyWindow) refers (Special) to printf1.o(x$fpl$printf1) for _printf_fp_dec
    main.o(.ARM.exidx.text.OnMockDestroyWindow) refers (Special) to _printf_i.o(.ARM.Collect$$_printf_percent$$00000008) for _printf_i
    main.o(.ARM.exidx.text.OnMockDestroyWindow) refers (Special) to _printf_dec.o(.text) for _printf_int_dec
    main.o(.ARM.exidx.text.OnMockDestroyWindow) refers (Special) to _printf_lc.o(.ARM.Collect$$_printf_percent$$00000015) for _printf_lc
    main.o(.ARM.exidx.text.OnMockDestroyWindow) refers (Special) to _printf_hex_int.o(.text) for _printf_longlong_hex
[...]
    !!handler_copy                           0x00000108   Section       26  __scatter_copy.o(!!handler_copy)
    !!handler_zi                             0x00000124   Section       28  __scatter_zi.o(!!handler_zi)
    .ARM.Collect$$_printf_percent$$00000000  0x00000140   Section        0  _printf_percent.o(.ARM.Collect$$_printf_percent$$00000000)
    .ARM.Collect$$_printf_percent$$00000003  0x00000140   Section        6  _printf_f.o(.ARM.Collect$$_printf_percent$$00000003)
    .ARM.Collect$$_printf_percent$$00000008  0x00000146   Section        6  _printf_i.o(.ARM.Collect$$_printf_percent$$00000008)
    .ARM.Collect$$_printf_percent$$00000009  0x0000014c   Section        6  _printf_d.o(.ARM.Collect$$_printf_percent$$00000009)
    .ARM.Collect$$_printf_percent$$0000000A  0x00000152   Section        6  _printf_u.o(.ARM.Collect$$_printf_percent$$0000000A)
    .ARM.Collect$$_printf_percent$$0000000B  0x00000158   Section        6  _printf_o.o(.ARM.Collect$$_printf_percent$$0000000B)
    .ARM.Collect$$_printf_percent$$0000000C  0x0000015e   Section        6  _printf_x.o(.ARM.Collect$$_printf_percent$$0000000C)
    .ARM.Collect$$_printf_percent$$00000012  0x00000164   Section       10  _printf_l.o(.ARM.Collect$$_printf_percent$$00000012)
    .ARM.Collect$$_printf_percent$$00000013  0x0000016e   Section        6  _printf_c.o(.ARM.Collect$$_printf_percent$$00000013)
    .ARM.Collect$$_printf_percent$$00000015  0x00000174   Section        6  _printf_lc.o(.ARM.Collect$$_printf_percent$$00000015)
    .ARM.Collect$$_printf_percent$$00000017  0x0000017a   Section        4  _printf_percent_end.o(.ARM.Collect$$_printf_percent$$00000017)
    .ARM.Collect$$libinit$$00000000          0x0000017e   Section        2  libinit.o(.ARM.Collect$$libinit$$00000000)
    .ARM.Collect$$libinit$$00000002          0x00000180   Section        0  libinit2.o(.ARM.Collect$$libinit$$00000002)
    .ARM.Collect$$libinit$$00000004          0x00000180   Section        0  libinit2.o(.ARM.Collect$$libinit$$00000004)
    .ARM.Collect$$libinit$$0000000A          0x00000180   Section        0  libinit2.o(.ARM.Collect$$libinit$$0000000A)
    .ARM.Collect$$libinit$$0000000C          0x00000180   Section        0  libinit2.o(.ARM.Collect$$libinit$$0000000C)
    .ARM.Collect$$libinit$$0000000E          0x00000180   Section        0  libinit2.o(.ARM.Collect$$libinit$$0000000E)
    .ARM.Collect$$libinit$$0000000F          0x00000180   Section        6  libinit2.o(.ARM.Collect$$libinit$$0000000F)
    .ARM.Collect$$libinit$$00000011          0x00000186   Section        0  libinit2.o(.ARM.Collect$$libinit$$00000011)
    .ARM.Collect$$libinit$$00000012          0x00000186   Section       12  libinit2.o(.ARM.Collect$$libinit$$00000012)
    .ARM.Collect$$libinit$$00000013          0x00000192   Section        0  libinit2.o(.ARM.Collect$$libinit$$00000013)
    .ARM.Collect$$libinit$$00000015          0x00000192   Section        0  libinit2.o(.ARM.Collect$$libinit$$00000015)
    .ARM.Collect$$libinit$$00000016          0x00000192   Section       10  libinit2.o(.ARM.Collect$$libinit$$00000016)
    .ARM.Collect$$libinit$$00000017          0x0000019c   Section        0  libinit2.o(.ARM.Collect$$libinit$$00000017)
    .ARM.Collect$$libinit$$00000019          0x0000019c   Section        0  libinit2.o(.ARM.Collect$$libinit$$00000019)
    .ARM.Collect$$libinit$$0000001B          0x0000019c   Section        0  libinit2.o(.ARM.Collect$$libinit$$0000001B)
    .ARM.Collect$$libinit$$0000001D          0x0000019c   Section        0  libinit2.o(.ARM.Collect$$libinit$$0000001D)
    .ARM.Collect$$libinit$$0000001F          0x0000019c   Section        0  libinit2.o(.ARM.Collect$$libinit$$0000001F)
    .ARM.Collect$$libinit$$00000021          0x0000019c   Section        0  libinit2.o(.ARM.Collect$$libinit$$00000021)
    .ARM.Collect$$libinit$$00000023          0x0000019c   Section        0  libinit2.o(.ARM.Collect$$libinit$$00000023)
    .ARM.Collect$$libinit$$00000025          0x0000019c   Section        0  libinit2.o(.ARM.Collect$$libinit$$00000025)
    .ARM.Collect$$libinit$$0000002C          0x0000019c   Section        0  libinit2.o(.ARM.Collect$$libinit$$0000002C)
    .ARM.Collect$$libinit$$0000002E          0x0000019c   Section        0  libinit2.o(.ARM.Collect$$libinit$$0000002E)
    .ARM.Collect$$libinit$$00000030          0x0000019c   Section        0  libinit2.o(.ARM.Collect$$libinit$$00000030)
    .ARM.Collect$$libinit$$00000032          0x0000019c   Section        0  libinit2.o(.ARM.Collect$$libinit$$00000032)
    .ARM.Collect$$libinit$$00000033          0x0000019c   Section        2  libinit2.o(.ARM.Collect$$libinit$$00000033)
    .ARM.Collect$$libshutdown$$00000000      0x0000019e   Section        2  libshutdown.o(.ARM.Collect$$libshutdown$$00000000)
    .ARM.Collect$$libshutdown$$00000002      0x000001a0   Section        0  libshutdown2.o(.ARM.Collect$$libshutdown$$00000002)
    .ARM.Collect$$libshutdown$$00000004      0x000001a0   Section        0  libshutdown2.o(.ARM.Collect$$libshutdown$$00000004)
    .ARM.Collect$$libshutdown$$00000007      0x000001a0   Section        0  libshutdown2.o(.ARM.Collect$$libshutdown$$00000007)
    .ARM.Collect$$libshutdown$$0000000A      0x000001a0   Section        0  libshutdown2.o(.ARM.Collect$$libshutdown$$0000000A)
    .ARM.Collect$$libshutdown$$0000000C      0x000001a0   Section        0  libshutdown2.o(.ARM.Collect$$libshutdown$$0000000C)
    .ARM.Collect$$libshutdown$$0000000F      0x000001a0   Section        0  libshutdown2.o(.ARM.Collect$$libshutdown$$0000000F)
    .ARM.Collect$$libshutdown$$00000010      0x000001a0   Section        2  libshutdown2.o(.ARM.Collect$$libshutdown$$00000010)
    .ARM.Collect$$rtentry$$00000000          0x000001a2   Section        0  __rtentry.o(.ARM.Collect$$rtentry$$00000000)
    .ARM.Collect$$rtentry$$00000002          0x000001a2   Section        0  __rtentry2.o(.ARM.Collect$$rtentry$$00000002)
    .ARM.Collect$$rtentry$$00000004          0x000001a2   Section        6  __rtentry4.o(.ARM.Collect$$rtentry$$00000004)
    .ARM.Collect$$rtentry$$00000009          0x000001a8   Section        0  __rtentry2.o(.ARM.Collect$$rtentry$$00000009)
    .ARM.Collect$$rtentry$$0000000A          0x000001a8   Section        4  __rtentry2.o(.ARM.Collect$$rtentry$$0000000A)
    .ARM.Collect$$rtentry$$0000000C          0x000001ac   Section        0  __rtentry2.o(.ARM.Collect$$rtentry$$0000000C)
    .ARM.Collect$$rtentry$$0000000D          0x000001ac   Section        8  __rtentry2.o(.ARM.Collect$$rtentry$$0000000D)
    .ARM.Collect$$rtexit$$00000000           0x000001b4   Section        2  rtexit.o(.ARM.Collect$$rtexit$$00000000)
    .ARM.Collect$$rtexit$$00000002           0x000001b6   Section        0  rtexit2.o(.ARM.Collect$$rtexit$$00000002)
    .ARM.Collect$$rtexit$$00000003           0x000001b6   Section        4  rtexit2.o(.ARM.Collect$$rtexit$$00000003)
    .ARM.Collect$$rtexit$$00000004           0x000001ba   Section        6  rtexit2.o(.ARM.Collect$$rtexit$$00000004)
    .text                                    0x000001c0   Section       60  startup_lpc17xx.o(.text)
    .text                                    0x000001fc   Section        0  noretval__2sprintf.o(.text)
    .text                                    0x00000224   Section        0  noretval__2snprintf.o(.text)
    .text                                    0x00000258   Section        0  _printf_pad.o(.text)
    .text                                    0x000002a6   Section        0  _printf_truncate.o(.text)
    .text                                    0x000002ca   Section        0  heapauxi.o(.text)
    .text                                    0x000002d0   Section        0  _sputc.o(.text)
    .text                                    0x000002da   Section        0  _snputc.o(.text)
    .text                                    0x000002ec   Section       16  rt_ctype_table.o(.text)
    .ARM.__at_0x02FC                         0x000002fc   Section        4  startup_lpc17xx.o(.ARM.__at_0x02FC)
    .text                                    0x00000300   Section        0  _printf_str.o(.text)
    .text                                    0x00000354   Section        0  _printf_dec.o(.text)
    .text                                    0x000003cc   Section        0  _printf_wctomb.o(.text)
    .text                                    0x00000488   Section        0  _printf_oct_int.o(.text)
    .text                                    0x000004dc   Section        0  _printf_hex_int.o(.text)
    .text                                    0x00000534   Section        0  __printf_flags_ss_wp.o(.text)
    .text                                    0x000006bc   Section        0  memcmp.o(.text)
    .text                                    0x00000714   Section        0  strlen.o(.text)
    .text                                    0x00000752   Section       78  rt_memclr_w.o(.text)
    .text                                    0x000007a0   Section        0  _printf_intcommon.o(.text)
    _fp_digits                               0x00000853   Thumb Code   432  _printf_fp_dec.o(.text)
    .text                                    0x00000852   Section        0  _printf_fp_dec.o(.text)
    _printf_input_char                       0x00000c71   Thumb Code    10  _printf_char_common.o(.text)
    .text                                    0x00000c70   Section        0  _printf_char_common.o(.text)
    .text                                    0x00000ca0   Section        0  _printf_char.o(.text)
    .text                                    0x00000ccc   Section        0  _printf_wchar.o(.text)
    .text                                    0x00000cf8   Section        0  _c16rtomb.o(.text)
    .text                                    0x00000d40   Section        8  rt_locale_intlibspace.o(.text)
    .text                                    0x00000d48   Section      138  lludiv10.o(.text)
    .text                                    0x00000dd4   Section        0  _printf_fp_infnan.o(.text)
    .text                                    0x00000e54   Section        0  bigflt0.o(.text)
    .text                                    0x00000f38   Section        8  libspace.o(.text)
    .text                                    0x00000f40   Section       74  sys_stackheap_outer.o(.text)
    .text                                    0x00000f8a   Section        0  exit.o(.text)
    .text                                    0x00000f9c   Section      128  strcmpv7m.o(.text)
    .text                                    0x0000101c   Section        0  sys_exit.o(.text)
    .text                                    0x00001028   Section        2  use_no_semi.o(.text)
    .text                                    0x0000102a   Section        0  indicate_semi.o(.text)
    Clear_Channel_active_flag                0x0000102d   Thumb Code    32  gpdma_lpc17xx.o(.text.Clear_Channel_active_flag)
    [Anonymous Symbol]                       0x0000102c   Section        0  gpdma_lpc17xx.o(.text.Clear_Channel_active_flag)
    [Anonymous Symbol]                       0x0000104c   Section        0  global_embed.o(.text.DEBUG)
    [Anonymous Symbol]                       0x00001050   Section        0  global_embed.o(.text.DEBUG_addr)
    [Anonymous Symbol]                       0x000010c8   Section        0  global_embed.o(.text.DEBUG_float)
    [Anonymous Symbol]                       0x000010f4   Section        0  global_embed.o(.text.DEBUG_int)
    [Anonymous Symbol]                       0x00001118   Section        0  gpdma_lpc17xx.o(.text.DMA_IRQHandler)
    [Anonymous Symbol]                       0x00001210   Section        0  gpio_lpc17xx.o(.text.GPIO_PinRead)
    [Anonymous Symbol]                       0x0000122c   Section        0  gpio_lpc17xx.o(.text.GPIO_PinWrite)
    [Anonymous Symbol]                       0x00001248   Section        0  asciilib.o(.text.GetASCIICode)
    [Anonymous Symbol]                       0x00001288   Section        0  lcd.o(.text.LCD_Addr)
    [Anonymous Symbol]                       0x00001324   Section        0  lcd.o(.text.LCD_Background)
    [Anonymous Symbol]                       0x00001340   Section        0  lcd.o(.text.LCD_Char)
    [Anonymous Symbol]                       0x000013a4   Section        0  lcd.o(.text.LCD_Line)
    [Anonymous Symbol]                       0x00001424   Section        0  lcd.o(.text.LCD_Pixel)
    [Anonymous Symbol]                       0x0000144c   Section        0  lcd.o(.text.LCD_Text)
    [Anonymous Symbol]                       0x00001478   Section        0  lcd.o(.text.LCD_setup)
    [Anonymous Symbol]                       0x000014a0   Section        0  main.o(.text.MEM_cmp)
    [Anonymous Symbol]                       0x00001530   Section        0  mem.o(.text.MEM_idx)
    [Anonymous Symbol]                       0x0000153c   Section        0  mem.o(.text.MEM_pop)
    [Anonymous Symbol]                       0x0000156c   Section        0  mem.o(.text.MEM_push)
    [Anonymous Symbol]                       0x000015c4   Section        0  mem.o(.text.MEM_reset)
    [Anonymous Symbol]                       0x000015f0   Section        0  mem.o(.text.MEM_setup)
    [Anonymous Symbol]                       0x00001638   Section        0  mem.o(.text.MEM_size)
    [Anonymous Symbol]                       0x00001644   Section        0  mem.o(.text.MEM_top)
    [Anonymous Symbol]                       0x00001650   Section        0  pin_lpc17xx.o(.text.PIN_Configure)
    SysTick_Config                           0x000016d1   Thumb Code    36  global_embed.o(.text.SysTick_Config)
    [Anonymous Symbol]                       0x000016d0   Section        0  global_embed.o(.text.SysTick_Config)
    [Anonymous Symbol]                       0x000016f4   Section        0  global_embed.o(.text.SysTick_Handler)
    [Anonymous Symbol]                       0x00001704   Section        0  system_lpc17xx.o(.text.SystemInit)
    [Anonymous Symbol]                       0x000017d0   Section        0  global_embed.o(.text.UART0_Init)
    [Anonymous Symbol]                       0x00001810   Section        0  global_embed.o(.text.UART_Char_Send)
    [Anonymous Symbol]                       0x00001824   Section        0  global_embed.o(.text.UART_Send)
    __NVIC_SetPriority                       0x00001841   Thumb Code    14  global_embed.o(.text.__NVIC_SetPriority)
    [Anonymous Symbol]                       0x00001840   Section        0  global_embed.o(.text.__NVIC_SetPriority)
    [Anonymous Symbol]                       0x00001850   Section        0  main.o(.text.border_layout)
    [Anonymous Symbol]                       0x0000189c   Section        0  global_embed.o(.text.delay_ms)
    [Anonymous Symbol]                       0x000018a8   Section        0  global_embed.o(.text.delay_us)
    [Anonymous Symbol]                       0x000018c4   Section        0  main.o(.text.feed_ui)
    [Anonymous Symbol]                       0x00001acc   Section        0  main.o(.text.gather_device)
    [Anonymous Symbol]                       0x00001bc0   Section        0  global_embed.o(.text.global_setup)
    [Anonymous Symbol]                       0x00001be8   Section        0  lcd_ili9325.o(.text.init_ILI9325)
    [Anonymous Symbol]                       0x00001da0   Section        0  open1768_lcd.o(.text.lcdConfiguration)
    [Anonymous Symbol]                       0x00001dc8   Section        0  open1768_lcd.o(.text.lcdRead)
    [Anonymous Symbol]                       0x00001e08   Section        0  open1768_lcd.o(.text.lcdReadData)
    [Anonymous Symbol]                       0x00001e3c   Section        0  open1768_lcd.o(.text.lcdReadReg)
    [Anonymous Symbol]                       0x00001e4c   Section        0  open1768_lcd.o(.text.lcdSend)
    [Anonymous Symbol]                       0x00001e78   Section        0  open1768_lcd.o(.text.lcdWriteData)
    [Anonymous Symbol]                       0x00001ea4   Section        0  open1768_lcd.o(.text.lcdWriteIndex)
    [Anonymous Symbol]                       0x00001edc   Section        0  open1768_lcd.o(.text.lcdWriteReg)
    [Anonymous Symbol]                       0x00001ef0   Section        0  main.o(.text.main)
    [Anonymous Symbol]                       0x00002054   Section        0  main.o(.text.on_last_page)
    [Anonymous Symbol]                       0x000020cc   Section        0  onewire_ds18b20.o(.text.onewire_DS18B20_convert)
    [Anonymous Symbol]                       0x00002114   Section        0  onewire_ds18b20.o(.text.onewire_DS18B20_get_bits_resolution)
    [Anonymous Symbol]                       0x00002138   Section        0  onewire_ds18b20.o(.text.onewire_DS18B20_get_celsius)
    [Anonymous Symbol]                       0x0000217c   Section        0  onewire_ds18b20.o(.text.onewire_DS18B20_get_precision)
    [Anonymous Symbol]                       0x000021a8   Section        0  onewire_ds18b20.o(.text.onewire_DS18B20_read_scratchpad)
    [Anonymous Symbol]                       0x00002200   Section        0  onewire_ds18b20.o(.text.onewire_DS18B20_setup)
    [Anonymous Symbol]                       0x00002214   Section        0  onewire_ds18b20.o(.text.onewire_crc8)
    [Anonymous Symbol]                       0x00002244   Section        0  onewire_ds18b20.o(.text.onewire_read)
    [Anonymous Symbol]                       0x00002264   Section        0  onewire_ds18b20.o(.text.onewire_read_bit)
    [Anonymous Symbol]                       0x0000229c   Section        0  onewire_ds18b20.o(.text.onewire_reset)
    [Anonymous Symbol]                       0x000022dc   Section        0  onewire_ds18b20.o(.text.onewire_reset_search)
    [Anonymous Symbol]                       0x0000230c   Section        0  onewire_ds18b20.o(.text.onewire_search)
    [Anonymous Symbol]                       0x0000243c   Section        0  onewire_ds18b20.o(.text.onewire_select)
    [Anonymous Symbol]                       0x00002458   Section        0  onewire_ds18b20.o(.text.onewire_setup)
    [Anonymous Symbol]                       0x00002478   Section        0  onewire_ds18b20.o(.text.onewire_skip)
    [Anonymous Symbol]                       0x00002480   Section        0  onewire_ds18b20.o(.text.onewire_write)
    [Anonymous Symbol]                       0x0000249c   Section        0  onewire_ds18b20.o(.text.onewire_write_bit)
    [Anonymous Symbol]                       0x000024e0   Section        0  main.o(.text.prompt_error_device)
    [Anonymous Symbol]                       0x00002554   Section        0  main.o(.text.prompt_no_devices)
    [Anonymous Symbol]                       0x00002568   Section        0  main.o(.text.prompt_pages)
    [Anonymous Symbol]                       0x0000266c   Section        0  open1768_lcd.o(.text.wait_delay)
    CL$$btod_d2e                             0x0000267e   Section       62  btod.o(CL$$btod_d2e)
    CL$$btod_d2e_denorm_low                  0x000026bc   Section       70  btod.o(CL$$btod_d2e_denorm_low)
    CL$$btod_d2e_norm_op1                    0x00002702   Section       96  btod.o(CL$$btod_d2e_norm_op1)
    CL$$btod_div_common                      0x00002762   Section      824  btod.o(CL$$btod_div_common)
    CL$$btod_e2e                             0x00002a9a   Section      220  btod.o(CL$$btod_e2e)
    CL$$btod_ediv                            0x00002b76   Section       42  btod.o(CL$$btod_ediv)
    CL$$btod_emul                            0x00002ba0   Section       42  btod.o(CL$$btod_emul)
    CL$$btod_mult_common                     0x00002bca   Section      580  btod.o(CL$$btod_mult_common)
    i.__ARM_fpclassify                       0x00002e0e   Section        0  fpclassify.o(i.__ARM_fpclassify)
    i._is_digit                              0x00002e36   Section        0  __printf_wp.o(i._is_digit)
    locale$$code                             0x00002e44   Section       44  lc_numeric_c.o(locale$$code)
    locale$$code                             0x00002e70   Section       44  lc_ctype_c.o(locale$$code)
    x$fpl$dflt                               0x00002e9c   Section       46  dflt_clz.o(x$fpl$dflt)
    x$fpl$dretinf                            0x00002eca   Section       12  dretinf.o(x$fpl$dretinf)
    x$fpl$f2d                                0x00002ed8   Section       86  f2d.o(x$fpl$f2d)
    x$fpl$fflt                               0x00002f30   Section       48  fflt_clz.o(x$fpl$fflt)
    x$fpl$fmul                               0x00002f60   Section      258  fmul.o(x$fpl$fmul)
    x$fpl$fnaninf                            0x00003062   Section      140  fnaninf.o(x$fpl$fnaninf)
    x$fpl$fretinf                            0x000030ee   Section       10  fretinf.o(x$fpl$fretinf)
    x$fpl$printf1                            0x000030f8   Section        4  printf1.o(x$fpl$printf1)
    initial_mbstate                          0x000030fc   Data           8  _printf_wctomb.o(.constdata)
    .constdata                               0x000030fc   Section        8  _printf_wctomb.o(.constdata)
    x$fpl$usenofp                            0x000030fc   Section        0  usenofp.o(x$fpl$usenofp)
    uc_hextab                                0x00003104   Data          20  _printf_hex_int.o(.constdata)
    .constdata                               0x00003104   Section       40  _printf_hex_int.o(.constdata)
    lc_hextab                                0x00003118   Data          20  _printf_hex_int.o(.constdata)
    maptable                                 0x0000312c   Data          17  __printf_flags_ss_wp.o(.constdata)
    .constdata                               0x0000312c   Section       17  __printf_flags_ss_wp.o(.constdata)
    tenpwrs_x                                0x00003140   Data          60  bigflt0.o(.constdata)
    .constdata                               0x00003140   Section      148  bigflt0.o(.constdata)
    tenpwrs_i                                0x0000317c   Data          64  bigflt0.o(.constdata)
    .Lswitch.table.onewire_DS18B20_get_precision 0x000031d4   Data          12  onewire_ds18b20.o(.rodata..Lswitch.table.onewire_DS18B20_get_precision)
    AsciiLib_8X16_System                     0x000031e0   Data        1536  asciilib.o(.rodata.AsciiLib_8X16_System)
    [Anonymous Symbol]                       0x000031e0   Section        0  asciilib.o(.rodata.AsciiLib_8X16_System)
    dscrc2x16_table                          0x000037e0   Data          32  onewire_ds18b20.o(.rodata.cst32)
    .L.str.4                                 0x00003800   Data          16  main.o(.rodata.str1.1)
    [Anonymous Symbol]                       0x00003800   Section        0  main.o(.rodata.str1.1)
    .L.str.3                                 0x00003810   Data          11  main.o(.rodata.str1.1)
    .L.str.11                                0x00003818   Data           3  main.o(.rodata.str1.1)
    .L.str.15                                0x0000381b   Data          16  main.o(.rodata.str1.1)
    .L.str.12                                0x0000382b   Data          11  main.o(.rodata.str1.1)
    .L.str.6                                 0x00003836   Data           2  main.o(.rodata.str1.1)
    locale$$data                             0x00003868   Section       28  lc_numeric_c.o(locale$$data)
    __lcnum_c_name                           0x0000386c   Data           2  lc_numeric_c.o(locale$$data)
    __lcnum_c_start                          0x00003874   Data           0  lc_numeric_c.o(locale$$data)
    __lcnum_c_point                          0x00003880   Data           0  lc_numeric_c.o(locale$$data)
    __lcnum_c_thousands                      0x00003882   Data           0  lc_numeric_c.o(locale$$data)
    __lcnum_c_grouping                       0x00003883   Data           0  lc_numeric_c.o(locale$$data)
    __lcnum_c_end                            0x00003884   Data           0  lc_numeric_c.o(locale$$data)
    locale$$data                             0x00003884   Section      272  lc_ctype_c.o(locale$$data)
    __lcctype_c_name                         0x00003888   Data           2  lc_ctype_c.o(locale$$data)
    __lcctype_c_start                        0x00003890   Data           0  lc_ctype_c.o(locale$$data)
    __lcctype_c_end                          0x00003994   Data           0  lc_ctype_c.o(locale$$data)
    .bss                                     0x2007c028   Section       96  libspace.o(.bss)
    Channel_active                           0x2007c088   Data           4  gpdma_lpc17xx.o(.bss.Channel_active)
    [Anonymous Symbol]                       0x2007c088   Section        0  gpdma_lpc17xx.o(.bss.Channel_active)
    Channel_info                             0x2007c08c   Data         160  gpdma_lpc17xx.o(.bss.Channel_info)
    [Anonymous Symbol]                       0x2007c08c   Section        0  gpdma_lpc17xx.o(.bss.Channel_info)
    Heap_Mem                                 0x2007c1b8   Data           0  startup_lpc17xx.o(HEAP)
    Stack_Mem                                0x2007c1b8   Data         512  startup_lpc17xx.o(STACK)
    HEAP                                     0x2007c1b8   Section        0  startup_lpc17xx.o(HEAP)
    STACK                                    0x2007c1b8   Section      512  startup_lpc17xx.o(STACK)
    __initial_sp                             0x2007c3b8   Data           0  startup_lpc17xx.o(STACK)

    Global Symbols

    Symbol Name                              Value     Ov Type        Size  Object(Section)

    BuildAttributes$$THM_ISAv4$P$D$K$B$S$PE$A:L22UL41UL21$X:L11$S22US41US21$IEEE1$IW$~IW$USESV6$~STKCKD$USESV7$~SHL$OTIME$ROPI$IEEEJ$EBA8$UX$STANDARDLIB$REQ8$PRES8$EABIv2 0x00000000   Number         0  anon$$obj.o ABSOLUTE
    __Vectors                                0x00000000   Data           4  startup_lpc17xx.o(RESET)
    _printf_flags                            0x00000000   Number         0  printf_stubs.o ABSOLUTE
    _printf_return_value                     0x00000000   Number         0  printf_stubs.o ABSOLUTE
    _printf_sizespec                         0x00000000   Number         0  printf_stubs.o ABSOLUTE
    _printf_widthprec                        0x00000000   Number         0  printf_stubs.o ABSOLUTE
    __ARM_exceptions_init                     - Undefined Weak Reference
    __alloca_initialize                       - Undefined Weak Reference
    __arm_preinit_                            - Undefined Weak Reference
    __cpp_initialize__aeabi_                  - Undefined Weak Reference
    __cxa_finalize                            - Undefined Weak Reference
    __sigvec_lookup                           - Undefined Weak Reference
    _atexit_init                              - Undefined Weak Reference
    _call_atexit_fns                          - Undefined Weak Reference
    _clock_init                               - Undefined Weak Reference
    _fp_trap_init                             - Undefined Weak Reference
    _fp_trap_shutdown                         - Undefined Weak Reference
    _get_lc_collate                           - Undefined Weak Reference
    _get_lc_monetary                          - Undefined Weak Reference
    _get_lc_time                              - Undefined Weak Reference
    _getenv_init                              - Undefined Weak Reference
    _handle_redirection                       - Undefined Weak Reference
    _init_alloc                               - Undefined Weak Reference
    _init_user_alloc                          - Undefined Weak Reference
    _initio                                   - Undefined Weak Reference
    _printf_mbtowc                            - Undefined Weak Reference
    _printf_wc                                - Undefined Weak Reference
    _rand_init                                - Undefined Weak Reference
    _signal_finish                            - Undefined Weak Reference
    _signal_init                              - Undefined Weak Reference
    _terminate_alloc                          - Undefined Weak Reference
    _terminate_user_alloc                     - Undefined Weak Reference
    _terminateio                              - Undefined Weak Reference
    __main                                   0x000000cd   Thumb Code     8  __main.o(!!!main)
    __scatterload                            0x000000d5   Thumb Code     0  __scatter.o(!!!scatter)
    __scatterload_rt2                        0x000000d5   Thumb Code    44  __scatter.o(!!!scatter)
    __scatterload_rt2_thumb_only             0x000000d5   Thumb Code     0  __scatter.o(!!!scatter)
    __scatterload_null                       0x000000e3   Thumb Code     0  __scatter.o(!!!scatter)
    __scatterload_copy                       0x00000109   Thumb Code    26  __scatter_copy.o(!!handler_copy)
    __scatterload_zeroinit                   0x00000125   Thumb Code    28  __scatter_zi.o(!!handler_zi)
    _printf_f                                0x00000141   Thumb Code     0  _printf_f.o(.ARM.Collect$$_printf_percent$$00000003)
    _printf_percent                          0x00000141   Thumb Code     0  _printf_percent.o(.ARM.Collect$$_printf_percent$$00000000)
    _printf_i                                0x00000147   Thumb Code     0  _printf_i.o(.ARM.Collect$$_printf_percent$$00000008)
    _printf_d                                0x0000014d   Thumb Code     0  _printf_d.o(.ARM.Collect$$_printf_percent$$00000009)
    _printf_u                                0x00000153   Thumb Code     0  _printf_u.o(.ARM.Collect$$_printf_percent$$0000000A)
    _printf_o                                0x00000159   Thumb Code     0  _printf_o.o(.ARM.Collect$$_printf_percent$$0000000B)
    _printf_x                                0x0000015f   Thumb Code     0  _printf_x.o(.ARM.Collect$$_printf_percent$$0000000C)
    _printf_l                                0x00000165   Thumb Code     0  _printf_l.o(.ARM.Collect$$_printf_percent$$00000012)
    _printf_c                                0x0000016f   Thumb Code     0  _printf_c.o(.ARM.Collect$$_printf_percent$$00000013)
    _printf_lc                               0x00000175   Thumb Code     0  _printf_lc.o(.ARM.Collect$$_printf_percent$$00000015)
    _printf_percent_end                      0x0000017b   Thumb Code     0  _printf_percent_end.o(.ARM.Collect$$_printf_percent$$00000017)
    __rt_lib_init                            0x0000017f   Thumb Code     0  libinit.o(.ARM.Collect$$libinit$$00000000)
    __rt_lib_init_fp_1                       0x00000181   Thumb Code     0  libinit2.o(.ARM.Collect$$libinit$$00000002)
    __rt_lib_init_heap_1                     0x00000181   Thumb Code     0  libinit2.o(.ARM.Collect$$libinit$$0000000A)
    __rt_lib_init_lc_common                  0x00000181   Thumb Code     0  libinit2.o(.ARM.Collect$$libinit$$0000000F)
    __rt_lib_init_preinit_1                  0x00000181   Thumb Code     0  libinit2.o(.ARM.Collect$$libinit$$00000004)
    __rt_lib_init_rand_1                     0x00000181   Thumb Code     0  libinit2.o(.ARM.Collect$$libinit$$0000000E)
    __rt_lib_init_user_alloc_1               0x00000181   Thumb Code     0  libinit2.o(.ARM.Collect$$libinit$$0000000C)
    __rt_lib_init_lc_collate_1               0x00000187   Thumb Code     0  libinit2.o(.ARM.Collect$$libinit$$00000011)
    __rt_lib_init_lc_ctype_2                 0x00000187   Thumb Code     0  libinit2.o(.ARM.Collect$$libinit$$00000012)
    __rt_lib_init_lc_ctype_1                 0x00000193   Thumb Code     0  libinit2.o(.ARM.Collect$$libinit$$00000013)
    __rt_lib_init_lc_monetary_1              0x00000193   Thumb Code     0  libinit2.o(.ARM.Collect$$libinit$$00000015)
    __rt_lib_init_lc_numeric_2               0x00000193   Thumb Code     0  libinit2.o(.ARM.Collect$$libinit$$00000016)
    __rt_lib_init_alloca_1                   0x0000019d   Thumb Code     0  libinit2.o(.ARM.Collect$$libinit$$0000002E)
    __rt_lib_init_argv_1                     0x0000019d   Thumb Code     0  libinit2.o(.ARM.Collect$$libinit$$0000002C)
    __rt_lib_init_atexit_1                   0x0000019d   Thumb Code     0  libinit2.o(.ARM.Collect$$libinit$$0000001B)
    __rt_lib_init_clock_1                    0x0000019d   Thumb Code     0  libinit2.o(.ARM.Collect$$libinit$$00000021)
    __rt_lib_init_cpp_1                      0x0000019d   Thumb Code     0  libinit2.o(.ARM.Collect$$libinit$$00000032)
    __rt_lib_init_exceptions_1               0x0000019d   Thumb Code     0  libinit2.o(.ARM.Collect$$libinit$$00000030)
    __rt_lib_init_fp_trap_1                  0x0000019d   Thumb Code     0  libinit2.o(.ARM.Collect$$libinit$$0000001F)
    __rt_lib_init_getenv_1                   0x0000019d   Thumb Code     0  libinit2.o(.ARM.Collect$$libinit$$00000023)
    __rt_lib_init_lc_numeric_1               0x0000019d   Thumb Code     0  libinit2.o(.ARM.Collect$$libinit$$00000017)
    __rt_lib_init_lc_time_1                  0x0000019d   Thumb Code     0  libinit2.o(.ARM.Collect$$libinit$$00000019)
    __rt_lib_init_return                     0x0000019d   Thumb Code     0  libinit2.o(.ARM.Collect$$libinit$$00000033)
    __rt_lib_init_signal_1                   0x0000019d   Thumb Code     0  libinit2.o(.ARM.Collect$$libinit$$0000001D)
    __rt_lib_init_stdio_1                    0x0000019d   Thumb Code     0  libinit2.o(.ARM.Collect$$libinit$$00000025)
    __rt_lib_shutdown                        0x0000019f   Thumb Code     0  libshutdown.o(.ARM.Collect$$libshutdown$$00000000)
    __rt_lib_shutdown_cpp_1                  0x000001a1   Thumb Code     0  libshutdown2.o(.ARM.Collect$$libshutdown$$00000002)
    __rt_lib_shutdown_fp_trap_1              0x000001a1   Thumb Code     0  libshutdown2.o(.ARM.Collect$$libshutdown$$00000007)
    __rt_lib_shutdown_heap_1                 0x000001a1   Thumb Code     0  libshutdown2.o(.ARM.Collect$$libshutdown$$0000000F)
    __rt_lib_shutdown_return                 0x000001a1   Thumb Code     0  libshutdown2.o(.ARM.Collect$$libshutdown$$00000010)
    __rt_lib_shutdown_signal_1               0x000001a1   Thumb Code     0  libshutdown2.o(.ARM.Collect$$libshutdown$$0000000A)
    __rt_lib_shutdown_stdio_1                0x000001a1   Thumb Code     0  libshutdown2.o(.ARM.Collect$$libshutdown$$00000004)
    __rt_lib_shutdown_user_alloc_1           0x000001a1   Thumb Code     0  libshutdown2.o(.ARM.Collect$$libshutdown$$0000000C)
    __rt_entry                               0x000001a3   Thumb Code     0  __rtentry.o(.ARM.Collect$$rtentry$$00000000)
    __rt_entry_presh_1                       0x000001a3   Thumb Code     0  __rtentry2.o(.ARM.Collect$$rtentry$$00000002)
    __rt_entry_sh                            0x000001a3   Thumb Code     0  __rtentry4.o(.ARM.Collect$$rtentry$$00000004)
    __rt_entry_li                            0x000001a9   Thumb Code     0  __rtentry2.o(.ARM.Collect$$rtentry$$0000000A)
    __rt_entry_postsh_1                      0x000001a9   Thumb Code     0  __rtentry2.o(.ARM.Collect$$rtentry$$00000009)
    __rt_entry_main                          0x000001ad   Thumb Code     0  __rtentry2.o(.ARM.Collect$$rtentry$$0000000D)
    __rt_entry_postli_1                      0x000001ad   Thumb Code     0  __rtentry2.o(.ARM.Collect$$rtentry$$0000000C)
    __rt_exit                                0x000001b5   Thumb Code     0  rtexit.o(.ARM.Collect$$rtexit$$00000000)
    __rt_exit_ls                             0x000001b7   Thumb Code     0  rtexit2.o(.ARM.Collect$$rtexit$$00000003)
    __rt_exit_prels_1                        0x000001b7   Thumb Code     0  rtexit2.o(.ARM.Collect$$rtexit$$00000002)
    __rt_exit_exit                           0x000001bb   Thumb Code     0  rtexit2.o(.ARM.Collect$$rtexit$$00000004)
    Reset_Handler                            0x000001c1   Thumb Code     8  startup_lpc17xx.o(.text)
    NMI_Handler                              0x000001c9   Thumb Code     2  startup_lpc17xx.o(.text)
    HardFault_Handler                        0x000001cb   Thumb Code     2  startup_lpc17xx.o(.text)
    MemManage_Handler                        0x000001cd   Thumb Code     2  startup_lpc17xx.o(.text)
    BusFault_Handler                         0x000001cf   Thumb Code     2  startup_lpc17xx.o(.text)
    UsageFault_Handler                       0x000001d1   Thumb Code     2  startup_lpc17xx.o(.text)
    SVC_Handler                              0x000001d3   Thumb Code     2  startup_lpc17xx.o(.text)
    DebugMon_Handler                         0x000001d5   Thumb Code     2  startup_lpc17xx.o(.text)
    PendSV_Handler                           0x000001d7   Thumb Code     2  startup_lpc17xx.o(.text)
    ADC_IRQHandler                           0x000001db   Thumb Code     0  startup_lpc17xx.o(.text)
    BOD_IRQHandler                           0x000001db   Thumb Code     0  startup_lpc17xx.o(.text)
    CANActivity_IRQHandler                   0x000001db   Thumb Code     0  startup_lpc17xx.o(.text)
    CAN_IRQHandler                           0x000001db   Thumb Code     0  startup_lpc17xx.o(.text)
    EINT0_IRQHandler                         0x000001db   Thumb Code     0  startup_lpc17xx.o(.text)
    EINT1_IRQHandler                         0x000001db   Thumb Code     0  startup_lpc17xx.o(.text)
    EINT2_IRQHandler                         0x000001db   Thumb Code     0  startup_lpc17xx.o(.text)
    EINT3_IRQHandler                         0x000001db   Thumb Code     0  startup_lpc17xx.o(.text)
    ENET_IRQHandler                          0x000001db   Thumb Code     0  startup_lpc17xx.o(.text)
    I2C0_IRQHandler                          0x000001db   Thumb Code     0  startup_lpc17xx.o(.text)
    I2C1_IRQHandler                          0x000001db   Thumb Code     0  startup_lpc17xx.o(.text)
    I2C2_IRQHandler                          0x000001db   Thumb Code     0  startup_lpc17xx.o(.text)
    I2S_IRQHandler                           0x000001db   Thumb Code     0  startup_lpc17xx.o(.text)
    MCPWM_IRQHandler                         0x000001db   Thumb Code     0  startup_lpc17xx.o(.text)
    PLL0_IRQHandler                          0x000001db   Thumb Code     0  startup_lpc17xx.o(.text)
    PLL1_IRQHandler                          0x000001db   Thumb Code     0  startup_lpc17xx.o(.text)
    PWM1_IRQHandler                          0x000001db   Thumb Code     0  startup_lpc17xx.o(.text)
    QEI_IRQHandler                           0x000001db   Thumb Code     0  startup_lpc17xx.o(.text)
    RIT_IRQHandler                           0x000001db   Thumb Code     0  startup_lpc17xx.o(.text)
    RTC_IRQHandler                           0x000001db   Thumb Code     0  startup_lpc17xx.o(.text)
    SPI_IRQHandler                           0x000001db   Thumb Code     0  startup_lpc17xx.o(.text)
    SSP0_IRQHandler                          0x000001db   Thumb Code     0  startup_lpc17xx.o(.text)
    SSP1_IRQHandler                          0x000001db   Thumb Code     0  startup_lpc17xx.o(.text)
    TIMER0_IRQHandler                        0x000001db   Thumb Code     0  startup_lpc17xx.o(.text)
    TIMER1_IRQHandler                        0x000001db   Thumb Code     0  startup_lpc17xx.o(.text)
    TIMER2_IRQHandler                        0x000001db   Thumb Code     0  startup_lpc17xx.o(.text)
    TIMER3_IRQHandler                        0x000001db   Thumb Code     0  startup_lpc17xx.o(.text)
    UART0_IRQHandler                         0x000001db   Thumb Code     0  startup_lpc17xx.o(.text)
    UART1_IRQHandler                         0x000001db   Thumb Code     0  startup_lpc17xx.o(.text)
    UART2_IRQHandler                         0x000001db   Thumb Code     0  startup_lpc17xx.o(.text)
    UART3_IRQHandler                         0x000001db   Thumb Code     0  startup_lpc17xx.o(.text)
    USBActivity_IRQHandler                   0x000001db   Thumb Code     0  startup_lpc17xx.o(.text)
    USB_IRQHandler                           0x000001db   Thumb Code     0  startup_lpc17xx.o(.text)
    WDT_IRQHandler                           0x000001db   Thumb Code     0  startup_lpc17xx.o(.text)
    __user_initial_stackheap                 0x000001dd   Thumb Code     0  startup_lpc17xx.o(.text)
    __2sprintf                               0x000001fd   Thumb Code    34  noretval__2sprintf.o(.text)
    __2snprintf                              0x00000225   Thumb Code    48  noretval__2snprintf.o(.text)
    _printf_pre_padding                      0x00000259   Thumb Code    44  _printf_pad.o(.text)
    _printf_post_padding                     0x00000285   Thumb Code    34  _printf_pad.o(.text)
    _printf_truncate_signed                  0x000002a7   Thumb Code    18  _printf_truncate.o(.text)
    _printf_truncate_unsigned                0x000002b9   Thumb Code    18  _printf_truncate.o(.text)
    __use_two_region_memory                  0x000002cb   Thumb Code     2  heapauxi.o(.text)
    __rt_heap_escrow$2region                 0x000002cd   Thumb Code     2  heapauxi.o(.text)
    __rt_heap_expand$2region                 0x000002cf   Thumb Code     2  heapauxi.o(.text)
    _sputc                                   0x000002d1   Thumb Code    10  _sputc.o(.text)
    _snputc                                  0x000002db   Thumb Code    16  _snputc.o(.text)
    __rt_ctype_table                         0x000002ed   Thumb Code    16  rt_ctype_table.o(.text)
    _printf_str                              0x00000301   Thumb Code    82  _printf_str.o(.text)
    _printf_int_dec                          0x00000355   Thumb Code   104  _printf_dec.o(.text)
    _printf_wctomb                           0x000003cd   Thumb Code   182  _printf_wctomb.o(.text)
    _printf_int_oct                          0x00000489   Thumb Code    74  _printf_oct_int.o(.text)
    _printf_longlong_oct                     0x00000489   Thumb Code     0  _printf_oct_int.o(.text)
    _printf_int_hex                          0x000004dd   Thumb Code    84  _printf_hex_int.o(.text)
    _printf_longlong_hex                     0x000004dd   Thumb Code     0  _printf_hex_int.o(.text)
    __printf                                 0x00000535   Thumb Code   388  __printf_flags_ss_wp.o(.text)
    memcmp                                   0x000006bd   Thumb Code    88  memcmp.o(.text)
    strlen                                   0x00000715   Thumb Code    62  strlen.o(.text)
    __aeabi_memclr4                          0x00000753   Thumb Code     0  rt_memclr_w.o(.text)
    __aeabi_memclr8                          0x00000753   Thumb Code     0  rt_memclr_w.o(.text)
    __rt_memclr_w                            0x00000753   Thumb Code    78  rt_memclr_w.o(.text)
    _memset_w                                0x00000757   Thumb Code     0  rt_memclr_w.o(.text)
    _printf_int_common                       0x000007a1   Thumb Code   178  _printf_intcommon.o(.text)
    _printf_fp_dec_real                      0x00000a03   Thumb Code   620  _printf_fp_dec.o(.text)
    _printf_char_common                      0x00000c7b   Thumb Code    32  _printf_char_common.o(.text)
    _printf_cs_common                        0x00000ca1   Thumb Code    20  _printf_char.o(.text)
    _printf_char                             0x00000cb5   Thumb Code    16  _printf_char.o(.text)
    _printf_string                           0x00000cc5   Thumb Code     8  _printf_char.o(.text)
    _printf_lcs_common                       0x00000ccd   Thumb Code    20  _printf_wchar.o(.text)
    _printf_wchar                            0x00000ce1   Thumb Code    16  _printf_wchar.o(.text)
    _printf_wstring                          0x00000cf1   Thumb Code     8  _printf_wchar.o(.text)
    _c16rtomb                                0x00000cf9   Thumb Code    72  _c16rtomb.o(.text)
    _wcrtomb                                 0x00000cf9   Thumb Code     0  _c16rtomb.o(.text)
    __rt_locale                              0x00000d41   Thumb Code     8  rt_locale_intlibspace.o(.text)
    _ll_udiv10                               0x00000d49   Thumb Code   138  lludiv10.o(.text)
    _printf_fp_infnan                        0x00000dd5   Thumb Code   112  _printf_fp_infnan.o(.text)
    _btod_etento                             0x00000e55   Thumb Code   224  bigflt0.o(.text)
    __user_libspace                          0x00000f39   Thumb Code     8  libspace.o(.text)
    __user_perproc_libspace                  0x00000f39   Thumb Code     0  libspace.o(.text)
    __user_perthread_libspace                0x00000f39   Thumb Code     0  libspace.o(.text)
    __user_setup_stackheap                   0x00000f41   Thumb Code    74  sys_stackheap_outer.o(.text)
    exit                                     0x00000f8b   Thumb Code    18  exit.o(.text)
    strcmp                                   0x00000f9d   Thumb Code   128  strcmpv7m.o(.text)
    _sys_exit                                0x0000101d   Thumb Code     8  sys_exit.o(.text)
    __I$use$semihosting                      0x00001029   Thumb Code     0  use_no_semi.o(.text)
    __use_no_semihosting_swi                 0x00001029   Thumb Code     2  use_no_semi.o(.text)
    __semihosting_library_function           0x0000102b   Thumb Code     0  indicate_semi.o(.text)
    DEBUG                                    0x0000104d   Thumb Code     4  global_embed.o(.text.DEBUG)
    DEBUG_addr                               0x00001051   Thumb Code   120  global_embed.o(.text.DEBUG_addr)
    DEBUG_float                              0x000010c9   Thumb Code    44  global_embed.o(.text.DEBUG_float)
    DEBUG_int                                0x000010f5   Thumb Code    36  global_embed.o(.text.DEBUG_int)
    DMA_IRQHandler                           0x00001119   Thumb Code   248  gpdma_lpc17xx.o(.text.DMA_IRQHandler)
    GPIO_PinRead                             0x00001211   Thumb Code    26  gpio_lpc17xx.o(.text.GPIO_PinRead)
    GPIO_PinWrite                            0x0000122d   Thumb Code    28  gpio_lpc17xx.o(.text.GPIO_PinWrite)
    GetASCIICode                             0x00001249   Thumb Code    62  asciilib.o(.text.GetASCIICode)
    LCD_Addr                                 0x00001289   Thumb Code   156  lcd.o(.text.LCD_Addr)
    LCD_Background                           0x00001325   Thumb Code    28  lcd.o(.text.LCD_Background)
    LCD_Char                                 0x00001341   Thumb Code   100  lcd.o(.text.LCD_Char)
    LCD_Line                                 0x000013a5   Thumb Code   128  lcd.o(.text.LCD_Line)
    LCD_Pixel                                0x00001425   Thumb Code    38  lcd.o(.text.LCD_Pixel)
    LCD_Text                                 0x0000144d   Thumb Code    42  lcd.o(.text.LCD_Text)
    LCD_setup                                0x00001479   Thumb Code    40  lcd.o(.text.LCD_setup)
    MEM_cmp                                  0x000014a1   Thumb Code   144  main.o(.text.MEM_cmp)
    MEM_idx                                  0x00001531   Thumb Code    12  mem.o(.text.MEM_idx)
    MEM_pop                                  0x0000153d   Thumb Code    46  mem.o(.text.MEM_pop)
    MEM_push                                 0x0000156d   Thumb Code    86  mem.o(.text.MEM_push)
    MEM_reset                                0x000015c5   Thumb Code    44  mem.o(.text.MEM_reset)
    MEM_setup                                0x000015f1   Thumb Code    72  mem.o(.text.MEM_setup)
    MEM_size                                 0x00001639   Thumb Code    12  mem.o(.text.MEM_size)
    MEM_top                                  0x00001645   Thumb Code    12  mem.o(.text.MEM_top)
    PIN_Configure                            0x00001651   Thumb Code   126  pin_lpc17xx.o(.text.PIN_Configure)
    SysTick_Handler                          0x000016f5   Thumb Code    16  global_embed.o(.text.SysTick_Handler)
    SystemInit                               0x00001705   Thumb Code   204  system_lpc17xx.o(.text.SystemInit)
    UART0_Init                               0x000017d1   Thumb Code    64  global_embed.o(.text.UART0_Init)
    UART_Char_Send                           0x00001811   Thumb Code    18  global_embed.o(.text.UART_Char_Send)
    UART_Send                                0x00001825   Thumb Code    28  global_embed.o(.text.UART_Send)
    border_layout                            0x00001851   Thumb Code    76  main.o(.text.border_layout)
    delay_ms                                 0x0000189d   Thumb Code    10  global_embed.o(.text.delay_ms)
    delay_us                                 0x000018a9   Thumb Code    28  global_embed.o(.text.delay_us)
    feed_ui                                  0x000018c5   Thumb Code   520  main.o(.text.feed_ui)
    gather_device                            0x00001acd   Thumb Code   244  main.o(.text.gather_device)
    global_setup                             0x00001bc1   Thumb Code    38  global_embed.o(.text.global_setup)
    init_ILI9325                             0x00001be9   Thumb Code   440  lcd_ili9325.o(.text.init_ILI9325)
    lcdConfiguration                         0x00001da1   Thumb Code    38  open1768_lcd.o(.text.lcdConfiguration)
    lcdRead                                  0x00001dc9   Thumb Code    62  open1768_lcd.o(.text.lcdRead)
    lcdReadData                              0x00001e09   Thumb Code    50  open1768_lcd.o(.text.lcdReadData)
    lcdReadReg                               0x00001e3d   Thumb Code    14  open1768_lcd.o(.text.lcdReadReg)
    lcdSend                                  0x00001e4d   Thumb Code    44  open1768_lcd.o(.text.lcdSend)
    lcdWriteData                             0x00001e79   Thumb Code    44  open1768_lcd.o(.text.lcdWriteData)
    lcdWriteIndex                            0x00001ea5   Thumb Code    56  open1768_lcd.o(.text.lcdWriteIndex)
    lcdWriteReg                              0x00001edd   Thumb Code    18  open1768_lcd.o(.text.lcdWriteReg)
    main                                     0x00001ef1   Thumb Code   356  main.o(.text.main)
    on_last_page                             0x00002055   Thumb Code   120  main.o(.text.on_last_page)
    onewire_DS18B20_convert                  0x000020cd   Thumb Code    70  onewire_ds18b20.o(.text.onewire_DS18B20_convert)
    onewire_DS18B20_get_bits_resolution      0x00002115   Thumb Code    36  onewire_ds18b20.o(.text.onewire_DS18B20_get_bits_resolution)
    onewire_DS18B20_get_celsius              0x00002139   Thumb Code    66  onewire_ds18b20.o(.text.onewire_DS18B20_get_celsius)
    onewire_DS18B20_get_precision            0x0000217d   Thumb Code    42  onewire_ds18b20.o(.text.onewire_DS18B20_get_precision)
    onewire_DS18B20_read_scratchpad          0x000021a9   Thumb Code    88  onewire_ds18b20.o(.text.onewire_DS18B20_read_scratchpad)
    onewire_DS18B20_setup                    0x00002201   Thumb Code    18  onewire_ds18b20.o(.text.onewire_DS18B20_setup)
    onewire_crc8                             0x00002215   Thumb Code    46  onewire_ds18b20.o(.text.onewire_crc8)
    onewire_read                             0x00002245   Thumb Code    30  onewire_ds18b20.o(.text.onewire_read)
    onewire_read_bit                         0x00002265   Thumb Code    54  onewire_ds18b20.o(.text.onewire_read_bit)
    onewire_reset                            0x0000229d   Thumb Code    62  onewire_ds18b20.o(.text.onewire_reset)
    onewire_reset_search                     0x000022dd   Thumb Code    46  onewire_ds18b20.o(.text.onewire_reset_search)
    onewire_search                           0x0000230d   Thumb Code   302  onewire_ds18b20.o(.text.onewire_search)
    onewire_select                           0x0000243d   Thumb Code    26  onewire_ds18b20.o(.text.onewire_select)
    onewire_setup                            0x00002459   Thumb Code    30  onewire_ds18b20.o(.text.onewire_setup)
    onewire_skip                             0x00002479   Thumb Code     6  onewire_ds18b20.o(.text.onewire_skip)
    onewire_write                            0x00002481   Thumb Code    28  onewire_ds18b20.o(.text.onewire_write)
    onewire_write_bit                        0x0000249d   Thumb Code    68  onewire_ds18b20.o(.text.onewire_write_bit)
    prompt_error_device                      0x000024e1   Thumb Code   116  main.o(.text.prompt_error_device)
    prompt_no_devices                        0x00002555   Thumb Code    20  main.o(.text.prompt_no_devices)
    prompt_pages                             0x00002569   Thumb Code   260  main.o(.text.prompt_pages)
    wait_delay                               0x0000266d   Thumb Code    18  open1768_lcd.o(.text.wait_delay)
    _btod_d2e                                0x0000267f   Thumb Code    62  btod.o(CL$$btod_d2e)
    _d2e_denorm_low                          0x000026bd   Thumb Code    70  btod.o(CL$$btod_d2e_denorm_low)
    _d2e_norm_op1                            0x00002703   Thumb Code    96  btod.o(CL$$btod_d2e_norm_op1)
    __btod_div_common                        0x00002763   Thumb Code   696  btod.o(CL$$btod_div_common)
    _e2e                                     0x00002a9b   Thumb Code   220  btod.o(CL$$btod_e2e)
    _btod_ediv                               0x00002b77   Thumb Code    42  btod.o(CL$$btod_ediv)
    _btod_emul                               0x00002ba1   Thumb Code    42  btod.o(CL$$btod_emul)
    __btod_mult_common                       0x00002bcb   Thumb Code   580  btod.o(CL$$btod_mult_common)
    __ARM_fpclassify                         0x00002e0f   Thumb Code    40  fpclassify.o(i.__ARM_fpclassify)
    _is_digit                                0x00002e37   Thumb Code    14  __printf_wp.o(i._is_digit)
    _get_lc_numeric                          0x00002e45   Thumb Code    44  lc_numeric_c.o(locale$$code)
    _get_lc_ctype                            0x00002e71   Thumb Code    44  lc_ctype_c.o(locale$$code)
    __aeabi_i2d                              0x00002e9d   Thumb Code     0  dflt_clz.o(x$fpl$dflt)
    _dflt                                    0x00002e9d   Thumb Code    46  dflt_clz.o(x$fpl$dflt)
    __fpl_dretinf                            0x00002ecb   Thumb Code    12  dretinf.o(x$fpl$dretinf)
    __aeabi_f2d                              0x00002ed9   Thumb Code     0  f2d.o(x$fpl$f2d)
    _f2d                                     0x00002ed9   Thumb Code    86  f2d.o(x$fpl$f2d)
    __aeabi_i2f                              0x00002f31   Thumb Code     0  fflt_clz.o(x$fpl$fflt)
    _fflt                                    0x00002f31   Thumb Code    48  fflt_clz.o(x$fpl$fflt)
    __aeabi_fmul                             0x00002f61   Thumb Code     0  fmul.o(x$fpl$fmul)
    _fmul                                    0x00002f61   Thumb Code   258  fmul.o(x$fpl$fmul)
    __fpl_fnaninf                            0x00003063   Thumb Code   140  fnaninf.o(x$fpl$fnaninf)
    __fpl_fretinf                            0x000030ef   Thumb Code    10  fretinf.o(x$fpl$fretinf)
    _printf_fp_dec                           0x000030f9   Thumb Code     4  printf1.o(x$fpl$printf1)
    __I$use$fp                               0x000030fc   Number         0  usenofp.o(x$fpl$usenofp)
    Region$$Table$$Base                      0x00003838   Number         0  anon$$obj.o(Region$$Table)
    Region$$Table$$Limit                     0x00003868   Number         0  anon$$obj.o(Region$$Table)
    __ctype                                  0x00003891   Data           0  lc_ctype_c.o(locale$$data)
    MEM                                      0x10000000   Data        3072  mem.o(.bss.MEM)
    DS18B20__conversionTime                  0x2007c000   Data           2  onewire_ds18b20.o(.data.DS18B20__conversionTime)
    SystemCoreClock                          0x2007c004   Data           4  system_lpc17xx.o(.data.SystemCoreClock)
    presisions                               0x2007c008   Data          32  onewire_ds18b20.o(.data.presisions)
    __libspace_start                         0x2007c028   Data          96  libspace.o(.bss)
    __temporary_stack_top$libspace           0x2007c088   Data           0  libspace.o(.bss)
    DS18B20__data                            0x2007c12c   Data           9  onewire_ds18b20.o(.bss.DS18B20__data)
    DS18B20__presence                        0x2007c135   Data           1  onewire_ds18b20.o(.bss.DS18B20__presence)
    LastDeviceFlag                           0x2007c136   Data           1  onewire_ds18b20.o(.bss.LastDeviceFlag)
    LastDiscrepancy                          0x2007c137   Data           1  onewire_ds18b20.o(.bss.LastDiscrepancy)
    LastFamilyDiscrepancy                    0x2007c138   Data           1  onewire_ds18b20.o(.bss.LastFamilyDiscrepancy)
    ROM_NO                                   0x2007c140   Data           8  onewire_ds18b20.o(.bss.ROM_NO)
    buf                                      0x2007c148   Data          24  global_embed.o(.bss.buf)
    buf_f                                    0x2007c160   Data          10  main.o(.bss.buf_f)
    current                                  0x2007c16c   Data           4  mem.o(.bss.current)
    error_device                             0x2007c170   Data           4  main.o(.bss.error_device)
    head                                     0x2007c174   Data           4  mem.o(.bss.head)
    history_fixup                            0x2007c178   Data          25  main.o(.bss.history_fixup)
    idx                                      0x2007c194   Data           4  mem.o(.bss.idx)
    last_mem_size                            0x2007c198   Data           4  main.o(.bss.last_mem_size)
    layout_buf                               0x2007c19c   Data           8  main.o(.bss.layout_buf)
    prev                                     0x2007c1a4   Data           4  mem.o(.bss.prev)
    size                                     0x2007c1a8   Data           4  mem.o(.bss.size)
    ui_line                                  0x2007c1ac   Data           4  main.o(.bss.ui_line)
    usTicks                                  0x2007c1b0   Data           4  global_embed.o(.bss.usTicks)



==============================================================================

Memory Map of the image

  Image Entry point : 0x000000cd

  Load Region LR_IROM1 (Base: 0x00000000, Size: 0x000039c0, Max: 0x00080000, ABSOLUTE)

    Execution Region ER_IROM1 (Exec base: 0x00000000, Load base: 0x00000000, Size: 0x00003994, Max: 0x00080000, ABSOLUTE)

    Exec Addr    Load Addr    Size         Type   Attr      Idx    E Section Name        Object

    0x00000000   0x00000000   0x000000cc   Data   RO          337    RESET               startup_lpc17xx.o
    0x000000cc   0x000000cc   0x00000008   Code   RO          449  * !!!main             c_w.l(__main.o)
    0x000000d4   0x000000d4   0x00000034   Code   RO          735    !!!scatter          c_w.l(__scatter.o)
    0x00000108   0x00000108   0x0000001a   Code   RO          737    !!handler_copy      c_w.l(__scatter_copy.o)
    0x00000122   0x00000122   0x00000002   PAD
    0x00000124   0x00000124   0x0000001c   Code   RO          739    !!handler_zi        c_w.l(__scatter_zi.o)
    0x00000140   0x00000140   0x00000000   Code   RO          439    .ARM.Collect$$_printf_percent$$00000000  c_w.l(_printf_percent.o)
    0x00000140   0x00000140   0x00000006   Code   RO          438    .ARM.Collect$$_printf_percent$$00000003  c_w.l(_printf_f.o)
    0x00000146   0x00000146   0x00000006   Code   RO          435    .ARM.Collect$$_printf_percent$$00000008  c_w.l(_printf_i.o)
    0x0000014c   0x0000014c   0x00000006   Code   RO          436    .ARM.Collect$$_printf_percent$$00000009  c_w.l(_printf_d.o)
    0x00000152   0x00000152   0x00000006   Code   RO          437    .ARM.Collect$$_printf_percent$$0000000A  c_w.l(_printf_u.o)
    0x00000158   0x00000158   0x00000006   Code   RO          434    .ARM.Collect$$_printf_percent$$0000000B  c_w.l(_printf_o.o)
    0x0000015e   0x0000015e   0x00000006   Code   RO          433    .ARM.Collect$$_printf_percent$$0000000C  c_w.l(_printf_x.o)
    0x00000164   0x00000164   0x0000000a   Code   RO          501    .ARM.Collect$$_printf_percent$$00000012  c_w.l(_printf_l.o)
    0x0000016e   0x0000016e   0x00000006   Code   RO          432    .ARM.Collect$$_printf_percent$$00000013  c_w.l(_printf_c.o)
    0x00000174   0x00000174   0x00000006   Code   RO          440    .ARM.Collect$$_printf_percent$$00000015  c_w.l(_printf_lc.o)
    0x0000017a   0x0000017a   0x00000004   Code   RO          500    .ARM.Collect$$_printf_percent$$00000017  c_w.l(_printf_percent_end.o)
    0x0000017e   0x0000017e   0x00000002   Code   RO          600    .ARM.Collect$$libinit$$00000000  c_w.l(libinit.o)
    0x00000180   0x00000180   0x00000000   Code   RO          602    .ARM.Collect$$libinit$$00000002  c_w.l(libinit2.o)
    0x00000180   0x00000180   0x00000000   Code   RO          604    .ARM.Collect$$libinit$$00000004  c_w.l(libinit2.o)
    0x00000180   0x00000180   0x00000000   Code   RO          607    .ARM.Collect$$libinit$$0000000A  c_w.l(libinit2.o)
    0x00000180   0x00000180   0x00000000   Code   RO          609    .ARM.Collect$$libinit$$0000000C  c_w.l(libinit2.o)
    0x00000180   0x00000180   0x00000000   Code   RO          611    .ARM.Collect$$libinit$$0000000E  c_w.l(libinit2.o)
    0x00000180   0x00000180   0x00000006   Code   RO          612    .ARM.Collect$$libinit$$0000000F  c_w.l(libinit2.o)
    0x00000186   0x00000186   0x00000000   Code   RO          614    .ARM.Collect$$libinit$$00000011  c_w.l(libinit2.o)
    0x00000186   0x00000186   0x0000000c   Code   RO          615    .ARM.Collect$$libinit$$00000012  c_w.l(libinit2.o)
    0x00000192   0x00000192   0x00000000   Code   RO          616    .ARM.Collect$$libinit$$00000013  c_w.l(libinit2.o)
    0x00000192   0x00000192   0x00000000   Code   RO          618    .ARM.Collect$$libinit$$00000015  c_w.l(libinit2.o)
    0x00000192   0x00000192   0x0000000a   Code   RO          619    .ARM.Collect$$libinit$$00000016  c_w.l(libinit2.o)
    0x0000019c   0x0000019c   0x00000000   Code   RO          620    .ARM.Collect$$libinit$$00000017  c_w.l(libinit2.o)
    0x0000019c   0x0000019c   0x00000000   Code   RO          622    .ARM.Collect$$libinit$$00000019  c_w.l(libinit2.o)
    0x0000019c   0x0000019c   0x00000000   Code   RO          624    .ARM.Collect$$libinit$$0000001B  c_w.l(libinit2.o)
    0x0000019c   0x0000019c   0x00000000   Code   RO          626    .ARM.Collect$$libinit$$0000001D  c_w.l(libinit2.o)
    0x0000019c   0x0000019c   0x00000000   Code   RO          628    .ARM.Collect$$libinit$$0000001F  c_w.l(libinit2.o)
    0x0000019c   0x0000019c   0x00000000   Code   RO          630    .ARM.Collect$$libinit$$00000021  c_w.l(libinit2.o)
    0x0000019c   0x0000019c   0x00000000   Code   RO          632    .ARM.Collect$$libinit$$00000023  c_w.l(libinit2.o)
    0x0000019c   0x0000019c   0x00000000   Code   RO          634    .ARM.Collect$$libinit$$00000025  c_w.l(libinit2.o)
    0x0000019c   0x0000019c   0x00000000   Code   RO          638    .ARM.Collect$$libinit$$0000002C  c_w.l(libinit2.o)
    0x0000019c   0x0000019c   0x00000000   Code   RO          640    .ARM.Collect$$libinit$$0000002E  c_w.l(libinit2.o)
    0x0000019c   0x0000019c   0x00000000   Code   RO          642    .ARM.Collect$$libinit$$00000030  c_w.l(libinit2.o)
    0x0000019c   0x0000019c   0x00000000   Code   RO          644    .ARM.Collect$$libinit$$00000032  c_w.l(libinit2.o)
    0x0000019c   0x0000019c   0x00000002   Code   RO          645    .ARM.Collect$$libinit$$00000033  c_w.l(libinit2.o)
    0x0000019e   0x0000019e   0x00000002   Code   RO          700    .ARM.Collect$$libshutdown$$00000000  c_w.l(libshutdown.o)
    0x000001a0   0x000001a0   0x00000000   Code   RO          718    .ARM.Collect$$libshutdown$$00000002  c_w.l(libshutdown2.o)
    0x000001a0   0x000001a0   0x00000000   Code   RO          720    .ARM.Collect$$libshutdown$$00000004  c_w.l(libshutdown2.o)
    0x000001a0   0x000001a0   0x00000000   Code   RO          723    .ARM.Collect$$libshutdown$$00000007  c_w.l(libshutdown2.o)
    0x000001a0   0x000001a0   0x00000000   Code   RO          726    .ARM.Collect$$libshutdown$$0000000A  c_w.l(libshutdown2.o)
    0x000001a0   0x000001a0   0x00000000   Code   RO          728    .ARM.Collect$$libshutdown$$0000000C  c_w.l(libshutdown2.o)
    0x000001a0   0x000001a0   0x00000000   Code   RO          731    .ARM.Collect$$libshutdown$$0000000F  c_w.l(libshutdown2.o)
    0x000001a0   0x000001a0   0x00000002   Code   RO          732    .ARM.Collect$$libshutdown$$00000010  c_w.l(libshutdown2.o)
    0x000001a2   0x000001a2   0x00000000   Code   RO          479    .ARM.Collect$$rtentry$$00000000  c_w.l(__rtentry.o)
    0x000001a2   0x000001a2   0x00000000   Code   RO          514    .ARM.Collect$$rtentry$$00000002  c_w.l(__rtentry2.o)
    0x000001a2   0x000001a2   0x00000006   Code   RO          526    .ARM.Collect$$rtentry$$00000004  c_w.l(__rtentry4.o)
    0x000001a8   0x000001a8   0x00000000   Code   RO          516    .ARM.Collect$$rtentry$$00000009  c_w.l(__rtentry2.o)
    0x000001a8   0x000001a8   0x00000004   Code   RO          517    .ARM.Collect$$rtentry$$0000000A  c_w.l(__rtentry2.o)
    0x000001ac   0x000001ac   0x00000000   Code   RO          519    .ARM.Collect$$rtentry$$0000000C  c_w.l(__rtentry2.o)
    0x000001ac   0x000001ac   0x00000008   Code   RO          520    .ARM.Collect$$rtentry$$0000000D  c_w.l(__rtentry2.o)
    0x000001b4   0x000001b4   0x00000002   Code   RO          646    .ARM.Collect$$rtexit$$00000000  c_w.l(rtexit.o)
    0x000001b6   0x000001b6   0x00000000   Code   RO          665    .ARM.Collect$$rtexit$$00000002  c_w.l(rtexit2.o)
    0x000001b6   0x000001b6   0x00000004   Code   RO          666    .ARM.Collect$$rtexit$$00000003  c_w.l(rtexit2.o)
    0x000001ba   0x000001ba   0x00000006   Code   RO          667    .ARM.Collect$$rtexit$$00000004  c_w.l(rtexit2.o)
    0x000001c0   0x000001c0   0x0000003c   Code   RO          339    .text               startup_lpc17xx.o
    0x000001fc   0x000001fc   0x00000028   Code   RO          368    .text               c_w.l(noretval__2sprintf.o)
    0x00000224   0x00000224   0x00000034   Code   RO          370    .text               c_w.l(noretval__2snprintf.o)
    0x00000258   0x00000258   0x0000004e   Code   RO          374    .text               c_w.l(_printf_pad.o)
    0x000002a6   0x000002a6   0x00000024   Code   RO          376    .text               c_w.l(_printf_truncate.o)
    0x000002ca   0x000002ca   0x00000006   Code   RO          447    .text               c_w.l(heapauxi.o)
    0x000002d0   0x000002d0   0x0000000a   Code   RO          492    .text               c_w.l(_sputc.o)
    0x000002da   0x000002da   0x00000010   Code   RO          494    .text               c_w.l(_snputc.o)
    0x000002ea   0x000002ea   0x00000002   PAD
    0x000002ec   0x000002ec   0x00000010   Code   RO          528    .text               c_w.l(rt_ctype_table.o)
    0x000002fc   0x000002fc   0x00000004   Code   RO          338    .ARM.__at_0x02FC    startup_lpc17xx.o
    0x00000300   0x00000300   0x00000052   Code   RO          378    .text               c_w.l(_printf_str.o)
    0x00000352   0x00000352   0x00000002   PAD
    0x00000354   0x00000354   0x00000078   Code   RO          380    .text               c_w.l(_printf_dec.o)
    0x000003cc   0x000003cc   0x000000bc   Code   RO          382    .text               c_w.l(_printf_wctomb.o)
    0x00000488   0x00000488   0x00000054   Code   RO          387    .text               c_w.l(_printf_oct_int.o)
    0x000004dc   0x000004dc   0x00000058   Code   RO          394    .text               c_w.l(_printf_hex_int.o)
    0x00000534   0x00000534   0x00000188   Code   RO          429    .text               c_w.l(__printf_flags_ss_wp.o)
    0x000006bc   0x000006bc   0x00000058   Code   RO          441    .text               c_w.l(memcmp.o)
    0x00000714   0x00000714   0x0000003e   Code   RO          443    .text               c_w.l(strlen.o)
    0x00000752   0x00000752   0x0000004e   Code   RO          445    .text               c_w.l(rt_memclr_w.o)
    0x000007a0   0x000007a0   0x000000b2   Code   RO          484    .text               c_w.l(_printf_intcommon.o)
    0x00000852   0x00000852   0x0000041c   Code   RO          486    .text               c_w.l(_printf_fp_dec.o)
    0x00000c6e   0x00000c6e   0x00000002   PAD
    0x00000c70   0x00000c70   0x00000030   Code   RO          490    .text               c_w.l(_printf_char_common.o)
    0x00000ca0   0x00000ca0   0x0000002c   Code   RO          496    .text               c_w.l(_printf_char.o)
    0x00000ccc   0x00000ccc   0x0000002c   Code   RO          498    .text               c_w.l(_printf_wchar.o)
    0x00000cf8   0x00000cf8   0x00000048   Code   RO          502    .text               c_w.l(_c16rtomb.o)
    0x00000d40   0x00000d40   0x00000008   Code   RO          535    .text               c_w.l(rt_locale_intlibspace.o)
    0x00000d48   0x00000d48   0x0000008a   Code   RO          537    .text               c_w.l(lludiv10.o)
    0x00000dd2   0x00000dd2   0x00000002   PAD
    0x00000dd4   0x00000dd4   0x00000080   Code   RO          539    .text               c_w.l(_printf_fp_infnan.o)
    0x00000e54   0x00000e54   0x000000e4   Code   RO          543    .text               c_w.l(bigflt0.o)
    0x00000f38   0x00000f38   0x00000008   Code   RO          577    .text               c_w.l(libspace.o)
    0x00000f40   0x00000f40   0x0000004a   Code   RO          580    .text               c_w.l(sys_stackheap_outer.o)
    0x00000f8a   0x00000f8a   0x00000012   Code   RO          587    .text               c_w.l(exit.o)
    0x00000f9c   0x00000f9c   0x00000080   Code   RO          593    .text               c_w.l(strcmpv7m.o)
    0x0000101c   0x0000101c   0x0000000c   Code   RO          660    .text               c_w.l(sys_exit.o)
    0x00001028   0x00001028   0x00000002   Code   RO          687    .text               c_w.l(use_no_semi.o)
    0x0000102a   0x0000102a   0x00000000   Code   RO          689    .text               c_w.l(indicate_semi.o)
    0x0000102a   0x0000102a   0x00000002   PAD
    0x0000102c   0x0000102c   0x00000020   Code   RO          276    .text.Clear_Channel_active_flag  gpdma_lpc17xx.o
    0x0000104c   0x0000104c   0x00000004   Code   RO          160    .text.DEBUG         global_embed.o
    0x00001050   0x00001050   0x00000078   Code   RO          162    .text.DEBUG_addr    global_embed.o
    0x000010c8   0x000010c8   0x0000002c   Code   RO          166    .text.DEBUG_float   global_embed.o
    0x000010f4   0x000010f4   0x00000024   Code   RO          164    .text.DEBUG_int     global_embed.o
    0x00001118   0x00001118   0x000000f8   Code   RO          286    .text.DMA_IRQHandler  gpdma_lpc17xx.o
    0x00001210   0x00001210   0x0000001a   Code   RO          306    .text.GPIO_PinRead  gpio_lpc17xx.o
    0x0000122a   0x0000122a   0x00000002   PAD
    0x0000122c   0x0000122c   0x0000001c   Code   RO          304    .text.GPIO_PinWrite  gpio_lpc17xx.o
    0x00001248   0x00001248   0x0000003e   Code   RO          184    .text.GetASCIICode  asciilib.o
    0x00001286   0x00001286   0x00000002   PAD
    0x00001288   0x00001288   0x0000009c   Code   RO          205    .text.LCD_Addr      lcd.o
    0x00001324   0x00001324   0x0000001c   Code   RO          197    .text.LCD_Background  lcd.o
    0x00001340   0x00001340   0x00000064   Code   RO          201    .text.LCD_Char      lcd.o
    0x000013a4   0x000013a4   0x00000080   Code   RO          207    .text.LCD_Line      lcd.o
    0x00001424   0x00001424   0x00000026   Code   RO          199    .text.LCD_Pixel     lcd.o
    0x0000144a   0x0000144a   0x00000002   PAD
    0x0000144c   0x0000144c   0x0000002a   Code   RO          203    .text.LCD_Text      lcd.o
    0x00001476   0x00001476   0x00000002   PAD
    0x00001478   0x00001478   0x00000028   Code   RO          195    .text.LCD_setup     lcd.o
    0x000014a0   0x000014a0   0x00000090   Code   RO            6    .text.MEM_cmp       main.o
    0x00001530   0x00001530   0x0000000c   Code   RO          243    .text.MEM_idx       mem.o
    0x0000153c   0x0000153c   0x0000002e   Code   RO          233    .text.MEM_pop       mem.o
    0x0000156a   0x0000156a   0x00000002   PAD
    0x0000156c   0x0000156c   0x00000056   Code   RO          235    .text.MEM_push      mem.o
    0x000015c2   0x000015c2   0x00000002   PAD
    0x000015c4   0x000015c4   0x0000002c   Code   RO          227    .text.MEM_reset     mem.o
    0x000015f0   0x000015f0   0x00000048   Code   RO          225    .text.MEM_setup     mem.o
    0x00001638   0x00001638   0x0000000c   Code   RO          241    .text.MEM_size      mem.o
    0x00001644   0x00001644   0x0000000c   Code   RO          231    .text.MEM_top       mem.o
    0x00001650   0x00001650   0x0000007e   Code   RO          321    .text.PIN_Configure  pin_lpc17xx.o
    0x000016ce   0x000016ce   0x00000002   PAD
    0x000016d0   0x000016d0   0x00000024   Code   RO          152    .text.SysTick_Config  global_embed.o
    0x000016f4   0x000016f4   0x00000010   Code   RO          154    .text.SysTick_Handler  global_embed.o
    0x00001704   0x00001704   0x000000cc   Code   RO          350    .text.SystemInit    system_lpc17xx.o
    0x000017d0   0x000017d0   0x00000040   Code   RO          144    .text.UART0_Init    global_embed.o
    0x00001810   0x00001810   0x00000012   Code   RO          146    .text.UART_Char_Send  global_embed.o
    0x00001822   0x00001822   0x00000002   PAD
    0x00001824   0x00001824   0x0000001c   Code   RO          148    .text.UART_Send     global_embed.o
    0x00001840   0x00001840   0x0000000e   Code   RO          170    .text.__NVIC_SetPriority  global_embed.o
    0x0000184e   0x0000184e   0x00000002   PAD
    0x00001850   0x00001850   0x0000004c   Code   RO            8    .text.border_layout  main.o
    0x0000189c   0x0000189c   0x0000000a   Code   RO          158    .text.delay_ms      global_embed.o
    0x000018a6   0x000018a6   0x00000002   PAD
    0x000018a8   0x000018a8   0x0000001c   Code   RO          156    .text.delay_us      global_embed.o
    0x000018c4   0x000018c4   0x00000208   Code   RO           18    .text.feed_ui       main.o
    0x00001acc   0x00001acc   0x000000f4   Code   RO            4    .text.gather_device  main.o
    0x00001bc0   0x00001bc0   0x00000026   Code   RO          150    .text.global_setup  global_embed.o
    0x00001be6   0x00001be6   0x00000002   PAD
    0x00001be8   0x00001be8   0x000001b8   Code   RO          105    .text.init_ILI9325  lcd_ili9325.o
    0x00001da0   0x00001da0   0x00000026   Code   RO          115    .text.lcdConfiguration  open1768_lcd.o
    0x00001dc6   0x00001dc6   0x00000002   PAD
    0x00001dc8   0x00001dc8   0x0000003e   Code   RO          121    .text.lcdRead       open1768_lcd.o
    0x00001e06   0x00001e06   0x00000002   PAD
    0x00001e08   0x00001e08   0x00000032   Code   RO          127    .text.lcdReadData   open1768_lcd.o
    0x00001e3a   0x00001e3a   0x00000002   PAD
    0x00001e3c   0x00001e3c   0x0000000e   Code   RO          131    .text.lcdReadReg    open1768_lcd.o
    0x00001e4a   0x00001e4a   0x00000002   PAD
    0x00001e4c   0x00001e4c   0x0000002c   Code   RO          117    .text.lcdSend       open1768_lcd.o
    0x00001e78   0x00001e78   0x0000002c   Code   RO          125    .text.lcdWriteData  open1768_lcd.o
    0x00001ea4   0x00001ea4   0x00000038   Code   RO          123    .text.lcdWriteIndex  open1768_lcd.o
    0x00001edc   0x00001edc   0x00000012   Code   RO          129    .text.lcdWriteReg   open1768_lcd.o
    0x00001eee   0x00001eee   0x00000002   PAD
    0x00001ef0   0x00001ef0   0x00000164   Code   RO           20    .text.main          main.o
    0x00002054   0x00002054   0x00000078   Code   RO           16    .text.on_last_page  main.o
    0x000020cc   0x000020cc   0x00000046   Code   RO           69    .text.onewire_DS18B20_convert  onewire_ds18b20.o
    0x00002112   0x00002112   0x00000002   PAD
    0x00002114   0x00002114   0x00000024   Code   RO           73    .text.onewire_DS18B20_get_bits_resolution  onewire_ds18b20.o
    0x00002138   0x00002138   0x00000042   Code   RO           77    .text.onewire_DS18B20_get_celsius  onewire_ds18b20.o
    0x0000217a   0x0000217a   0x00000002   PAD
    0x0000217c   0x0000217c   0x0000002a   Code   RO           75    .text.onewire_DS18B20_get_precision  onewire_ds18b20.o
    0x000021a6   0x000021a6   0x00000002   PAD
    0x000021a8   0x000021a8   0x00000058   Code   RO           67    .text.onewire_DS18B20_read_scratchpad  onewire_ds18b20.o
    0x00002200   0x00002200   0x00000012   Code   RO           65    .text.onewire_DS18B20_setup  onewire_ds18b20.o
    0x00002212   0x00002212   0x00000002   PAD
    0x00002214   0x00002214   0x0000002e   Code   RO           63    .text.onewire_crc8  onewire_ds18b20.o
    0x00002242   0x00002242   0x00000002   PAD
    0x00002244   0x00002244   0x0000001e   Code   RO           53    .text.onewire_read  onewire_ds18b20.o
    0x00002262   0x00002262   0x00000002   PAD
    0x00002264   0x00002264   0x00000036   Code   RO           49    .text.onewire_read_bit  onewire_ds18b20.o
    0x0000229a   0x0000229a   0x00000002   PAD
    0x0000229c   0x0000229c   0x0000003e   Code   RO           45    .text.onewire_reset  onewire_ds18b20.o
    0x000022da   0x000022da   0x00000002   PAD
    0x000022dc   0x000022dc   0x0000002e   Code   RO           59    .text.onewire_reset_search  onewire_ds18b20.o
    0x0000230a   0x0000230a   0x00000002   PAD
    0x0000230c   0x0000230c   0x0000012e   Code   RO           61    .text.onewire_search  onewire_ds18b20.o
    0x0000243a   0x0000243a   0x00000002   PAD
    0x0000243c   0x0000243c   0x0000001a   Code   RO           55    .text.onewire_select  onewire_ds18b20.o
    0x00002456   0x00002456   0x00000002   PAD
    0x00002458   0x00002458   0x0000001e   Code   RO           43    .text.onewire_setup  onewire_ds18b20.o
    0x00002476   0x00002476   0x00000002   PAD
    0x00002478   0x00002478   0x00000006   Code   RO           57    .text.onewire_skip  onewire_ds18b20.o
    0x0000247e   0x0000247e   0x00000002   PAD
    0x00002480   0x00002480   0x0000001c   Code   RO           51    .text.onewire_write  onewire_ds18b20.o
    0x0000249c   0x0000249c   0x00000044   Code   RO           47    .text.onewire_write_bit  onewire_ds18b20.o
    0x000024e0   0x000024e0   0x00000074   Code   RO           12    .text.prompt_error_device  main.o
    0x00002554   0x00002554   0x00000014   Code   RO           10    .text.prompt_no_devices  main.o
    0x00002568   0x00002568   0x00000104   Code   RO           14    .text.prompt_pages  main.o
    0x0000266c   0x0000266c   0x00000012   Code   RO          119    .text.wait_delay    open1768_lcd.o
    0x0000267e   0x0000267e   0x0000003e   Code   RO          546    CL$$btod_d2e        c_w.l(btod.o)
    0x000026bc   0x000026bc   0x00000046   Code   RO          548    CL$$btod_d2e_denorm_low  c_w.l(btod.o)
    0x00002702   0x00002702   0x00000060   Code   RO          547    CL$$btod_d2e_norm_op1  c_w.l(btod.o)
    0x00002762   0x00002762   0x00000338   Code   RO          556    CL$$btod_div_common  c_w.l(btod.o)
    0x00002a9a   0x00002a9a   0x000000dc   Code   RO          553    CL$$btod_e2e        c_w.l(btod.o)
    0x00002b76   0x00002b76   0x0000002a   Code   RO          550    CL$$btod_ediv       c_w.l(btod.o)
    0x00002ba0   0x00002ba0   0x0000002a   Code   RO          549    CL$$btod_emul       c_w.l(btod.o)
    0x00002bca   0x00002bca   0x00000244   Code   RO          555    CL$$btod_mult_common  c_w.l(btod.o)
    0x00002e0e   0x00002e0e   0x00000028   Code   RO          575    i.__ARM_fpclassify  m_ws.l(fpclassify.o)
    0x00002e36   0x00002e36   0x0000000e   Code   RO          422    i._is_digit         c_w.l(__printf_wp.o)
    0x00002e44   0x00002e44   0x0000002c   Code   RO          571    locale$$code        c_w.l(lc_numeric_c.o)
    0x00002e70   0x00002e70   0x0000002c   Code   RO          585    locale$$code        c_w.l(lc_ctype_c.o)
    0x00002e9c   0x00002e9c   0x0000002e   Code   RO          460    x$fpl$dflt          fz_ws.l(dflt_clz.o)
    0x00002eca   0x00002eca   0x0000000c   Code   RO          506    x$fpl$dretinf       fz_ws.l(dretinf.o)
    0x00002ed6   0x00002ed6   0x00000002   PAD
    0x00002ed8   0x00002ed8   0x00000056   Code   RO          467    x$fpl$f2d           fz_ws.l(f2d.o)
    0x00002f2e   0x00002f2e   0x00000002   PAD
    0x00002f30   0x00002f30   0x00000030   Code   RO          470    x$fpl$fflt          fz_ws.l(fflt_clz.o)
    0x00002f60   0x00002f60   0x00000102   Code   RO          475    x$fpl$fmul          fz_ws.l(fmul.o)
    0x00003062   0x00003062   0x0000008c   Code   RO          508    x$fpl$fnaninf       fz_ws.l(fnaninf.o)
    0x000030ee   0x000030ee   0x0000000a   Code   RO          510    x$fpl$fretinf       fz_ws.l(fretinf.o)
    0x000030f8   0x000030f8   0x00000004   Code   RO          477    x$fpl$printf1       fz_ws.l(printf1.o)
    0x000030fc   0x000030fc   0x00000000   Code   RO          512    x$fpl$usenofp       fz_ws.l(usenofp.o)
    0x000030fc   0x000030fc   0x00000008   Data   RO          383    .constdata          c_w.l(_printf_wctomb.o)
    0x00003104   0x00003104   0x00000028   Data   RO          395    .constdata          c_w.l(_printf_hex_int.o)
    0x0000312c   0x0000312c   0x00000011   Data   RO          430    .constdata          c_w.l(__printf_flags_ss_wp.o)
    0x0000313d   0x0000313d   0x00000003   PAD
    0x00003140   0x00003140   0x00000094   Data   RO          544    .constdata          c_w.l(bigflt0.o)
    0x000031d4   0x000031d4   0x0000000c   Data   RO           92    .rodata..Lswitch.table.onewire_DS18B20_get_precision  onewire_ds18b20.o
    0x000031e0   0x000031e0   0x00000600   Data   RO          186    .rodata.AsciiLib_8X16_System  asciilib.o
    0x000037e0   0x000037e0   0x00000020   Data   RO           87    .rodata.cst32       onewire_ds18b20.o
    0x00003800   0x00003800   0x00000038   Data   RO           22    .rodata.str1.1      main.o
    0x00003838   0x00003838   0x00000030   Data   RO          734    Region$$Table       anon$$obj.o
    0x00003868   0x00003868   0x0000001c   Data   RO          570    locale$$data        c_w.l(lc_numeric_c.o)
    0x00003884   0x00003884   0x00000110   Data   RO          584    locale$$data        c_w.l(lc_ctype_c.o)


    Execution Region RW_IRAM1 (Exec base: 0x10000000, Load base: 0x00003994, Size: 0x00000c00, Max: 0x00008000, ABSOLUTE)

    Exec Addr    Load Addr    Size         Type   Attr      Idx    E Section Name        Object

    0x10000000        -       0x00000c00   Zero   RW          245    .bss.MEM            mem.o


    Execution Region RW_IRAM2 (Exec base: 0x2007c000, Load base: 0x00003998, Size: 0x000003b8, Max: 0x00008000, ABSOLUTE)

    Exec Addr    Load Addr    Size         Type   Attr      Idx    E Section Name        Object

    0x2007c000   0x00003998   0x00000002   Data   RW           89    .data.DS18B20__conversionTime  onewire_ds18b20.o
    0x2007c002   0x0000399a   0x00000002   PAD
    0x2007c004   0x0000399c   0x00000004   Data   RW          352    .data.SystemCoreClock  system_lpc17xx.o
    0x2007c008   0x000039a0   0x00000020   Data   RW           91    .data.presisions    onewire_ds18b20.o
    0x2007c028        -       0x00000060   Zero   RW          578    .bss                c_w.l(libspace.o)
    0x2007c088        -       0x00000004   Zero   RW          290    .bss.Channel_active  gpdma_lpc17xx.o
    0x2007c08c        -       0x000000a0   Zero   RW          289    .bss.Channel_info   gpdma_lpc17xx.o
    0x2007c12c        -       0x00000009   Zero   RW           90    .bss.DS18B20__data  onewire_ds18b20.o
    0x2007c135        -       0x00000001   Zero   RW           88    .bss.DS18B20__presence  onewire_ds18b20.o
    0x2007c136        -       0x00000001   Zero   RW           84    .bss.LastDeviceFlag  onewire_ds18b20.o
    0x2007c137        -       0x00000001   Zero   RW           83    .bss.LastDiscrepancy  onewire_ds18b20.o
    0x2007c138        -       0x00000001   Zero   RW           85    .bss.LastFamilyDiscrepancy  onewire_ds18b20.o
    0x2007c139   0x000039c0   0x00000007   PAD
    0x2007c140        -       0x00000008   Zero   RW           86    .bss.ROM_NO         onewire_ds18b20.o
    0x2007c148        -       0x00000018   Zero   RW          173    .bss.buf            global_embed.o
    0x2007c160        -       0x0000000a   Zero   RW           27    .bss.buf_f          main.o
    0x2007c16a   0x000039c0   0x00000002   PAD
    0x2007c16c        -       0x00000004   Zero   RW          246    .bss.current        mem.o
    0x2007c170        -       0x00000004   Zero   RW           24    .bss.error_device   main.o
    0x2007c174        -       0x00000004   Zero   RW          248    .bss.head           mem.o
    0x2007c178        -       0x00000019   Zero   RW           28    .bss.history_fixup  main.o
    0x2007c191   0x000039c0   0x00000003   PAD
    0x2007c194        -       0x00000004   Zero   RW          249    .bss.idx            mem.o
    0x2007c198        -       0x00000004   Zero   RW           23    .bss.last_mem_size  main.o
    0x2007c19c        -       0x00000008   Zero   RW           25    .bss.layout_buf     main.o
    0x2007c1a4        -       0x00000004   Zero   RW          247    .bss.prev           mem.o
    0x2007c1a8        -       0x00000004   Zero   RW          250    .bss.size           mem.o
    0x2007c1ac        -       0x00000004   Zero   RW           26    .bss.ui_line        main.o
    0x2007c1b0        -       0x00000004   Zero   RW          172    .bss.usTicks        global_embed.o
    0x2007c1b4   0x000039c0   0x00000004   PAD
    0x2007c1b8        -       0x00000000   Zero   RW          336    HEAP                startup_lpc17xx.o
    0x2007c1b8        -       0x00000200   Zero   RW          335    STACK               startup_lpc17xx.o


==============================================================================

Image component sizes


      Code (inc. data)   RO Data    RW Data    ZI Data      Debug   Object Name

        62          0       1536          0          0        639   asciilib.o
       456         56          0          0         28       5109   global_embed.o
       280          0          0          0        164       6970   gpdma_lpc17xx.o
        54          0          0          0          0       3804   gpio_lpc17xx.o
       532         60          0          0          0       3189   lcd.o
       440          0          0          0          0        757   lcd_ili9325.o
      1856        302         56          0         55       4261   main.o
       284          0          0          0       3092       2209   mem.o
      1018          0         44         34         21       5358   onewire_ds18b20.o
       344          0          0          0          0       3348   open1768_lcd.o
       126          0          0          0          0       2328   pin_lpc17xx.o
        64         26        204          0        512       1040   startup_lpc17xx.o
       204          0          0          4          0       2085   system_lpc17xx.o

    ----------------------------------------------------------------------
      5778        444       1888         40       3888      41097   Object Totals
         0          0         48          0          0          0   (incl. Generated)
        58          0          0          2         16          0   (incl. Padding)

    ----------------------------------------------------------------------

      Code (inc. data)   RO Data    RW Data    ZI Data      Debug   Library Member Name

         8          0          0          0          0         68   __main.o
       392          4         17          0          0         92   __printf_flags_ss_wp.o
        14          0          0          0          0         68   __printf_wp.o
         0          0          0          0          0          0   __rtentry.o
        12          0          0          0          0          0   __rtentry2.o
         6          0          0          0          0          0   __rtentry4.o
        52          8          0          0          0          0   __scatter.o
        26          0          0          0          0          0   __scatter_copy.o
        28          0          0          0          0          0   __scatter_zi.o
        72          0          0          0          0         96   _c16rtomb.o
         6          0          0          0          0          0   _printf_c.o
        44          0          0          0          0        108   _printf_char.o
        48          6          0          0          0         96   _printf_char_common.o
         6          0          0          0          0          0   _printf_d.o
       120         16          0          0          0         92   _printf_dec.o
         6          0          0          0          0          0   _printf_f.o
      1052          0          0          0          0        148   _printf_fp_dec.o
       128         16          0          0          0         84   _printf_fp_infnan.o
        88          4         40          0          0         88   _printf_hex_int.o
         6          0          0          0          0          0   _printf_i.o
       178          0          0          0          0         88   _printf_intcommon.o
        10          0          0          0          0          0   _printf_l.o
         6          0          0          0          0          0   _printf_lc.o
         6          0          0          0          0          0   _printf_o.o
        84         10          0          0          0         88   _printf_oct_int.o
        78          0          0          0          0        108   _printf_pad.o
         0          0          0          0          0          0   _printf_percent.o
         4          0          0          0          0          0   _printf_percent_end.o
        82          0          0          0          0         80   _printf_str.o
        36          0          0          0          0         84   _printf_truncate.o
         6          0          0          0          0          0   _printf_u.o
        44          0          0          0          0        108   _printf_wchar.o
       188          6          8          0          0         92   _printf_wctomb.o
         6          0          0          0          0          0   _printf_x.o
        16          0          0          0          0         68   _snputc.o
        10          0          0          0          0         68   _sputc.o
       228          4        148          0          0         96   bigflt0.o
      1936        128          0          0          0        672   btod.o
        18          0          0          0          0         80   exit.o
         6          0          0          0          0        152   heapauxi.o
         0          0          0          0          0          0   indicate_semi.o
        44         10        272          0          0         76   lc_ctype_c.o
        44         10         28          0          0         76   lc_numeric_c.o
         2          0          0          0          0          0   libinit.o
        30          0          0          0          0          0   libinit2.o
         2          0          0          0          0          0   libshutdown.o
         2          0          0          0          0          0   libshutdown2.o
         8          4          0          0         96         68   libspace.o
       138          0          0          0          0         80   lludiv10.o
        88          0          0          0          0         76   memcmp.o
        52          4          0          0          0         84   noretval__2snprintf.o
        40          6          0          0          0         84   noretval__2sprintf.o
        16          4          0          0          0         76   rt_ctype_table.o
         8          4          0          0          0         68   rt_locale_intlibspace.o
        78          0          0          0          0         80   rt_memclr_w.o
         2          0          0          0          0          0   rtexit.o
        10          0          0          0          0          0   rtexit2.o
       128          0          0          0          0         68   strcmpv7m.o
        62          0          0          0          0         76   strlen.o
        12          4          0          0          0         68   sys_exit.o
        74          0          0          0          0         80   sys_stackheap_outer.o
         2          0          0          0          0         68   use_no_semi.o
        46          0          0          0          0         68   dflt_clz.o
        12          0          0          0          0         68   dretinf.o
        86          4          0          0          0         84   f2d.o
        48          0          0          0          0         68   fflt_clz.o
       258          4          0          0          0         84   fmul.o
       140          4          0          0          0         84   fnaninf.o
        10          0          0          0          0         68   fretinf.o
         4          0          0          0          0         68   printf1.o
         0          0          0          0          0          0   usenofp.o
        40          0          0          0          0         68   fpclassify.o

    ----------------------------------------------------------------------
      6558        260        516          0         96       4512   Library Totals
        16          0          3          0          0          0   (incl. Padding)

    ----------------------------------------------------------------------

      Code (inc. data)   RO Data    RW Data    ZI Data      Debug   Library Name

      5898        248        513          0         96       3852   c_w.l
       604         12          0          0          0        592   fz_ws.l
        40          0          0          0          0         68   m_ws.l

    ----------------------------------------------------------------------
      6558        260        516          0         96       4512   Library Totals

    ----------------------------------------------------------------------

==============================================================================


      Code (inc. data)   RO Data    RW Data    ZI Data      Debug   

     12336        704       2404         40       3984      42881   Grand Totals
     12336        704       2404         40       3984      42881   ELF Image Totals
     12336        704       2404         40          0          0   ROM Totals

==============================================================================

    Total RO  Size (Code + RO Data)                14740 (  14.39kB)
    Total RW  Size (RW Data + ZI Data)              4024 (   3.93kB)
    Total ROM Size (Code + RO Data + RW Data)      14780 (  14.43kB)

==============================================================================

