<html>
<body>
<pre>
<h1>µVision Build Log</h1>
<h2>Tool Versions:</h2>
IDE-Version: µVision V5.27.0.0
Copyright (C) 2018 ARM Ltd and ARM Germany GmbH. All rights reserved.
License Information: Andrzej Skoczeñ AGH Flex license: MDK-ARM Professional (mdk_pro) Operation stops: 8 Aug 2026
 
Tool Versions:
Toolchain:       MDK-ARM Professional  Version: 5.27.0.0
Toolchain Path:  C:\Keil_v5\ARM\ARMCC\Bin
C Compiler:      Armcc.exe V5.06 update 6 (build 750)
Assembler:       Armasm.exe V5.06 update 6 (build 750)
Linker/Locator:  ArmLink.exe V5.06 update 6 (build 750)
Library Manager: ArmAr.exe V5.06 update 6 (build 750)
Hex Converter:   FromElf.exe V5.06 update 6 (build 750)
CPU DLL:         SARMCM3.DLL V5.27.0.0
Dialog DLL:      DCM.DLL V1.17.2.0
Target DLL:      UL2CM3.DLL V1.162.7.0
Dialog DLL:      TCM.DLL V1.36.1.0
 
<h2>Project:</h2>
D:\systemy wbudowane\2024-11-20\lab3.uvprojx
Project File Date:  11/20/2024

<h2>Output:</h2>
*** Using Compiler 'V5.06 update 6 (build 750)', folder: 'C:\Keil_v5\ARM\ARMCC\Bin'
Build target 'Target 1'
compiling main.c...
main.c(90): warning:  #61-D: integer operation result is out of range
  	(0b1 << 31) // 1 - przerwania wlaczone
main.c(80): warning:  #144-D: a value of type "uint8_t *" cannot be used to initialize an entity of type "volatile uint32_t"
  	&diody[0],
main.c(81): warning:  #144-D: a value of type "volatile uint8_t *" cannot be used to initialize an entity of type "volatile uint32_t"
  	&LPC_GPIO2->FIOPIN0,
main.c(82): warning:  #144-D: a value of type "struct <unnamed> *" cannot be used to initialize an entity of type "volatile uint32_t"
  	&DMA_LLI_zapetlone_diody,
main.c(105): warning:  #513-D: a value of type "uint8_t *" cannot be assigned to an entity of type "uint32_t"
  	LPC_GPDMACH0->DMACCSrcAddr = &diody[0];
main.c(106): warning:  #513-D: a value of type "volatile uint8_t *" cannot be assigned to an entity of type "uint32_t"
  	LPC_GPDMACH0->DMACCDestAddr = &LPC_GPIO2->FIOPIN0;
main.c(107): warning:  #513-D: a value of type "struct <unnamed> *" cannot be assigned to an entity of type "uint32_t"
  	LPC_GPDMACH0->DMACCLLI = &DMA_LLI_zapetlone_diody;
main.c(120): warning:  #61-D: integer operation result is out of range
  	(0b1 << 31); // 1 - przerwania wlaczone
main.c: 8 warnings, 0 errors
linking...
Program Size: Code=2872 RO-data=252 RW-data=32 ZI-data=608  
".\Objects\lab3.axf" - 0 Error(s), 8 Warning(s).

<h2>Software Packages used:</h2>

Package Vendor: ARM
                http://www.keil.com/pack/ARM.CMSIS.5.5.1.pack
                ARM.CMSIS.5.5.1
                CMSIS (Cortex Microcontroller Software Interface Standard)
   * Component: CORE Version: 5.2.0

Package Vendor: Keil
                http://www.keil.com/pack/Keil.LPC1700_DFP.2.6.1.pack
                Keil.LPC1700_DFP.2.6.1
                NXP LPC1700 Series Device Support, Drivers and Examples for MCB1700, Open1768 and LPC1788-32
   * Component: LED Version: 1.0.0
   * Component: GPIO Version: 1.1.0
   * Component: PIN Version: 1.0.0
   * Component: Startup Version: 1.0.0

Package Vendor: Keil
                http://www.keil.com/pack/Keil.MDK-Middleware.7.8.0.pack
                Keil.MDK-Middleware.7.8.0
                Middleware for Keil MDK-Professional and MDK-Plus
   * Component: LED Version: 1.0.0

<h2>Collection of Component include folders:</h2>
  .\RTE\Device\LPC1768
  .\RTE\_Target_1
  C:\Keil_v5\ARM\PACK\ARM\CMSIS\5.5.1\CMSIS\Core\Include
  C:\Keil_v5\ARM\PACK\Keil\LPC1700_DFP\2.6.1\Device\Include
  C:\Keil_v5\ARM\PACK\Keil\LPC1700_DFP\2.6.1\RTE_Driver
  C:\Keil_v5\ARM\PACK\Keil\MDK-Middleware\7.8.0\Board

<h2>Collection of Component Files used:</h2>

   * Component: ::Board Support:LED:1.0.0 (API)
      Include file:  Board\Board_LED.h

   * Component: ARM::CMSIS:CORE:5.2.0

   * Component: Keil.Open1768::Board Support:LED:1.0.0
      Source file:   Boards\Waveshare\Open1768\Common\LED_Open1768.c

   * Component: Keil::Device:GPIO:1.1.0
      Include file:  RTE_Driver\GPIO_LPC17xx.h
      Source file:   RTE_Driver\GPIO_LPC17xx.c

   * Component: Keil::Device:PIN:1.0.0
      Source file:   RTE_Driver\PIN_LPC17xx.c
      Include file:  RTE_Driver\PIN_LPC17xx.h

   * Component: Keil::Device:Startup:1.0.0
      Include file:  Device\Include\LPC17xx.h
      Source file:   Device\Source\ARM\startup_LPC17xx.s
      Include file:  RTE_Driver\Config\RTE_Device.h
      Source file:   Device\Source\system_LPC17xx.c
Build Time Elapsed:  00:00:00
</pre>
</body>
</html>
